******************************************************************************
                  TI ARM Linker PC v20.2.5                     
******************************************************************************
>> Linked Sat Jul 23 21:47:57 2022

OUTPUT FILE NAME:   <TEMPO_TEMPERATURA.out>
ENTRY POINT SYMBOL: "_c_int00_noargs"  address: 00002241


MEMORY CONFIGURATION

         name            origin    length      used     unused   attr    fill
----------------------  --------  ---------  --------  --------  ----  --------
  FLASH                 00000000   00040000  00002d86  0003d27a  R  X
  SRAM                  20000000   00008000  000005e8  00007a18  RW X


SEGMENT ALLOCATION MAP

run origin  load origin   length   init length attrs members
----------  ----------- ---------- ----------- ----- -------
00000000    00000000    00002d88   00002d88    r-x
  00000000    00000000    0000026c   0000026c    r-- .intvecs
  0000026c    0000026c    00002188   00002188    r-x .text
  000023f4    000023f4    000008fa   000008fa    r-- .const
  00002cf0    00002cf0    00000098   00000098    r-- .cinit
20000000    20000000    000005ec   00000000    rw-
  20000000    20000000    0000032c   00000000    rw- .bss
  20000330    20000330    00000200   00000000    rw- .stack
  20000530    20000530    000000bc   00000000    rw- .data


SECTION ALLOCATION MAP

 output                                  attributes/
section   page    origin      length       input sections
--------  ----  ----------  ----------   ----------------
.intvecs   0    00000000    0000026c     
                  00000000    0000026c     tm4c1231h6pm_startup_ccs.obj (.intvecs)

.text      0    0000026c    00002188     
                  0000026c    00000ad4     Nokia5110.obj (.text)
                  00000d40    00000690     main.obj (.text)
                  000013d0    000002a0     rtsv7M4_T_le_v4SPD16_eabi.lib : mktime.c.obj (.text:__mktime32)
                  00001670    000001b6                                   : fd_add_t2.asm.obj (.text)
                  00001826    00000136                                   : fd_div_t2.asm.obj (.text)
                  0000195c    00000134                                   : localtim.c.obj (.text:__localtime32)
                  00001a90    00000110     driverlib.lib : sysctl.obj (.text:SysCtlClockGet)
                  00001ba0    000000f4                   : sysctl.obj (.text:SysCtlClockSet)
                  00001c94    0000009c     rtsv7M4_T_le_v4SPD16_eabi.lib : memcpy_t2.asm.obj (.text)
                  00001d30    00000096                                   : ull_div_t2.asm.obj (.text)
                  00001dc6    0000007a     driverlib.lib : adc.obj (.text:ADCSequenceStepConfigure)
                  00001e40    0000006e     rtsv7M4_T_le_v4SPD16_eabi.lib : fd_tos_t2.asm.obj (.text)
                  00001eae    0000006e                                   : ll_div_t2.asm.obj (.text)
                  00001f1c    00000068     driverlib.lib : interrupt.obj (.text:IntEnable)
                  00001f84    00000068     rtsv7M4_T_le_v4SPD16_eabi.lib : copy_decompress_lzss.c.obj (.text:decompress:lzss:__TI_decompress_lzss)
                  00001fec    00000060     driverlib.lib : timer.obj (.text:TimerConfigure)
                  0000204c    00000050                   : adc.obj (.text:ADCSequenceConfigure)
                  0000209c    00000048     rtsv7M4_T_le_v4SPD16_eabi.lib : hosttime.c.obj (.text:HOSTtime)
                  000020e4    00000044                                   : autoinit.c.obj (.text:__TI_auto_init_nobinit_nopinit:__TI_auto_init_nobinit_nopinit)
                  00002128    00000040                                   : u_divt2.asm.obj (.text)
                  00002168    00000038                                   : trgmsg.c.obj (.text:__TI_writemsg)
                  000021a0    00000038                                   : fs_tod_t2.asm.obj (.text)
                  000021d8    00000034     driverlib.lib : sysctl.obj (.text:SysCtlPeripheralEnable)
                  0000220c    00000034     rtsv7M4_T_le_v4SPD16_eabi.lib : trgmsg.c.obj (.text:__TI_readmsg)
                  00002240    00000034                                   : boot_cortex_m.c.obj (.text:_c_int00_noargs:_c_int00_noargs)
                  00002274    0000002e     driverlib.lib : adc.obj (.text:ADCIntStatus)
                  000022a2    00000002     rtsv7M4_T_le_v4SPD16_eabi.lib : _lock.c.obj (.text:_nop)
                  000022a4    0000002c     driverlib.lib : hibernate.obj (.text:HibernateRTCSet)
                  000022d0    0000001e                   : adc.obj (.text:ADCSequenceDataGet)
                  000022ee    0000001c     rtsv7M4_T_le_v4SPD16_eabi.lib : copy_zero_init.c.obj (.text:decompress:ZI:__TI_zero_init_nomemset:__TI_zero_init_nomemset)
                  0000230a    00000018     driverlib.lib : adc.obj (.text:ADCProcessorTrigger)
                  00002322    00000002     rtsv7M4_T_le_v4SPD16_eabi.lib : div0.asm.obj (.text)
                  00002324    00000014     driverlib.lib : hibernate.obj (.text:HibernateEnableExpClk)
                  00002338    00000014                   : hibernate.obj (.text:HibernateRTCEnable)
                  0000234c    00000012                   : timer.obj (.text:TimerLoadSet)
                  0000235e    00000010                   : interrupt.obj (.text:IntMasterEnable)
                  0000236e    00000002     --HOLE-- [fill = 0]
                  00002370    00000010                   : hibernate.obj (.text:_HibernateWriteComplete)
                  00002380    0000000e                   : adc.obj (.text:ADCSequenceEnable)
                  0000238e    0000000e                   : timer.obj (.text:TimerEnable)
                  0000239c    0000000e     rtsv7M4_T_le_v4SPD16_eabi.lib : time.c.obj (.text:__time32)
                  000023aa    0000000e                                   : copy_decompress_none.c.obj (.text:decompress:none:__TI_decompress_none)
                  000023b8    0000000c     driverlib.lib : cpu.obj (.text:CPUcpsie)
                  000023c4    0000000c     tm4c1231h6pm_startup_ccs.obj (.text)
                  000023d0    0000000a     driverlib.lib : adc.obj (.text:ADCIntClear)
                  000023da    00000008                   : timer.obj (.text:TimerIntEnable)
                  000023e2    00000006                   : sysctl.obj (.text:SysCtlDelay)
                  000023e8    00000004                   : timer.obj (.text:TimerIntClear)
                  000023ec    00000004     rtsv7M4_T_le_v4SPD16_eabi.lib : pre_init.c.obj (.text:_system_pre_init)
                  000023f0    00000004                                   : exit.c.obj (.text:abort:abort)

.const     0    000023f4    000008fa     
                  000023f4    000001f8     main.obj (.const:.string:tempo1)
                  000025ec    000001e0     Nokia5110.obj (.const:ASCII)
                  000027cc    00000070     Nokia5110.obj (.const:.string:$P$T0$1)
                  0000283c    00000070     driverlib.lib : interrupt.obj (.const)
                  000028ac    0000006c                   : sysctl.obj (.const:g_pui32Xtals)
                  00002918    00000060     rtsv7M4_T_le_v4SPD16_eabi.lib : mktime.c.obj (.const:$O1$$)
                  00002978    0000003c     main.obj (.const:.string:eight_big)
                  000029b4    0000003c     main.obj (.const:.string:five_big)
                  000029f0    0000003c     main.obj (.const:.string:four_big)
                  00002a2c    0000003c     main.obj (.const:.string:nine_big)
                  00002a68    0000003c     main.obj (.const:.string:one_big)
                  00002aa4    0000003c     main.obj (.const:.string:seven_big)
                  00002ae0    0000003c     main.obj (.const:.string:six_big)
                  00002b1c    0000003c     main.obj (.const:.string:three_big)
                  00002b58    0000003c     main.obj (.const:.string:two_big)
                  00002b94    0000003c     main.obj (.const:.string:zero_big)
                  00002bd0    00000028     main.obj (.const:.string:high)
                  00002bf8    00000028     main.obj (.const:.string:low)
                  00002c20    00000028     main.obj (.const:.string:medium)
                  00002c48    00000028     main.obj (.const:.string:very_high)
                  00002c70    00000028     main.obj (.const:.string:very_low)
                  00002c98    00000010     main.obj (.const:.string:virgula)
                  00002ca8    0000000f     main.obj (.const:.string:tempe)
                  00002cb7    0000000b     main.obj (.const:.string:celsius)
                  00002cc2    00000008     Nokia5110.obj (.const:.string:Masks)
                  00002cca    00000003     main.obj (.const:.string:eight_small)
                  00002ccd    00000003     main.obj (.const:.string:five_small)
                  00002cd0    00000003     main.obj (.const:.string:four_small)
                  00002cd3    00000003     main.obj (.const:.string:nine_small)
                  00002cd6    00000003     main.obj (.const:.string:one_point)
                  00002cd9    00000003     main.obj (.const:.string:one_small)
                  00002cdc    00000003     main.obj (.const:.string:seven_small)
                  00002cdf    00000003     main.obj (.const:.string:six_small)
                  00002ce2    00000003     main.obj (.const:.string:three_small)
                  00002ce5    00000003     main.obj (.const:.string:two_point)
                  00002ce8    00000003     main.obj (.const:.string:two_small)
                  00002ceb    00000003     main.obj (.const:.string:zero_small)

.cinit     0    00002cf0    00000098     
                  00002cf0    0000006e     (.cinit..data.load) [load image, compression = lzss]
                  00002d5e    00000002     --HOLE-- [fill = 0]
                  00002d60    0000000c     (__TI_handler_table)
                  00002d6c    00000004     --HOLE-- [fill = 0]
                  00002d70    00000008     (.cinit..bss.load) [load image, compression = zero_init]
                  00002d78    00000010     (__TI_cinit_table)

.init_array 
*          0    00000000    00000000     UNINITIALIZED

.bss       0    20000000    0000032c     UNINITIALIZED
                  20000000    000001f8     (.common:Screen)
                  200001f8    00000120     rtsv7M4_T_le_v4SPD16_eabi.lib : trgmsg.c.obj (.bss:_CIOBUF_)
                  20000318    00000008     (.common:parmbuf)
                  20000320    00000004     (.common:aux)
                  20000324    00000004     (.common:first_t)
                  20000328    00000004     (.common:temperature2)

.data      0    20000530    000000bc     UNINITIALIZED
                  20000530    0000002d     main.obj (.data)
                  2000055d    00000003     --HOLE--
                  20000560    00000028     main.obj (.data:num_big)
                  20000588    00000028     main.obj (.data:num_small)
                  200005b0    00000024     rtsv7M4_T_le_v4SPD16_eabi.lib : localtim.c.obj (.data:local_tm)
                  200005d4    00000010                                   : tmzone.c.obj (.data:_tz)
                  200005e4    00000008                                   : _lock.c.obj (.data:$O1$$)

.stack     0    20000330    00000200     UNINITIALIZED
                  20000330    00000004     rtsv7M4_T_le_v4SPD16_eabi.lib : boot_cortex_m.c.obj (.stack)
                  20000334    000001fc     --HOLE--

__llvm_prf_cnts 
*          0    20000000    00000000     UNINITIALIZED

MODULE SUMMARY

       Module                         code   ro data   rw data
       ------                         ----   -------   -------
    .\
       Nokia5110.obj                  2772   600       504    
       main.obj                       1680   1382      137    
       tm4c1231h6pm_startup_ccs.obj   12     620       0      
    +--+------------------------------+------+---------+---------+
       Total:                         4464   2602      641    
                                                              
    C:/ti/ccs1120/TivaWare_C_Series-2.1.4.178/driverlib/ccs/Debug/driverlib.lib
       sysctl.obj                     574    108       0      
       adc.obj                        326    0         0      
       interrupt.obj                  120    112       0      
       timer.obj                      140    0         0      
       hibernate.obj                  100    0         0      
       cpu.obj                        12     0         0      
    +--+------------------------------+------+---------+---------+
       Total:                         1272   220       0      
                                                              
    C:\ti\ccs1120\ccs\tools\compiler\ti-cgt-arm_20.2.5.LTS\lib\rtsv7M4_T_le_v4SPD16_eabi.lib
       mktime.c.obj                   672    96        0      
       fd_add_t2.asm.obj              438    0         0      
       trgmsg.c.obj                   108    0         288    
       localtim.c.obj                 308    0         36     
       fd_div_t2.asm.obj              310    0         0      
       memcpy_t2.asm.obj              156    0         0      
       ull_div_t2.asm.obj             150    0         0      
       fd_tos_t2.asm.obj              110    0         0      
       ll_div_t2.asm.obj              110    0         0      
       copy_decompress_lzss.c.obj     104    0         0      
       hosttime.c.obj                 72     0         0      
       autoinit.c.obj                 68     0         0      
       u_divt2.asm.obj                64     0         0      
       fs_tod_t2.asm.obj              56     0         0      
       boot_cortex_m.c.obj            52     0         0      
       copy_zero_init.c.obj           28     0         0      
       tmzone.c.obj                   0      0         16     
       copy_decompress_none.c.obj     14     0         0      
       time.c.obj                     14     0         0      
       _lock.c.obj                    2      0         8      
       hostopen.c.obj                 0      0         8      
       exit.c.obj                     4      0         0      
       pre_init.c.obj                 4      0         0      
       div0.asm.obj                   2      0         0      
    +--+------------------------------+------+---------+---------+
       Total:                         2846   96        356    
                                                              
       Stack:                         0      0         512    
       Linker Generated:              0      146       0      
    +--+------------------------------+------+---------+---------+
       Grand Total:                   8582   3064      1509   


LINKER GENERATED COPY TABLES

__TI_cinit_table @ 00002d78 records: 2, size/record: 8, table size: 16
	.data: load addr=00002cf0, load size=0000006e bytes, run addr=20000530, run size=000000bc bytes, compression=lzss
	.bss: load addr=00002d70, load size=00000008 bytes, run addr=20000000, run size=0000032c bytes, compression=zero_init


LINKER GENERATED HANDLER TABLE

__TI_handler_table @ 00002d60 records: 3, size/record: 4, table size: 12
	index: 0, handler: __TI_decompress_lzss
	index: 1, handler: __TI_decompress_none
	index: 2, handler: __TI_zero_init


GLOBAL SYMBOLS: SORTED ALPHABETICALLY BY Name 

address   name                          
-------   ----                          
000023d1  ADCIntClear                   
00002275  ADCIntStatus                  
0000230b  ADCProcessorTrigger           
0000204d  ADCSequenceConfigure          
000022d1  ADCSequenceDataGet            
00002381  ADCSequenceEnable             
00001dc7  ADCSequenceStepConfigure      
000023f1  C$$EXIT                       
00002197  C$$IO$$                       
000023b9  CPUcpsie                      
0000209d  HOSTtime                      
00002325  HibernateEnableExpClk         
00002339  HibernateRTCEnable            
000022a5  HibernateRTCSet               
00001f1d  IntEnable                     
0000235f  IntMasterEnable               
00002cc2  Masks                         
000006b5  Nokia5110_Clear               
00000911  Nokia5110_ClearBuffer         
00000945  Nokia5110_ClrPxl              
0000093b  Nokia5110_DisplayBuffer       
000006e5  Nokia5110_DrawFullImage       
00000bbb  Nokia5110_DrawImage           
00000c05  Nokia5110_DrawImage_status    
000002db  Nokia5110_Init                
000003f5  Nokia5110_OutChar             
00000435  Nokia5110_OutString           
00000461  Nokia5110_OutUDec             
0000072d  Nokia5110_PrintBMP            
0000099d  Nokia5110_PrintBMP2           
00000665  Nokia5110_SetCursor           
00000977  Nokia5110_SetPxl              
00000a55  Nokia5110_SetPxl_status       
00000a81  Nokia5110_img                 
00000b21  Nokia5110_img_16              
000023c5  ResetISR                      
20000000  Screen                        
00001a91  SysCtlClockGet                
00001ba1  SysCtlClockSet                
000023e3  SysCtlDelay                   
000021d9  SysCtlPeripheralEnable        
0000131d  Timer1IntHandler              
00001fed  TimerConfigure                
0000238f  TimerEnable                   
000023e9  TimerIntClear                 
000023db  TimerIntEnable                
0000234d  TimerLoadSet                  
200001f8  __CIOBUF_                     
20000530  __STACK_END                   
00000200  __STACK_SIZE                  
20000530  __STACK_TOP                   
00002d78  __TI_CINIT_Base               
00002d88  __TI_CINIT_Limit              
00002d60  __TI_Handler_Table_Base       
00002d6c  __TI_Handler_Table_Limit      
000020e5  __TI_auto_init_nobinit_nopinit
00001f85  __TI_decompress_lzss          
000023ab  __TI_decompress_none          
ffffffff  __TI_pprof_out_hndl           
ffffffff  __TI_prof_data_size           
ffffffff  __TI_prof_data_start          
0000220d  __TI_readmsg                  
00000000  __TI_static_base__            
00002169  __TI_writemsg                 
000022ef  __TI_zero_init_nomemset       
00001e41  __aeabi_d2f                   
0000167b  __aeabi_dadd                  
00001827  __aeabi_ddiv                  
00001671  __aeabi_dsub                  
000021a1  __aeabi_f2d                   
00002323  __aeabi_idiv0                 
00002323  __aeabi_ldiv0                 
00001eaf  __aeabi_ldivmod               
00001c95  __aeabi_memcpy                
00001c95  __aeabi_memcpy4               
00001c95  __aeabi_memcpy8               
00002129  __aeabi_uidiv                 
00002129  __aeabi_uidivmod              
00001d31  __aeabi_uldivmod              
ffffffff  __binit__                     
ffffffff  __c_args__                    
0000195d  __localtime32                 
000013d1  __mktime32                    
UNDEFED   __mpu_init                    
20000330  __stack                       
20000000  __start___llvm_prf_cnts       
20000000  __stop___llvm_prf_cnts        
0000239d  __time32                      
00002241  _c_int00_noargs               
200005e4  _lock                         
000022a3  _nop                          
UNDEFED   _system_post_cinit            
000023ed  _system_pre_init              
200005d4  _tz                           
200005e8  _unlock                       
000023f1  abort                         
20000320  aux                           
20000534  aux2                          
20000530  auxiliar                      
ffffffff  binit                         
20000548  dia_mes                       
20000544  dia_semana                    
2000055c  first                         
20000324  first_t                       
00000000  g_pfnVectors                  
20000550  hora                          
20000558  i                             
0000195d  localtime                     
00001145  main                          
00000e99  media_temperatura             
00001c95  memcpy                        
2000054c  mes                           
20000554  minutos                       
000013d1  mktime                        
20000560  num_big                       
20000588  num_small                     
20000540  option                        
20000318  parmbuf                       
00000d41  temperatura                   
20000328  temperature2                  
20000538  tempmax                       
2000053c  tempmin                       
000023f4  tempo1                        
0000239d  time                          


GLOBAL SYMBOLS: SORTED BY Symbol Address 

address   name                          
-------   ----                          
00000000  __TI_static_base__            
00000000  g_pfnVectors                  
00000200  __STACK_SIZE                  
000002db  Nokia5110_Init                
000003f5  Nokia5110_OutChar             
00000435  Nokia5110_OutString           
00000461  Nokia5110_OutUDec             
00000665  Nokia5110_SetCursor           
000006b5  Nokia5110_Clear               
000006e5  Nokia5110_DrawFullImage       
0000072d  Nokia5110_PrintBMP            
00000911  Nokia5110_ClearBuffer         
0000093b  Nokia5110_DisplayBuffer       
00000945  Nokia5110_ClrPxl              
00000977  Nokia5110_SetPxl              
0000099d  Nokia5110_PrintBMP2           
00000a55  Nokia5110_SetPxl_status       
00000a81  Nokia5110_img                 
00000b21  Nokia5110_img_16              
00000bbb  Nokia5110_DrawImage           
00000c05  Nokia5110_DrawImage_status    
00000d41  temperatura                   
00000e99  media_temperatura             
00001145  main                          
0000131d  Timer1IntHandler              
000013d1  __mktime32                    
000013d1  mktime                        
00001671  __aeabi_dsub                  
0000167b  __aeabi_dadd                  
00001827  __aeabi_ddiv                  
0000195d  __localtime32                 
0000195d  localtime                     
00001a91  SysCtlClockGet                
00001ba1  SysCtlClockSet                
00001c95  __aeabi_memcpy                
00001c95  __aeabi_memcpy4               
00001c95  __aeabi_memcpy8               
00001c95  memcpy                        
00001d31  __aeabi_uldivmod              
00001dc7  ADCSequenceStepConfigure      
00001e41  __aeabi_d2f                   
00001eaf  __aeabi_ldivmod               
00001f1d  IntEnable                     
00001f85  __TI_decompress_lzss          
00001fed  TimerConfigure                
0000204d  ADCSequenceConfigure          
0000209d  HOSTtime                      
000020e5  __TI_auto_init_nobinit_nopinit
00002129  __aeabi_uidiv                 
00002129  __aeabi_uidivmod              
00002169  __TI_writemsg                 
00002197  C$$IO$$                       
000021a1  __aeabi_f2d                   
000021d9  SysCtlPeripheralEnable        
0000220d  __TI_readmsg                  
00002241  _c_int00_noargs               
00002275  ADCIntStatus                  
000022a3  _nop                          
000022a5  HibernateRTCSet               
000022d1  ADCSequenceDataGet            
000022ef  __TI_zero_init_nomemset       
0000230b  ADCProcessorTrigger           
00002323  __aeabi_idiv0                 
00002323  __aeabi_ldiv0                 
00002325  HibernateEnableExpClk         
00002339  HibernateRTCEnable            
0000234d  TimerLoadSet                  
0000235f  IntMasterEnable               
00002381  ADCSequenceEnable             
0000238f  TimerEnable                   
0000239d  __time32                      
0000239d  time                          
000023ab  __TI_decompress_none          
000023b9  CPUcpsie                      
000023c5  ResetISR                      
000023d1  ADCIntClear                   
000023db  TimerIntEnable                
000023e3  SysCtlDelay                   
000023e9  TimerIntClear                 
000023ed  _system_pre_init              
000023f1  C$$EXIT                       
000023f1  abort                         
000023f4  tempo1                        
00002cc2  Masks                         
00002d60  __TI_Handler_Table_Base       
00002d6c  __TI_Handler_Table_Limit      
00002d78  __TI_CINIT_Base               
00002d88  __TI_CINIT_Limit              
20000000  Screen                        
20000000  __start___llvm_prf_cnts       
20000000  __stop___llvm_prf_cnts        
200001f8  __CIOBUF_                     
20000318  parmbuf                       
20000320  aux                           
20000324  first_t                       
20000328  temperature2                  
20000330  __stack                       
20000530  __STACK_END                   
20000530  __STACK_TOP                   
20000530  auxiliar                      
20000534  aux2                          
20000538  tempmax                       
2000053c  tempmin                       
20000540  option                        
20000544  dia_semana                    
20000548  dia_mes                       
2000054c  mes                           
20000550  hora                          
20000554  minutos                       
20000558  i                             
2000055c  first                         
20000560  num_big                       
20000588  num_small                     
200005d4  _tz                           
200005e4  _lock                         
200005e8  _unlock                       
ffffffff  __TI_pprof_out_hndl           
ffffffff  __TI_prof_data_size           
ffffffff  __TI_prof_data_start          
ffffffff  __binit__                     
ffffffff  __c_args__                    
ffffffff  binit                         
UNDEFED   __mpu_init                    
UNDEFED   _system_post_cinit            

[124 symbols]
