<?xml version="1.0" encoding="ISO-8859-1" ?>
<link_info>
   <banner>TI ARM Linker PC v20.2.5.LTS</banner>
   <copyright>Copyright (c) 1996-2018 Texas Instruments Incorporated</copyright>
   <link_time>0x62dc96bd</link_time>
   <link_errors>0x0</link_errors>
   <output_file>TEMPO_TEMPERATURA.out</output_file>
   <entry_point>
      <name>_c_int00_noargs</name>
      <address>0x2241</address>
   </entry_point>
   <input_file_list>
      <input_file id="fl-2">
         <path>.\</path>
         <kind>object</kind>
         <file>Nokia5110.obj</file>
         <name>Nokia5110.obj</name>
      </input_file>
      <input_file id="fl-3">
         <path>.\</path>
         <kind>object</kind>
         <file>main.obj</file>
         <name>main.obj</name>
      </input_file>
      <input_file id="fl-4">
         <path>.\</path>
         <kind>object</kind>
         <file>tm4c1231h6pm_startup_ccs.obj</file>
         <name>tm4c1231h6pm_startup_ccs.obj</name>
      </input_file>
      <input_file id="fl-9">
         <kind>object</kind>
         <file>&lt;internal&gt;</file>
         <name>&lt;internal&gt;</name>
      </input_file>
      <input_file id="fl-a">
         <path>C:\ti\ccs1120\TivaWare_C_Series-2.1.4.178\driverlib\ccs\Debug\</path>
         <kind>archive</kind>
         <file>driverlib.lib</file>
         <name>adc.obj</name>
      </input_file>
      <input_file id="fl-b">
         <path>C:\ti\ccs1120\TivaWare_C_Series-2.1.4.178\driverlib\ccs\Debug\</path>
         <kind>archive</kind>
         <file>driverlib.lib</file>
         <name>hibernate.obj</name>
      </input_file>
      <input_file id="fl-c">
         <path>C:\ti\ccs1120\TivaWare_C_Series-2.1.4.178\driverlib\ccs\Debug\</path>
         <kind>archive</kind>
         <file>driverlib.lib</file>
         <name>interrupt.obj</name>
      </input_file>
      <input_file id="fl-d">
         <path>C:\ti\ccs1120\TivaWare_C_Series-2.1.4.178\driverlib\ccs\Debug\</path>
         <kind>archive</kind>
         <file>driverlib.lib</file>
         <name>sysctl.obj</name>
      </input_file>
      <input_file id="fl-e">
         <path>C:\ti\ccs1120\TivaWare_C_Series-2.1.4.178\driverlib\ccs\Debug\</path>
         <kind>archive</kind>
         <file>driverlib.lib</file>
         <name>timer.obj</name>
      </input_file>
      <input_file id="fl-f">
         <path>C:\ti\ccs1120\TivaWare_C_Series-2.1.4.178\driverlib\ccs\Debug\</path>
         <kind>archive</kind>
         <file>driverlib.lib</file>
         <name>cpu.obj</name>
      </input_file>
      <input_file id="fl-c5">
         <path>C:\ti\ccs1120\ccs\tools\compiler\ti-cgt-arm_20.2.5.LTS\lib\</path>
         <kind>archive</kind>
         <file>rtsv7M4_T_le_v4SPD16_eabi.lib</file>
         <name>fd_add_t2.asm.obj</name>
      </input_file>
      <input_file id="fl-c6">
         <path>C:\ti\ccs1120\ccs\tools\compiler\ti-cgt-arm_20.2.5.LTS\lib\</path>
         <kind>archive</kind>
         <file>rtsv7M4_T_le_v4SPD16_eabi.lib</file>
         <name>fd_div_t2.asm.obj</name>
      </input_file>
      <input_file id="fl-c7">
         <path>C:\ti\ccs1120\ccs\tools\compiler\ti-cgt-arm_20.2.5.LTS\lib\</path>
         <kind>archive</kind>
         <file>rtsv7M4_T_le_v4SPD16_eabi.lib</file>
         <name>fd_tos_t2.asm.obj</name>
      </input_file>
      <input_file id="fl-c8">
         <path>C:\ti\ccs1120\ccs\tools\compiler\ti-cgt-arm_20.2.5.LTS\lib\</path>
         <kind>archive</kind>
         <file>rtsv7M4_T_le_v4SPD16_eabi.lib</file>
         <name>fs_tod_t2.asm.obj</name>
      </input_file>
      <input_file id="fl-c9">
         <path>C:\ti\ccs1120\ccs\tools\compiler\ti-cgt-arm_20.2.5.LTS\lib\</path>
         <kind>archive</kind>
         <file>rtsv7M4_T_le_v4SPD16_eabi.lib</file>
         <name>memcpy_t2.asm.obj</name>
      </input_file>
      <input_file id="fl-ca">
         <path>C:\ti\ccs1120\ccs\tools\compiler\ti-cgt-arm_20.2.5.LTS\lib\</path>
         <kind>archive</kind>
         <file>rtsv7M4_T_le_v4SPD16_eabi.lib</file>
         <name>copy_zero_init.c.obj</name>
      </input_file>
      <input_file id="fl-cb">
         <path>C:\ti\ccs1120\ccs\tools\compiler\ti-cgt-arm_20.2.5.LTS\lib\</path>
         <kind>archive</kind>
         <file>rtsv7M4_T_le_v4SPD16_eabi.lib</file>
         <name>copy_decompress_none.c.obj</name>
      </input_file>
      <input_file id="fl-cc">
         <path>C:\ti\ccs1120\ccs\tools\compiler\ti-cgt-arm_20.2.5.LTS\lib\</path>
         <kind>archive</kind>
         <file>rtsv7M4_T_le_v4SPD16_eabi.lib</file>
         <name>copy_decompress_lzss.c.obj</name>
      </input_file>
      <input_file id="fl-cd">
         <path>C:\ti\ccs1120\ccs\tools\compiler\ti-cgt-arm_20.2.5.LTS\lib\</path>
         <kind>archive</kind>
         <file>rtsv7M4_T_le_v4SPD16_eabi.lib</file>
         <name>localtim.c.obj</name>
      </input_file>
      <input_file id="fl-ce">
         <path>C:\ti\ccs1120\ccs\tools\compiler\ti-cgt-arm_20.2.5.LTS\lib\</path>
         <kind>archive</kind>
         <file>rtsv7M4_T_le_v4SPD16_eabi.lib</file>
         <name>mktime.c.obj</name>
      </input_file>
      <input_file id="fl-cf">
         <path>C:\ti\ccs1120\ccs\tools\compiler\ti-cgt-arm_20.2.5.LTS\lib\</path>
         <kind>archive</kind>
         <file>rtsv7M4_T_le_v4SPD16_eabi.lib</file>
         <name>tmzone.c.obj</name>
      </input_file>
      <input_file id="fl-d0">
         <path>C:\ti\ccs1120\ccs\tools\compiler\ti-cgt-arm_20.2.5.LTS\lib\</path>
         <kind>archive</kind>
         <file>rtsv7M4_T_le_v4SPD16_eabi.lib</file>
         <name>boot_cortex_m.c.obj</name>
      </input_file>
      <input_file id="fl-d1">
         <path>C:\ti\ccs1120\ccs\tools\compiler\ti-cgt-arm_20.2.5.LTS\lib\</path>
         <kind>archive</kind>
         <file>rtsv7M4_T_le_v4SPD16_eabi.lib</file>
         <name>time.c.obj</name>
      </input_file>
      <input_file id="fl-d2">
         <path>C:\ti\ccs1120\ccs\tools\compiler\ti-cgt-arm_20.2.5.LTS\lib\</path>
         <kind>archive</kind>
         <file>rtsv7M4_T_le_v4SPD16_eabi.lib</file>
         <name>u_divt2.asm.obj</name>
      </input_file>
      <input_file id="fl-d3">
         <path>C:\ti\ccs1120\ccs\tools\compiler\ti-cgt-arm_20.2.5.LTS\lib\</path>
         <kind>archive</kind>
         <file>rtsv7M4_T_le_v4SPD16_eabi.lib</file>
         <name>ll_div_t2.asm.obj</name>
      </input_file>
      <input_file id="fl-d4">
         <path>C:\ti\ccs1120\ccs\tools\compiler\ti-cgt-arm_20.2.5.LTS\lib\</path>
         <kind>archive</kind>
         <file>rtsv7M4_T_le_v4SPD16_eabi.lib</file>
         <name>ull_div_t2.asm.obj</name>
      </input_file>
      <input_file id="fl-d5">
         <path>C:\ti\ccs1120\ccs\tools\compiler\ti-cgt-arm_20.2.5.LTS\lib\</path>
         <kind>archive</kind>
         <file>rtsv7M4_T_le_v4SPD16_eabi.lib</file>
         <name>memset_t2.asm.obj</name>
      </input_file>
      <input_file id="fl-d6">
         <path>C:\ti\ccs1120\ccs\tools\compiler\ti-cgt-arm_20.2.5.LTS\lib\</path>
         <kind>archive</kind>
         <file>rtsv7M4_T_le_v4SPD16_eabi.lib</file>
         <name>autoinit.c.obj</name>
      </input_file>
      <input_file id="fl-d7">
         <path>C:\ti\ccs1120\ccs\tools\compiler\ti-cgt-arm_20.2.5.LTS\lib\</path>
         <kind>archive</kind>
         <file>rtsv7M4_T_le_v4SPD16_eabi.lib</file>
         <name>pre_init.c.obj</name>
      </input_file>
      <input_file id="fl-d8">
         <path>C:\ti\ccs1120\ccs\tools\compiler\ti-cgt-arm_20.2.5.LTS\lib\</path>
         <kind>archive</kind>
         <file>rtsv7M4_T_le_v4SPD16_eabi.lib</file>
         <name>cpy_tbl.c.obj</name>
      </input_file>
      <input_file id="fl-d9">
         <path>C:\ti\ccs1120\ccs\tools\compiler\ti-cgt-arm_20.2.5.LTS\lib\</path>
         <kind>archive</kind>
         <file>rtsv7M4_T_le_v4SPD16_eabi.lib</file>
         <name>exit.c.obj</name>
      </input_file>
      <input_file id="fl-da">
         <path>C:\ti\ccs1120\ccs\tools\compiler\ti-cgt-arm_20.2.5.LTS\lib\</path>
         <kind>archive</kind>
         <file>rtsv7M4_T_le_v4SPD16_eabi.lib</file>
         <name>_lock.c.obj</name>
      </input_file>
      <input_file id="fl-db">
         <path>C:\ti\ccs1120\ccs\tools\compiler\ti-cgt-arm_20.2.5.LTS\lib\</path>
         <kind>archive</kind>
         <file>rtsv7M4_T_le_v4SPD16_eabi.lib</file>
         <name>args_main.c.obj</name>
      </input_file>
      <input_file id="fl-dc">
         <path>C:\ti\ccs1120\ccs\tools\compiler\ti-cgt-arm_20.2.5.LTS\lib\</path>
         <kind>archive</kind>
         <file>rtsv7M4_T_le_v4SPD16_eabi.lib</file>
         <name>hosttime.c.obj</name>
      </input_file>
      <input_file id="fl-dd">
         <path>C:\ti\ccs1120\ccs\tools\compiler\ti-cgt-arm_20.2.5.LTS\lib\</path>
         <kind>archive</kind>
         <file>rtsv7M4_T_le_v4SPD16_eabi.lib</file>
         <name>trgmsg.c.obj</name>
      </input_file>
      <input_file id="fl-de">
         <path>C:\ti\ccs1120\ccs\tools\compiler\ti-cgt-arm_20.2.5.LTS\lib\</path>
         <kind>archive</kind>
         <file>rtsv7M4_T_le_v4SPD16_eabi.lib</file>
         <name>div0.asm.obj</name>
      </input_file>
      <input_file id="fl-df">
         <path>C:\ti\ccs1120\ccs\tools\compiler\ti-cgt-arm_20.2.5.LTS\lib\</path>
         <kind>archive</kind>
         <file>rtsv7M4_T_le_v4SPD16_eabi.lib</file>
         <name>hostopen.c.obj</name>
      </input_file>
      <input_file id="fl-e0">
         <path>C:\ti\ccs1120\ccs\tools\compiler\ti-cgt-arm_20.2.5.LTS\lib\</path>
         <kind>archive</kind>
         <file>rtsv7M4_T_le_v4SPD16_eabi.lib</file>
         <name>strlen.c.obj</name>
      </input_file>
   </input_file_list>
   <object_component_list>
      <object_component id="oc-12">
         <name>.intvecs</name>
         <load_address>0x0</load_address>
         <run_address>0x0</run_address>
         <size>0x26c</size>
         <input_file_ref idref="fl-4"/>
      </object_component>
      <object_component id="oc-74">
         <name>.text</name>
         <load_address>0x26c</load_address>
         <run_address>0x26c</run_address>
         <size>0xad4</size>
         <input_file_ref idref="fl-2"/>
      </object_component>
      <object_component id="oc-2d">
         <name>.text</name>
         <load_address>0xd40</load_address>
         <run_address>0xd40</run_address>
         <size>0x690</size>
         <input_file_ref idref="fl-3"/>
      </object_component>
      <object_component id="oc-213">
         <name>.text:__mktime32</name>
         <load_address>0x13d0</load_address>
         <run_address>0x13d0</run_address>
         <size>0x2a0</size>
         <input_file_ref idref="fl-ce"/>
      </object_component>
      <object_component id="oc-133">
         <name>.text</name>
         <load_address>0x1670</load_address>
         <run_address>0x1670</run_address>
         <size>0x1b6</size>
         <input_file_ref idref="fl-c5"/>
      </object_component>
      <object_component id="oc-12e">
         <name>.text</name>
         <load_address>0x1826</load_address>
         <run_address>0x1826</run_address>
         <size>0x136</size>
         <input_file_ref idref="fl-c6"/>
      </object_component>
      <object_component id="oc-bd">
         <name>.text:__localtime32</name>
         <load_address>0x195c</load_address>
         <run_address>0x195c</run_address>
         <size>0x134</size>
         <input_file_ref idref="fl-cd"/>
      </object_component>
      <object_component id="oc-c3">
         <name>.text:SysCtlClockGet</name>
         <load_address>0x1a90</load_address>
         <run_address>0x1a90</run_address>
         <size>0x110</size>
         <input_file_ref idref="fl-d"/>
      </object_component>
      <object_component id="oc-b1">
         <name>.text:SysCtlClockSet</name>
         <load_address>0x1ba0</load_address>
         <run_address>0x1ba0</run_address>
         <size>0xf4</size>
         <input_file_ref idref="fl-d"/>
      </object_component>
      <object_component id="oc-41">
         <name>.text</name>
         <load_address>0x1c94</load_address>
         <run_address>0x1c94</run_address>
         <size>0x9c</size>
         <input_file_ref idref="fl-c9"/>
      </object_component>
      <object_component id="oc-35e">
         <name>.text</name>
         <load_address>0x1d30</load_address>
         <run_address>0x1d30</run_address>
         <size>0x96</size>
         <input_file_ref idref="fl-d4"/>
      </object_component>
      <object_component id="oc-ff">
         <name>.text:ADCSequenceStepConfigure</name>
         <load_address>0x1dc6</load_address>
         <run_address>0x1dc6</run_address>
         <size>0x7a</size>
         <input_file_ref idref="fl-a"/>
      </object_component>
      <object_component id="oc-138">
         <name>.text</name>
         <load_address>0x1e40</load_address>
         <run_address>0x1e40</run_address>
         <size>0x6e</size>
         <input_file_ref idref="fl-c7"/>
      </object_component>
      <object_component id="oc-300">
         <name>.text</name>
         <load_address>0x1eae</load_address>
         <run_address>0x1eae</run_address>
         <size>0x6e</size>
         <input_file_ref idref="fl-d3"/>
      </object_component>
      <object_component id="oc-ed">
         <name>.text:IntEnable</name>
         <load_address>0x1f1c</load_address>
         <run_address>0x1f1c</run_address>
         <size>0x68</size>
         <input_file_ref idref="fl-c"/>
      </object_component>
      <object_component id="oc-15">
         <name>.text:decompress:lzss:__TI_decompress_lzss</name>
         <load_address>0x1f84</load_address>
         <run_address>0x1f84</run_address>
         <size>0x68</size>
         <input_file_ref idref="fl-cc"/>
      </object_component>
      <object_component id="oc-e1">
         <name>.text:TimerConfigure</name>
         <load_address>0x1fec</load_address>
         <run_address>0x1fec</run_address>
         <size>0x60</size>
         <input_file_ref idref="fl-e"/>
      </object_component>
      <object_component id="oc-f9">
         <name>.text:ADCSequenceConfigure</name>
         <load_address>0x204c</load_address>
         <run_address>0x204c</run_address>
         <size>0x50</size>
         <input_file_ref idref="fl-a"/>
      </object_component>
      <object_component id="oc-201">
         <name>.text:HOSTtime</name>
         <load_address>0x209c</load_address>
         <run_address>0x209c</run_address>
         <size>0x48</size>
         <input_file_ref idref="fl-dc"/>
      </object_component>
      <object_component id="oc-278">
         <name>.text:__TI_auto_init_nobinit_nopinit:__TI_auto_init_nobinit_nopinit</name>
         <load_address>0x20e4</load_address>
         <run_address>0x20e4</run_address>
         <size>0x44</size>
         <input_file_ref idref="fl-d6"/>
      </object_component>
      <object_component id="oc-20e">
         <name>.text</name>
         <load_address>0x2128</load_address>
         <run_address>0x2128</run_address>
         <size>0x40</size>
         <input_file_ref idref="fl-d2"/>
      </object_component>
      <object_component id="oc-2db">
         <name>.text:__TI_writemsg</name>
         <load_address>0x2168</load_address>
         <run_address>0x2168</run_address>
         <size>0x38</size>
         <input_file_ref idref="fl-dd"/>
      </object_component>
      <object_component id="oc-129">
         <name>.text</name>
         <load_address>0x21a0</load_address>
         <run_address>0x21a0</run_address>
         <size>0x38</size>
         <input_file_ref idref="fl-c8"/>
      </object_component>
      <object_component id="oc-ab">
         <name>.text:SysCtlPeripheralEnable</name>
         <load_address>0x21d8</load_address>
         <run_address>0x21d8</run_address>
         <size>0x34</size>
         <input_file_ref idref="fl-d"/>
      </object_component>
      <object_component id="oc-2e1">
         <name>.text:__TI_readmsg</name>
         <load_address>0x220c</load_address>
         <run_address>0x220c</run_address>
         <size>0x34</size>
         <input_file_ref idref="fl-dd"/>
      </object_component>
      <object_component id="oc-5f">
         <name>.text:_c_int00_noargs:_c_int00_noargs</name>
         <load_address>0x2240</load_address>
         <run_address>0x2240</run_address>
         <size>0x34</size>
         <input_file_ref idref="fl-d0"/>
      </object_component>
      <object_component id="oc-11d">
         <name>.text:ADCIntStatus</name>
         <load_address>0x2274</load_address>
         <run_address>0x2274</run_address>
         <size>0x2e</size>
         <input_file_ref idref="fl-a"/>
      </object_component>
      <object_component id="oc-34c">
         <name>.text:_nop</name>
         <load_address>0x22a2</load_address>
         <run_address>0x22a2</run_address>
         <size>0x2</size>
         <input_file_ref idref="fl-da"/>
      </object_component>
      <object_component id="oc-cf">
         <name>.text:HibernateRTCSet</name>
         <load_address>0x22a4</load_address>
         <run_address>0x22a4</run_address>
         <size>0x2c</size>
         <input_file_ref idref="fl-b"/>
      </object_component>
      <object_component id="oc-123">
         <name>.text:ADCSequenceDataGet</name>
         <load_address>0x22d0</load_address>
         <run_address>0x22d0</run_address>
         <size>0x1e</size>
         <input_file_ref idref="fl-a"/>
      </object_component>
      <object_component id="oc-4d">
         <name>.text:decompress:ZI:__TI_zero_init_nomemset:__TI_zero_init_nomemset</name>
         <load_address>0x22ee</load_address>
         <run_address>0x22ee</run_address>
         <size>0x1c</size>
         <input_file_ref idref="fl-ca"/>
      </object_component>
      <object_component id="oc-117">
         <name>.text:ADCProcessorTrigger</name>
         <load_address>0x230a</load_address>
         <run_address>0x230a</run_address>
         <size>0x18</size>
         <input_file_ref idref="fl-a"/>
      </object_component>
      <object_component id="oc-2fa">
         <name>.text</name>
         <load_address>0x2322</load_address>
         <run_address>0x2322</run_address>
         <size>0x2</size>
         <input_file_ref idref="fl-de"/>
      </object_component>
      <object_component id="oc-c9">
         <name>.text:HibernateEnableExpClk</name>
         <load_address>0x2324</load_address>
         <run_address>0x2324</run_address>
         <size>0x14</size>
         <input_file_ref idref="fl-b"/>
      </object_component>
      <object_component id="oc-d5">
         <name>.text:HibernateRTCEnable</name>
         <load_address>0x2338</load_address>
         <run_address>0x2338</run_address>
         <size>0x14</size>
         <input_file_ref idref="fl-b"/>
      </object_component>
      <object_component id="oc-e7">
         <name>.text:TimerLoadSet</name>
         <load_address>0x234c</load_address>
         <run_address>0x234c</run_address>
         <size>0x12</size>
         <input_file_ref idref="fl-e"/>
      </object_component>
      <object_component id="oc-db">
         <name>.text:IntMasterEnable</name>
         <load_address>0x235e</load_address>
         <run_address>0x235e</run_address>
         <size>0x10</size>
         <input_file_ref idref="fl-c"/>
      </object_component>
      <object_component id="oc-22a">
         <name>.text:_HibernateWriteComplete</name>
         <load_address>0x2370</load_address>
         <run_address>0x2370</run_address>
         <size>0x10</size>
         <input_file_ref idref="fl-b"/>
      </object_component>
      <object_component id="oc-105">
         <name>.text:ADCSequenceEnable</name>
         <load_address>0x2380</load_address>
         <run_address>0x2380</run_address>
         <size>0xe</size>
         <input_file_ref idref="fl-a"/>
      </object_component>
      <object_component id="oc-10b">
         <name>.text:TimerEnable</name>
         <load_address>0x238e</load_address>
         <run_address>0x238e</run_address>
         <size>0xe</size>
         <input_file_ref idref="fl-e"/>
      </object_component>
      <object_component id="oc-b7">
         <name>.text:__time32</name>
         <load_address>0x239c</load_address>
         <run_address>0x239c</run_address>
         <size>0xe</size>
         <input_file_ref idref="fl-d1"/>
      </object_component>
      <object_component id="oc-1b">
         <name>.text:decompress:none:__TI_decompress_none</name>
         <load_address>0x23aa</load_address>
         <run_address>0x23aa</run_address>
         <size>0xe</size>
         <input_file_ref idref="fl-cb"/>
      </object_component>
      <object_component id="oc-234">
         <name>.text:CPUcpsie</name>
         <load_address>0x23b8</load_address>
         <run_address>0x23b8</run_address>
         <size>0xc</size>
         <input_file_ref idref="fl-f"/>
      </object_component>
      <object_component id="oc-27">
         <name>.text</name>
         <load_address>0x23c4</load_address>
         <run_address>0x23c4</run_address>
         <size>0xc</size>
         <input_file_ref idref="fl-4"/>
      </object_component>
      <object_component id="oc-111">
         <name>.text:ADCIntClear</name>
         <load_address>0x23d0</load_address>
         <run_address>0x23d0</run_address>
         <size>0xa</size>
         <input_file_ref idref="fl-a"/>
      </object_component>
      <object_component id="oc-f3">
         <name>.text:TimerIntEnable</name>
         <load_address>0x23da</load_address>
         <run_address>0x23da</run_address>
         <size>0x8</size>
         <input_file_ref idref="fl-e"/>
      </object_component>
      <object_component id="oc-1ff">
         <name>.text:SysCtlDelay</name>
         <load_address>0x23e2</load_address>
         <run_address>0x23e2</run_address>
         <size>0x6</size>
         <input_file_ref idref="fl-d"/>
      </object_component>
      <object_component id="oc-13d">
         <name>.text:TimerIntClear</name>
         <load_address>0x23e8</load_address>
         <run_address>0x23e8</run_address>
         <size>0x4</size>
         <input_file_ref idref="fl-e"/>
      </object_component>
      <object_component id="oc-17c">
         <name>.text:_system_pre_init</name>
         <load_address>0x23ec</load_address>
         <run_address>0x23ec</run_address>
         <size>0x4</size>
         <input_file_ref idref="fl-d7"/>
      </object_component>
      <object_component id="oc-26c">
         <name>.text:abort:abort</name>
         <load_address>0x23f0</load_address>
         <run_address>0x23f0</run_address>
         <size>0x4</size>
         <input_file_ref idref="fl-d9"/>
      </object_component>
      <object_component id="oc-146">
         <name>.const:.string:tempo1</name>
         <load_address>0x23f4</load_address>
         <run_address>0x23f4</run_address>
         <size>0x1f8</size>
         <input_file_ref idref="fl-3"/>
      </object_component>
      <object_component id="oc-18e">
         <name>.const:ASCII</name>
         <load_address>0x25ec</load_address>
         <run_address>0x25ec</run_address>
         <size>0x1e0</size>
         <input_file_ref idref="fl-2"/>
      </object_component>
      <object_component id="oc-197">
         <name>.const:.string:$P$T0$1</name>
         <load_address>0x27cc</load_address>
         <run_address>0x27cc</run_address>
         <size>0x70</size>
         <input_file_ref idref="fl-2"/>
      </object_component>
      <object_component id="oc-23e">
         <name>.const</name>
         <load_address>0x283c</load_address>
         <run_address>0x283c</run_address>
         <size>0x70</size>
         <input_file_ref idref="fl-c"/>
      </object_component>
      <object_component id="oc-226">
         <name>.const:g_pui32Xtals</name>
         <load_address>0x28ac</load_address>
         <run_address>0x28ac</run_address>
         <size>0x6c</size>
         <input_file_ref idref="fl-d"/>
      </object_component>
      <object_component id="oc-305">
         <name>.const:$O1$$</name>
         <load_address>0x2918</load_address>
         <run_address>0x2918</run_address>
         <size>0x60</size>
         <input_file_ref idref="fl-ce"/>
      </object_component>
      <object_component id="oc-1cb">
         <name>.const:.string:eight_big</name>
         <load_address>0x2978</load_address>
         <run_address>0x2978</run_address>
         <size>0x3c</size>
         <input_file_ref idref="fl-3"/>
      </object_component>
      <object_component id="oc-1c2">
         <name>.const:.string:five_big</name>
         <load_address>0x29b4</load_address>
         <run_address>0x29b4</run_address>
         <size>0x3c</size>
         <input_file_ref idref="fl-3"/>
      </object_component>
      <object_component id="oc-1bf">
         <name>.const:.string:four_big</name>
         <load_address>0x29f0</load_address>
         <run_address>0x29f0</run_address>
         <size>0x3c</size>
         <input_file_ref idref="fl-3"/>
      </object_component>
      <object_component id="oc-1ce">
         <name>.const:.string:nine_big</name>
         <load_address>0x2a2c</load_address>
         <run_address>0x2a2c</run_address>
         <size>0x3c</size>
         <input_file_ref idref="fl-3"/>
      </object_component>
      <object_component id="oc-1b6">
         <name>.const:.string:one_big</name>
         <load_address>0x2a68</load_address>
         <run_address>0x2a68</run_address>
         <size>0x3c</size>
         <input_file_ref idref="fl-3"/>
      </object_component>
      <object_component id="oc-1c8">
         <name>.const:.string:seven_big</name>
         <load_address>0x2aa4</load_address>
         <run_address>0x2aa4</run_address>
         <size>0x3c</size>
         <input_file_ref idref="fl-3"/>
      </object_component>
      <object_component id="oc-1c5">
         <name>.const:.string:six_big</name>
         <load_address>0x2ae0</load_address>
         <run_address>0x2ae0</run_address>
         <size>0x3c</size>
         <input_file_ref idref="fl-3"/>
      </object_component>
      <object_component id="oc-1bc">
         <name>.const:.string:three_big</name>
         <load_address>0x2b1c</load_address>
         <run_address>0x2b1c</run_address>
         <size>0x3c</size>
         <input_file_ref idref="fl-3"/>
      </object_component>
      <object_component id="oc-1b9">
         <name>.const:.string:two_big</name>
         <load_address>0x2b58</load_address>
         <run_address>0x2b58</run_address>
         <size>0x3c</size>
         <input_file_ref idref="fl-3"/>
      </object_component>
      <object_component id="oc-1b3">
         <name>.const:.string:zero_big</name>
         <load_address>0x2b94</load_address>
         <run_address>0x2b94</run_address>
         <size>0x3c</size>
         <input_file_ref idref="fl-3"/>
      </object_component>
      <object_component id="oc-89">
         <name>.const:.string:high</name>
         <load_address>0x2bd0</load_address>
         <run_address>0x2bd0</run_address>
         <size>0x28</size>
         <input_file_ref idref="fl-3"/>
      </object_component>
      <object_component id="oc-7d">
         <name>.const:.string:low</name>
         <load_address>0x2bf8</load_address>
         <run_address>0x2bf8</run_address>
         <size>0x28</size>
         <input_file_ref idref="fl-3"/>
      </object_component>
      <object_component id="oc-7a">
         <name>.const:.string:medium</name>
         <load_address>0x2c20</load_address>
         <run_address>0x2c20</run_address>
         <size>0x28</size>
         <input_file_ref idref="fl-3"/>
      </object_component>
      <object_component id="oc-8c">
         <name>.const:.string:very_high</name>
         <load_address>0x2c48</load_address>
         <run_address>0x2c48</run_address>
         <size>0x28</size>
         <input_file_ref idref="fl-3"/>
      </object_component>
      <object_component id="oc-80">
         <name>.const:.string:very_low</name>
         <load_address>0x2c70</load_address>
         <run_address>0x2c70</run_address>
         <size>0x28</size>
         <input_file_ref idref="fl-3"/>
      </object_component>
      <object_component id="oc-92">
         <name>.const:.string:virgula</name>
         <load_address>0x2c98</load_address>
         <run_address>0x2c98</run_address>
         <size>0x10</size>
         <input_file_ref idref="fl-3"/>
      </object_component>
      <object_component id="oc-96">
         <name>.const:.string:tempe</name>
         <load_address>0x2ca8</load_address>
         <run_address>0x2ca8</run_address>
         <size>0xf</size>
         <input_file_ref idref="fl-3"/>
      </object_component>
      <object_component id="oc-a5">
         <name>.const:.string:celsius</name>
         <load_address>0x2cb7</load_address>
         <run_address>0x2cb7</run_address>
         <size>0xb</size>
         <input_file_ref idref="fl-3"/>
      </object_component>
      <object_component id="oc-194">
         <name>.const:.string:Masks</name>
         <load_address>0x2cc2</load_address>
         <run_address>0x2cc2</run_address>
         <size>0x8</size>
         <input_file_ref idref="fl-2"/>
      </object_component>
      <object_component id="oc-1ea">
         <name>.const:.string:eight_small</name>
         <load_address>0x2cca</load_address>
         <run_address>0x2cca</run_address>
         <size>0x3</size>
         <input_file_ref idref="fl-3"/>
      </object_component>
      <object_component id="oc-1e1">
         <name>.const:.string:five_small</name>
         <load_address>0x2ccd</load_address>
         <run_address>0x2ccd</run_address>
         <size>0x3</size>
         <input_file_ref idref="fl-3"/>
      </object_component>
      <object_component id="oc-1de">
         <name>.const:.string:four_small</name>
         <load_address>0x2cd0</load_address>
         <run_address>0x2cd0</run_address>
         <size>0x3</size>
         <input_file_ref idref="fl-3"/>
      </object_component>
      <object_component id="oc-1ed">
         <name>.const:.string:nine_small</name>
         <load_address>0x2cd3</load_address>
         <run_address>0x2cd3</run_address>
         <size>0x3</size>
         <input_file_ref idref="fl-3"/>
      </object_component>
      <object_component id="oc-a2">
         <name>.const:.string:one_point</name>
         <load_address>0x2cd6</load_address>
         <run_address>0x2cd6</run_address>
         <size>0x3</size>
         <input_file_ref idref="fl-3"/>
      </object_component>
      <object_component id="oc-99">
         <name>.const:.string:one_small</name>
         <load_address>0x2cd9</load_address>
         <run_address>0x2cd9</run_address>
         <size>0x3</size>
         <input_file_ref idref="fl-3"/>
      </object_component>
      <object_component id="oc-1e7">
         <name>.const:.string:seven_small</name>
         <load_address>0x2cdc</load_address>
         <run_address>0x2cdc</run_address>
         <size>0x3</size>
         <input_file_ref idref="fl-3"/>
      </object_component>
      <object_component id="oc-1e4">
         <name>.const:.string:six_small</name>
         <load_address>0x2cdf</load_address>
         <run_address>0x2cdf</run_address>
         <size>0x3</size>
         <input_file_ref idref="fl-3"/>
      </object_component>
      <object_component id="oc-143">
         <name>.const:.string:three_small</name>
         <load_address>0x2ce2</load_address>
         <run_address>0x2ce2</run_address>
         <size>0x3</size>
         <input_file_ref idref="fl-3"/>
      </object_component>
      <object_component id="oc-9c">
         <name>.const:.string:two_point</name>
         <load_address>0x2ce5</load_address>
         <run_address>0x2ce5</run_address>
         <size>0x3</size>
         <input_file_ref idref="fl-3"/>
      </object_component>
      <object_component id="oc-a8">
         <name>.const:.string:two_small</name>
         <load_address>0x2ce8</load_address>
         <run_address>0x2ce8</run_address>
         <size>0x3</size>
         <input_file_ref idref="fl-3"/>
      </object_component>
      <object_component id="oc-1db">
         <name>.const:.string:zero_small</name>
         <load_address>0x2ceb</load_address>
         <run_address>0x2ceb</run_address>
         <size>0x3</size>
         <input_file_ref idref="fl-3"/>
      </object_component>
      <object_component id="oc-3c1">
         <name>.cinit..data.load</name>
         <load_address>0x2cf0</load_address>
         <run_address>0x2cf0</run_address>
         <size>0x6e</size>
      </object_component>
      <object_component id="oc-3bf">
         <name>__TI_handler_table</name>
         <load_address>0x2d60</load_address>
         <run_address>0x2d60</run_address>
         <size>0xc</size>
      </object_component>
      <object_component id="oc-3c2">
         <name>.cinit..bss.load</name>
         <load_address>0x2d70</load_address>
         <run_address>0x2d70</run_address>
         <size>0x8</size>
      </object_component>
      <object_component id="oc-3c0">
         <name>__TI_cinit_table</name>
         <load_address>0x2d78</load_address>
         <run_address>0x2d78</run_address>
         <size>0x10</size>
      </object_component>
      <object_component id="oc-9f">
         <name>.data:num_small</name>
         <load_address>0x20000588</load_address>
         <run_address>0x20000588</run_address>
         <size>0x28</size>
         <input_file_ref idref="fl-3"/>
      </object_component>
      <object_component id="oc-8f">
         <name>.data:num_big</name>
         <load_address>0x20000560</load_address>
         <run_address>0x20000560</run_address>
         <size>0x28</size>
         <input_file_ref idref="fl-3"/>
      </object_component>
      <object_component id="oc-83">
         <name>.data</name>
         <load_address>0x20000530</load_address>
         <run_address>0x20000530</run_address>
         <size>0x2d</size>
         <input_file_ref idref="fl-3"/>
      </object_component>
      <object_component id="oc-21c">
         <name>.data:local_tm</name>
         <load_address>0x200005b0</load_address>
         <run_address>0x200005b0</run_address>
         <size>0x24</size>
         <input_file_ref idref="fl-cd"/>
      </object_component>
      <object_component id="oc-219">
         <name>.data:_tz</name>
         <load_address>0x200005d4</load_address>
         <run_address>0x200005d4</run_address>
         <size>0x10</size>
         <input_file_ref idref="fl-cf"/>
      </object_component>
      <object_component id="oc-2e7">
         <name>.data:$O1$$</name>
         <load_address>0x200005e4</load_address>
         <run_address>0x200005e4</run_address>
         <size>0x8</size>
         <input_file_ref idref="fl-da"/>
      </object_component>
      <object_component id="oc-346">
         <name>.bss:_CIOBUF_</name>
         <uninitialized>true</uninitialized>
         <run_address>0x200001f8</run_address>
         <size>0x120</size>
         <input_file_ref idref="fl-dd"/>
      </object_component>
      <object_component id="oc-191">
         <name>.common:Screen</name>
         <uninitialized>true</uninitialized>
         <run_address>0x20000000</run_address>
         <size>0x1f8</size>
      </object_component>
      <object_component id="oc-86">
         <name>.common:first_t</name>
         <uninitialized>true</uninitialized>
         <run_address>0x20000324</run_address>
         <size>0x4</size>
      </object_component>
      <object_component id="oc-95">
         <name>.common:temperature2</name>
         <uninitialized>true</uninitialized>
         <run_address>0x20000328</run_address>
         <size>0x4</size>
      </object_component>
      <object_component id="oc-149">
         <name>.common:aux</name>
         <uninitialized>true</uninitialized>
         <run_address>0x20000320</run_address>
         <size>0x4</size>
      </object_component>
      <object_component id="oc-2ea">
         <name>.common:parmbuf</name>
         <uninitialized>true</uninitialized>
         <run_address>0x20000318</run_address>
         <size>0x8</size>
      </object_component>
      <object_component id="oc-24">
         <name>.stack</name>
         <uninitialized>true</uninitialized>
         <run_address>0x20000330</run_address>
         <size>0x4</size>
         <input_file_ref idref="fl-d0"/>
      </object_component>
      <object_component id="oc-3c4">
         <name>.stack</name>
         <uninitialized>true</uninitialized>
         <run_address>0x20000330</run_address>
         <size>0x0</size>
      </object_component>
      <object_component id="oc-192">
         <name>.debug_info</name>
         <load_address>0x0</load_address>
         <run_address>0x0</run_address>
         <size>0x321</size>
         <input_file_ref idref="fl-2"/>
      </object_component>
      <object_component id="oc-18f">
         <name>.debug_info</name>
         <load_address>0x321</load_address>
         <run_address>0x321</run_address>
         <size>0xf7</size>
         <input_file_ref idref="fl-2"/>
      </object_component>
      <object_component id="oc-195">
         <name>.debug_info</name>
         <load_address>0x418</load_address>
         <run_address>0x418</run_address>
         <size>0xf9</size>
         <input_file_ref idref="fl-2"/>
      </object_component>
      <object_component id="oc-198">
         <name>.debug_info</name>
         <load_address>0x511</load_address>
         <run_address>0x511</run_address>
         <size>0xfc</size>
         <input_file_ref idref="fl-2"/>
      </object_component>
      <object_component id="oc-75">
         <name>.debug_info</name>
         <load_address>0x60d</load_address>
         <run_address>0x60d</run_address>
         <size>0x1384</size>
         <input_file_ref idref="fl-2"/>
      </object_component>
      <object_component id="oc-157">
         <name>.debug_info</name>
         <load_address>0x1991</load_address>
         <run_address>0x1991</run_address>
         <size>0x26b</size>
         <input_file_ref idref="fl-2"/>
      </object_component>
      <object_component id="oc-3c">
         <name>.debug_info</name>
         <load_address>0x1bfc</load_address>
         <run_address>0x1bfc</run_address>
         <size>0x84</size>
         <input_file_ref idref="fl-2"/>
      </object_component>
      <object_component id="oc-257">
         <name>.debug_info</name>
         <load_address>0x1c80</load_address>
         <run_address>0x1c80</run_address>
         <size>0x2a4</size>
         <input_file_ref idref="fl-2"/>
      </object_component>
      <object_component id="oc-15c">
         <name>.debug_info</name>
         <load_address>0x1f24</load_address>
         <run_address>0x1f24</run_address>
         <size>0xbb</size>
         <input_file_ref idref="fl-2"/>
      </object_component>
      <object_component id="oc-19b">
         <name>.debug_info</name>
         <load_address>0x1fdf</load_address>
         <run_address>0x1fdf</run_address>
         <size>0x3f</size>
         <input_file_ref idref="fl-2"/>
      </object_component>
      <object_component id="oc-87">
         <name>.debug_info</name>
         <load_address>0x201e</load_address>
         <run_address>0x201e</run_address>
         <size>0x9b4</size>
         <input_file_ref idref="fl-3"/>
      </object_component>
      <object_component id="oc-147">
         <name>.debug_info</name>
         <load_address>0x29d2</load_address>
         <run_address>0x29d2</run_address>
         <size>0xf5</size>
         <input_file_ref idref="fl-3"/>
      </object_component>
      <object_component id="oc-1b4">
         <name>.debug_info</name>
         <load_address>0x2ac7</load_address>
         <run_address>0x2ac7</run_address>
         <size>0xf8</size>
         <input_file_ref idref="fl-3"/>
      </object_component>
      <object_component id="oc-1dc">
         <name>.debug_info</name>
         <load_address>0x2bbf</load_address>
         <run_address>0x2bbf</run_address>
         <size>0xfc</size>
         <input_file_ref idref="fl-3"/>
      </object_component>
      <object_component id="oc-1b7">
         <name>.debug_info</name>
         <load_address>0x2cbb</load_address>
         <run_address>0x2cbb</run_address>
         <size>0xf6</size>
         <input_file_ref idref="fl-3"/>
      </object_component>
      <object_component id="oc-9a">
         <name>.debug_info</name>
         <load_address>0x2db1</load_address>
         <run_address>0x2db1</run_address>
         <size>0xfa</size>
         <input_file_ref idref="fl-3"/>
      </object_component>
      <object_component id="oc-1ba">
         <name>.debug_info</name>
         <load_address>0x2eab</load_address>
         <run_address>0x2eab</run_address>
         <size>0xf6</size>
         <input_file_ref idref="fl-3"/>
      </object_component>
      <object_component id="oc-a9">
         <name>.debug_info</name>
         <load_address>0x2fa1</load_address>
         <run_address>0x2fa1</run_address>
         <size>0xfa</size>
         <input_file_ref idref="fl-3"/>
      </object_component>
      <object_component id="oc-1bd">
         <name>.debug_info</name>
         <load_address>0x309b</load_address>
         <run_address>0x309b</run_address>
         <size>0xfa</size>
         <input_file_ref idref="fl-3"/>
      </object_component>
      <object_component id="oc-144">
         <name>.debug_info</name>
         <load_address>0x3195</load_address>
         <run_address>0x3195</run_address>
         <size>0xfe</size>
         <input_file_ref idref="fl-3"/>
      </object_component>
      <object_component id="oc-1c0">
         <name>.debug_info</name>
         <load_address>0x3293</load_address>
         <run_address>0x3293</run_address>
         <size>0xf8</size>
         <input_file_ref idref="fl-3"/>
      </object_component>
      <object_component id="oc-1df">
         <name>.debug_info</name>
         <load_address>0x338b</load_address>
         <run_address>0x338b</run_address>
         <size>0xfc</size>
         <input_file_ref idref="fl-3"/>
      </object_component>
      <object_component id="oc-1c3">
         <name>.debug_info</name>
         <load_address>0x3487</load_address>
         <run_address>0x3487</run_address>
         <size>0xf8</size>
         <input_file_ref idref="fl-3"/>
      </object_component>
      <object_component id="oc-1e2">
         <name>.debug_info</name>
         <load_address>0x357f</load_address>
         <run_address>0x357f</run_address>
         <size>0xfc</size>
         <input_file_ref idref="fl-3"/>
      </object_component>
      <object_component id="oc-1c6">
         <name>.debug_info</name>
         <load_address>0x367b</load_address>
         <run_address>0x367b</run_address>
         <size>0xf6</size>
         <input_file_ref idref="fl-3"/>
      </object_component>
      <object_component id="oc-1e5">
         <name>.debug_info</name>
         <load_address>0x3771</load_address>
         <run_address>0x3771</run_address>
         <size>0xfa</size>
         <input_file_ref idref="fl-3"/>
      </object_component>
      <object_component id="oc-1c9">
         <name>.debug_info</name>
         <load_address>0x386b</load_address>
         <run_address>0x386b</run_address>
         <size>0xfa</size>
         <input_file_ref idref="fl-3"/>
      </object_component>
      <object_component id="oc-1e8">
         <name>.debug_info</name>
         <load_address>0x3965</load_address>
         <run_address>0x3965</run_address>
         <size>0xfe</size>
         <input_file_ref idref="fl-3"/>
      </object_component>
      <object_component id="oc-1cc">
         <name>.debug_info</name>
         <load_address>0x3a63</load_address>
         <run_address>0x3a63</run_address>
         <size>0xfa</size>
         <input_file_ref idref="fl-3"/>
      </object_component>
      <object_component id="oc-1eb">
         <name>.debug_info</name>
         <load_address>0x3b5d</load_address>
         <run_address>0x3b5d</run_address>
         <size>0xfe</size>
         <input_file_ref idref="fl-3"/>
      </object_component>
      <object_component id="oc-1cf">
         <name>.debug_info</name>
         <load_address>0x3c5b</load_address>
         <run_address>0x3c5b</run_address>
         <size>0xf8</size>
         <input_file_ref idref="fl-3"/>
      </object_component>
      <object_component id="oc-1ee">
         <name>.debug_info</name>
         <load_address>0x3d53</load_address>
         <run_address>0x3d53</run_address>
         <size>0xfc</size>
         <input_file_ref idref="fl-3"/>
      </object_component>
      <object_component id="oc-81">
         <name>.debug_info</name>
         <load_address>0x3e4f</load_address>
         <run_address>0x3e4f</run_address>
         <size>0xf8</size>
         <input_file_ref idref="fl-3"/>
      </object_component>
      <object_component id="oc-7e">
         <name>.debug_info</name>
         <load_address>0x3f47</load_address>
         <run_address>0x3f47</run_address>
         <size>0xee</size>
         <input_file_ref idref="fl-3"/>
      </object_component>
      <object_component id="oc-7b">
         <name>.debug_info</name>
         <load_address>0x4035</load_address>
         <run_address>0x4035</run_address>
         <size>0xf4</size>
         <input_file_ref idref="fl-3"/>
      </object_component>
      <object_component id="oc-8a">
         <name>.debug_info</name>
         <load_address>0x4129</load_address>
         <run_address>0x4129</run_address>
         <size>0xf0</size>
         <input_file_ref idref="fl-3"/>
      </object_component>
      <object_component id="oc-8d">
         <name>.debug_info</name>
         <load_address>0x4219</load_address>
         <run_address>0x4219</run_address>
         <size>0xfa</size>
         <input_file_ref idref="fl-3"/>
      </object_component>
      <object_component id="oc-93">
         <name>.debug_info</name>
         <load_address>0x4313</load_address>
         <run_address>0x4313</run_address>
         <size>0xf6</size>
         <input_file_ref idref="fl-3"/>
      </object_component>
      <object_component id="oc-a3">
         <name>.debug_info</name>
         <load_address>0x4409</load_address>
         <run_address>0x4409</run_address>
         <size>0xfa</size>
         <input_file_ref idref="fl-3"/>
      </object_component>
      <object_component id="oc-9d">
         <name>.debug_info</name>
         <load_address>0x4503</load_address>
         <run_address>0x4503</run_address>
         <size>0xfa</size>
         <input_file_ref idref="fl-3"/>
      </object_component>
      <object_component id="oc-a6">
         <name>.debug_info</name>
         <load_address>0x45fd</load_address>
         <run_address>0x45fd</run_address>
         <size>0xf6</size>
         <input_file_ref idref="fl-3"/>
      </object_component>
      <object_component id="oc-97">
         <name>.debug_info</name>
         <load_address>0x46f3</load_address>
         <run_address>0x46f3</run_address>
         <size>0xf2</size>
         <input_file_ref idref="fl-3"/>
      </object_component>
      <object_component id="oc-a0">
         <name>.debug_info</name>
         <load_address>0x47e5</load_address>
         <run_address>0x47e5</run_address>
         <size>0xfc</size>
         <input_file_ref idref="fl-3"/>
      </object_component>
      <object_component id="oc-90">
         <name>.debug_info</name>
         <load_address>0x48e1</load_address>
         <run_address>0x48e1</run_address>
         <size>0xf8</size>
         <input_file_ref idref="fl-3"/>
      </object_component>
      <object_component id="oc-84">
         <name>.debug_info</name>
         <load_address>0x49d9</load_address>
         <run_address>0x49d9</run_address>
         <size>0x22e</size>
         <input_file_ref idref="fl-3"/>
      </object_component>
      <object_component id="oc-2e">
         <name>.debug_info</name>
         <load_address>0x4c07</load_address>
         <run_address>0x4c07</run_address>
         <size>0xaca</size>
         <input_file_ref idref="fl-3"/>
      </object_component>
      <object_component id="oc-150">
         <name>.debug_info</name>
         <load_address>0x56d1</load_address>
         <run_address>0x56d1</run_address>
         <size>0x189</size>
         <input_file_ref idref="fl-3"/>
      </object_component>
      <object_component id="oc-14b">
         <name>.debug_info</name>
         <load_address>0x585a</load_address>
         <run_address>0x585a</run_address>
         <size>0x8b</size>
         <input_file_ref idref="fl-3"/>
      </object_component>
      <object_component id="oc-1aa">
         <name>.debug_info</name>
         <load_address>0x58e5</load_address>
         <run_address>0x58e5</run_address>
         <size>0x35</size>
         <input_file_ref idref="fl-3"/>
      </object_component>
      <object_component id="oc-35">
         <name>.debug_info</name>
         <load_address>0x591a</load_address>
         <run_address>0x591a</run_address>
         <size>0x2fe</size>
         <input_file_ref idref="fl-4"/>
      </object_component>
      <object_component id="oc-13">
         <name>.debug_info</name>
         <load_address>0x5c18</load_address>
         <run_address>0x5c18</run_address>
         <size>0x115</size>
         <input_file_ref idref="fl-4"/>
      </object_component>
      <object_component id="oc-28">
         <name>.debug_info</name>
         <load_address>0x5d2d</load_address>
         <run_address>0x5d2d</run_address>
         <size>0x291</size>
         <input_file_ref idref="fl-4"/>
      </object_component>
      <object_component id="oc-245">
         <name>.debug_info</name>
         <load_address>0x5fbe</load_address>
         <run_address>0x5fbe</run_address>
         <size>0x24d</size>
         <input_file_ref idref="fl-a"/>
      </object_component>
      <object_component id="oc-101">
         <name>.debug_info</name>
         <load_address>0x620b</load_address>
         <run_address>0x620b</run_address>
         <size>0x333</size>
         <input_file_ref idref="fl-a"/>
      </object_component>
      <object_component id="oc-107">
         <name>.debug_info</name>
         <load_address>0x653e</load_address>
         <run_address>0x653e</run_address>
         <size>0x2a0</size>
         <input_file_ref idref="fl-a"/>
      </object_component>
      <object_component id="oc-125">
         <name>.debug_info</name>
         <load_address>0x67de</load_address>
         <run_address>0x67de</run_address>
         <size>0x2ff</size>
         <input_file_ref idref="fl-a"/>
      </object_component>
      <object_component id="oc-fb">
         <name>.debug_info</name>
         <load_address>0x6add</load_address>
         <run_address>0x6add</run_address>
         <size>0x326</size>
         <input_file_ref idref="fl-a"/>
      </object_component>
      <object_component id="oc-119">
         <name>.debug_info</name>
         <load_address>0x6e03</load_address>
         <run_address>0x6e03</run_address>
         <size>0x2a4</size>
         <input_file_ref idref="fl-a"/>
      </object_component>
      <object_component id="oc-11f">
         <name>.debug_info</name>
         <load_address>0x70a7</load_address>
         <run_address>0x70a7</run_address>
         <size>0x2e7</size>
         <input_file_ref idref="fl-a"/>
      </object_component>
      <object_component id="oc-113">
         <name>.debug_info</name>
         <load_address>0x738e</load_address>
         <run_address>0x738e</run_address>
         <size>0x294</size>
         <input_file_ref idref="fl-a"/>
      </object_component>
      <object_component id="oc-1f9">
         <name>.debug_info</name>
         <load_address>0x7622</load_address>
         <run_address>0x7622</run_address>
         <size>0x18b</size>
         <input_file_ref idref="fl-a"/>
      </object_component>
      <object_component id="oc-232">
         <name>.debug_info</name>
         <load_address>0x77ad</load_address>
         <run_address>0x77ad</run_address>
         <size>0x212</size>
         <input_file_ref idref="fl-b"/>
      </object_component>
      <object_component id="oc-22b">
         <name>.debug_info</name>
         <load_address>0x79bf</load_address>
         <run_address>0x79bf</run_address>
         <size>0x23a</size>
         <input_file_ref idref="fl-b"/>
      </object_component>
      <object_component id="oc-d0">
         <name>.debug_info</name>
         <load_address>0x7bf9</load_address>
         <run_address>0x7bf9</run_address>
         <size>0x2ca</size>
         <input_file_ref idref="fl-b"/>
      </object_component>
      <object_component id="oc-d6">
         <name>.debug_info</name>
         <load_address>0x7ec3</load_address>
         <run_address>0x7ec3</run_address>
         <size>0x24d</size>
         <input_file_ref idref="fl-b"/>
      </object_component>
      <object_component id="oc-cb">
         <name>.debug_info</name>
         <load_address>0x8110</load_address>
         <run_address>0x8110</run_address>
         <size>0x26d</size>
         <input_file_ref idref="fl-b"/>
      </object_component>
      <object_component id="oc-31b">
         <name>.debug_info</name>
         <load_address>0x837d</load_address>
         <run_address>0x837d</run_address>
         <size>0x16f</size>
         <input_file_ref idref="fl-b"/>
      </object_component>
      <object_component id="oc-242">
         <name>.debug_info</name>
         <load_address>0x84ec</load_address>
         <run_address>0x84ec</run_address>
         <size>0x20e</size>
         <input_file_ref idref="fl-c"/>
      </object_component>
      <object_component id="oc-23f">
         <name>.debug_info</name>
         <load_address>0x86fa</load_address>
         <run_address>0x86fa</run_address>
         <size>0x210</size>
         <input_file_ref idref="fl-c"/>
      </object_component>
      <object_component id="oc-dc">
         <name>.debug_info</name>
         <load_address>0x890a</load_address>
         <run_address>0x890a</run_address>
         <size>0x23e</size>
         <input_file_ref idref="fl-c"/>
      </object_component>
      <object_component id="oc-ee">
         <name>.debug_info</name>
         <load_address>0x8b48</load_address>
         <run_address>0x8b48</run_address>
         <size>0x268</size>
         <input_file_ref idref="fl-c"/>
      </object_component>
      <object_component id="oc-1fe">
         <name>.debug_info</name>
         <load_address>0x8db0</load_address>
         <run_address>0x8db0</run_address>
         <size>0x298</size>
         <input_file_ref idref="fl-d"/>
      </object_component>
      <object_component id="oc-227">
         <name>.debug_info</name>
         <load_address>0x9048</load_address>
         <run_address>0x9048</run_address>
         <size>0x14d</size>
         <input_file_ref idref="fl-d"/>
      </object_component>
      <object_component id="oc-ac">
         <name>.debug_info</name>
         <load_address>0x9195</load_address>
         <run_address>0x9195</run_address>
         <size>0x27d</size>
         <input_file_ref idref="fl-d"/>
      </object_component>
      <object_component id="oc-b2">
         <name>.debug_info</name>
         <load_address>0x9412</load_address>
         <run_address>0x9412</run_address>
         <size>0x2db</size>
         <input_file_ref idref="fl-d"/>
      </object_component>
      <object_component id="oc-c4">
         <name>.debug_info</name>
         <load_address>0x96ed</load_address>
         <run_address>0x96ed</run_address>
         <size>0x2b5</size>
         <input_file_ref idref="fl-d"/>
      </object_component>
      <object_component id="oc-2d6">
         <name>.debug_info</name>
         <load_address>0x99a2</load_address>
         <run_address>0x99a2</run_address>
         <size>0x5f</size>
         <input_file_ref idref="fl-d"/>
      </object_component>
      <object_component id="oc-23c">
         <name>.debug_info</name>
         <load_address>0x9a01</load_address>
         <run_address>0x9a01</run_address>
         <size>0x223</size>
         <input_file_ref idref="fl-e"/>
      </object_component>
      <object_component id="oc-e8">
         <name>.debug_info</name>
         <load_address>0x9c24</load_address>
         <run_address>0x9c24</run_address>
         <size>0x2ba</size>
         <input_file_ref idref="fl-e"/>
      </object_component>
      <object_component id="oc-f4">
         <name>.debug_info</name>
         <load_address>0x9ede</load_address>
         <run_address>0x9ede</run_address>
         <size>0x294</size>
         <input_file_ref idref="fl-e"/>
      </object_component>
      <object_component id="oc-13e">
         <name>.debug_info</name>
         <load_address>0xa172</load_address>
         <run_address>0xa172</run_address>
         <size>0x292</size>
         <input_file_ref idref="fl-e"/>
      </object_component>
      <object_component id="oc-10c">
         <name>.debug_info</name>
         <load_address>0xa404</load_address>
         <run_address>0xa404</run_address>
         <size>0x27f</size>
         <input_file_ref idref="fl-e"/>
      </object_component>
      <object_component id="oc-e4">
         <name>.debug_info</name>
         <load_address>0xa683</load_address>
         <run_address>0xa683</run_address>
         <size>0x28c</size>
         <input_file_ref idref="fl-e"/>
      </object_component>
      <object_component id="oc-235">
         <name>.debug_info</name>
         <load_address>0xa90f</load_address>
         <run_address>0xa90f</run_address>
         <size>0x212</size>
         <input_file_ref idref="fl-f"/>
      </object_component>
      <object_component id="oc-135">
         <name>.debug_info</name>
         <load_address>0xab21</load_address>
         <run_address>0xab21</run_address>
         <size>0x14c</size>
         <input_file_ref idref="fl-c5"/>
      </object_component>
      <object_component id="oc-130">
         <name>.debug_info</name>
         <load_address>0xac6d</load_address>
         <run_address>0xac6d</run_address>
         <size>0x13a</size>
         <input_file_ref idref="fl-c6"/>
      </object_component>
      <object_component id="oc-139">
         <name>.debug_info</name>
         <load_address>0xada7</load_address>
         <run_address>0xada7</run_address>
         <size>0x13e</size>
         <input_file_ref idref="fl-c7"/>
      </object_component>
      <object_component id="oc-12a">
         <name>.debug_info</name>
         <load_address>0xaee5</load_address>
         <run_address>0xaee5</run_address>
         <size>0x12c</size>
         <input_file_ref idref="fl-c8"/>
      </object_component>
      <object_component id="oc-42">
         <name>.debug_info</name>
         <load_address>0xb011</load_address>
         <run_address>0xb011</run_address>
         <size>0x119</size>
         <input_file_ref idref="fl-c9"/>
      </object_component>
      <object_component id="oc-175">
         <name>.debug_info</name>
         <load_address>0xb12a</load_address>
         <run_address>0xb12a</run_address>
         <size>0x2d4</size>
         <input_file_ref idref="fl-ca"/>
      </object_component>
      <object_component id="oc-51">
         <name>.debug_info</name>
         <load_address>0xb3fe</load_address>
         <run_address>0xb3fe</run_address>
         <size>0x1d2</size>
         <input_file_ref idref="fl-ca"/>
      </object_component>
      <object_component id="oc-170">
         <name>.debug_info</name>
         <load_address>0xb5d0</load_address>
         <run_address>0xb5d0</run_address>
         <size>0x46</size>
         <input_file_ref idref="fl-ca"/>
      </object_component>
      <object_component id="oc-263">
         <name>.debug_info</name>
         <load_address>0xb616</load_address>
         <run_address>0xb616</run_address>
         <size>0x2c</size>
         <input_file_ref idref="fl-ca"/>
      </object_component>
      <object_component id="oc-4c">
         <name>.debug_info</name>
         <load_address>0xb642</load_address>
         <run_address>0xb642</run_address>
         <size>0x2a8</size>
         <input_file_ref idref="fl-cb"/>
      </object_component>
      <object_component id="oc-1f">
         <name>.debug_info</name>
         <load_address>0xb8ea</load_address>
         <run_address>0xb8ea</run_address>
         <size>0x1ea</size>
         <input_file_ref idref="fl-cb"/>
      </object_component>
      <object_component id="oc-47">
         <name>.debug_info</name>
         <load_address>0xbad4</load_address>
         <run_address>0xbad4</run_address>
         <size>0x46</size>
         <input_file_ref idref="fl-cb"/>
      </object_component>
      <object_component id="oc-168">
         <name>.debug_info</name>
         <load_address>0xbb1a</load_address>
         <run_address>0xbb1a</run_address>
         <size>0x2c</size>
         <input_file_ref idref="fl-cb"/>
      </object_component>
      <object_component id="oc-166">
         <name>.debug_info</name>
         <load_address>0xbb46</load_address>
         <run_address>0xbb46</run_address>
         <size>0x29e</size>
         <input_file_ref idref="fl-cc"/>
      </object_component>
      <object_component id="oc-16">
         <name>.debug_info</name>
         <load_address>0xbde4</load_address>
         <run_address>0xbde4</run_address>
         <size>0x250</size>
         <input_file_ref idref="fl-cc"/>
      </object_component>
      <object_component id="oc-37">
         <name>.debug_info</name>
         <load_address>0xc034</load_address>
         <run_address>0xc034</run_address>
         <size>0x60</size>
         <input_file_ref idref="fl-cc"/>
      </object_component>
      <object_component id="oc-25c">
         <name>.debug_info</name>
         <load_address>0xc094</load_address>
         <run_address>0xc094</run_address>
         <size>0x46</size>
         <input_file_ref idref="fl-cc"/>
      </object_component>
      <object_component id="oc-161">
         <name>.debug_info</name>
         <load_address>0xc0da</load_address>
         <run_address>0xc0da</run_address>
         <size>0x39</size>
         <input_file_ref idref="fl-cc"/>
      </object_component>
      <object_component id="oc-220">
         <name>.debug_info</name>
         <load_address>0xc113</load_address>
         <run_address>0xc113</run_address>
         <size>0x2e1</size>
         <input_file_ref idref="fl-cd"/>
      </object_component>
      <object_component id="oc-21d">
         <name>.debug_info</name>
         <load_address>0xc3f4</load_address>
         <run_address>0xc3f4</run_address>
         <size>0x107</size>
         <input_file_ref idref="fl-cd"/>
      </object_component>
      <object_component id="oc-c1">
         <name>.debug_info</name>
         <load_address>0xc4fb</load_address>
         <run_address>0xc4fb</run_address>
         <size>0x1cc</size>
         <input_file_ref idref="fl-cd"/>
      </object_component>
      <object_component id="oc-221">
         <name>.debug_info</name>
         <load_address>0xc6c7</load_address>
         <run_address>0xc6c7</run_address>
         <size>0x162</size>
         <input_file_ref idref="fl-cd"/>
      </object_component>
      <object_component id="oc-2f3">
         <name>.debug_info</name>
         <load_address>0xc829</load_address>
         <run_address>0xc829</run_address>
         <size>0x39</size>
         <input_file_ref idref="fl-cd"/>
      </object_component>
      <object_component id="oc-309">
         <name>.debug_info</name>
         <load_address>0xc862</load_address>
         <run_address>0xc862</run_address>
         <size>0x2ff</size>
         <input_file_ref idref="fl-ce"/>
      </object_component>
      <object_component id="oc-306">
         <name>.debug_info</name>
         <load_address>0xcb61</load_address>
         <run_address>0xcb61</run_address>
         <size>0x121</size>
         <input_file_ref idref="fl-ce"/>
      </object_component>
      <object_component id="oc-217">
         <name>.debug_info</name>
         <load_address>0xcc82</load_address>
         <run_address>0xcc82</run_address>
         <size>0x23a</size>
         <input_file_ref idref="fl-ce"/>
      </object_component>
      <object_component id="oc-368">
         <name>.debug_info</name>
         <load_address>0xcebc</load_address>
         <run_address>0xcebc</run_address>
         <size>0xf3</size>
         <input_file_ref idref="fl-cf"/>
      </object_component>
      <object_component id="oc-21a">
         <name>.debug_info</name>
         <load_address>0xcfaf</load_address>
         <run_address>0xcfaf</run_address>
         <size>0xfc</size>
         <input_file_ref idref="fl-cf"/>
      </object_component>
      <object_component id="oc-30d">
         <name>.debug_info</name>
         <load_address>0xd0ab</load_address>
         <run_address>0xd0ab</run_address>
         <size>0x86</size>
         <input_file_ref idref="fl-cf"/>
      </object_component>
      <object_component id="oc-25">
         <name>.debug_info</name>
         <load_address>0xd131</load_address>
         <run_address>0xd131</run_address>
         <size>0x10b</size>
         <input_file_ref idref="fl-d0"/>
      </object_component>
      <object_component id="oc-62">
         <name>.debug_info</name>
         <load_address>0xd23c</load_address>
         <run_address>0xd23c</run_address>
         <size>0x1a9</size>
         <input_file_ref idref="fl-d0"/>
      </object_component>
      <object_component id="oc-20d">
         <name>.debug_info</name>
         <load_address>0xd3e5</load_address>
         <run_address>0xd3e5</run_address>
         <size>0x2a4</size>
         <input_file_ref idref="fl-d1"/>
      </object_component>
      <object_component id="oc-b8">
         <name>.debug_info</name>
         <load_address>0xd689</load_address>
         <run_address>0xd689</run_address>
         <size>0x181</size>
         <input_file_ref idref="fl-d1"/>
      </object_component>
      <object_component id="oc-208">
         <name>.debug_info</name>
         <load_address>0xd80a</load_address>
         <run_address>0xd80a</run_address>
         <size>0x39</size>
         <input_file_ref idref="fl-d1"/>
      </object_component>
      <object_component id="oc-211">
         <name>.debug_info</name>
         <load_address>0xd843</load_address>
         <run_address>0xd843</run_address>
         <size>0x142</size>
         <input_file_ref idref="fl-d2"/>
      </object_component>
      <object_component id="oc-301">
         <name>.debug_info</name>
         <load_address>0xd985</load_address>
         <run_address>0xd985</run_address>
         <size>0x13f</size>
         <input_file_ref idref="fl-d3"/>
      </object_component>
      <object_component id="oc-35f">
         <name>.debug_info</name>
         <load_address>0xdac4</load_address>
         <run_address>0xdac4</run_address>
         <size>0x134</size>
         <input_file_ref idref="fl-d4"/>
      </object_component>
      <object_component id="oc-331">
         <name>.debug_info</name>
         <load_address>0xdbf8</load_address>
         <run_address>0xdbf8</run_address>
         <size>0x4b3</size>
         <input_file_ref idref="fl-d6"/>
      </object_component>
      <object_component id="oc-27a">
         <name>.debug_info</name>
         <load_address>0xe0ab</load_address>
         <run_address>0xe0ab</run_address>
         <size>0x1a6</size>
         <input_file_ref idref="fl-d6"/>
      </object_component>
      <object_component id="oc-36f">
         <name>.debug_info</name>
         <load_address>0xe251</load_address>
         <run_address>0xe251</run_address>
         <size>0x39</size>
         <input_file_ref idref="fl-d6"/>
      </object_component>
      <object_component id="oc-38a">
         <name>.debug_info</name>
         <load_address>0xe28a</load_address>
         <run_address>0xe28a</run_address>
         <size>0x39</size>
         <input_file_ref idref="fl-d6"/>
      </object_component>
      <object_component id="oc-374">
         <name>.debug_info</name>
         <load_address>0xe2c3</load_address>
         <run_address>0xe2c3</run_address>
         <size>0x39</size>
         <input_file_ref idref="fl-d6"/>
      </object_component>
      <object_component id="oc-379">
         <name>.debug_info</name>
         <load_address>0xe2fc</load_address>
         <run_address>0xe2fc</run_address>
         <size>0xcd</size>
         <input_file_ref idref="fl-d6"/>
      </object_component>
      <object_component id="oc-17d">
         <name>.debug_info</name>
         <load_address>0xe3c9</load_address>
         <run_address>0xe3c9</run_address>
         <size>0x153</size>
         <input_file_ref idref="fl-d7"/>
      </object_component>
      <object_component id="oc-270">
         <name>.debug_info</name>
         <load_address>0xe51c</load_address>
         <run_address>0xe51c</run_address>
         <size>0x122</size>
         <input_file_ref idref="fl-d9"/>
      </object_component>
      <object_component id="oc-354">
         <name>.debug_info</name>
         <load_address>0xe63e</load_address>
         <run_address>0xe63e</run_address>
         <size>0x2c9</size>
         <input_file_ref idref="fl-da"/>
      </object_component>
      <object_component id="oc-2e8">
         <name>.debug_info</name>
         <load_address>0xe907</load_address>
         <run_address>0xe907</run_address>
         <size>0x11e</size>
         <input_file_ref idref="fl-da"/>
      </object_component>
      <object_component id="oc-350">
         <name>.debug_info</name>
         <load_address>0xea25</load_address>
         <run_address>0xea25</run_address>
         <size>0x12e</size>
         <input_file_ref idref="fl-da"/>
      </object_component>
      <object_component id="oc-202">
         <name>.debug_info</name>
         <load_address>0xeb53</load_address>
         <run_address>0xeb53</run_address>
         <size>0x18d</size>
         <input_file_ref idref="fl-dc"/>
      </object_component>
      <object_component id="oc-358">
         <name>.debug_info</name>
         <load_address>0xece0</load_address>
         <run_address>0xece0</run_address>
         <size>0x39</size>
         <input_file_ref idref="fl-dc"/>
      </object_component>
      <object_component id="oc-2ee">
         <name>.debug_info</name>
         <load_address>0xed19</load_address>
         <run_address>0xed19</run_address>
         <size>0x39</size>
         <input_file_ref idref="fl-dc"/>
      </object_component>
      <object_component id="oc-34a">
         <name>.debug_info</name>
         <load_address>0xed52</load_address>
         <run_address>0xed52</run_address>
         <size>0x2bb</size>
         <input_file_ref idref="fl-dd"/>
      </object_component>
      <object_component id="oc-347">
         <name>.debug_info</name>
         <load_address>0xf00d</load_address>
         <run_address>0xf00d</run_address>
         <size>0x108</size>
         <input_file_ref idref="fl-dd"/>
      </object_component>
      <object_component id="oc-2dd">
         <name>.debug_info</name>
         <load_address>0xf115</load_address>
         <run_address>0xf115</run_address>
         <size>0x1df</size>
         <input_file_ref idref="fl-dd"/>
      </object_component>
      <object_component id="oc-2e4">
         <name>.debug_info</name>
         <load_address>0xf2f4</load_address>
         <run_address>0xf2f4</run_address>
         <size>0x19a</size>
         <input_file_ref idref="fl-dd"/>
      </object_component>
      <object_component id="oc-2fb">
         <name>.debug_info</name>
         <load_address>0xf48e</load_address>
         <run_address>0xf48e</run_address>
         <size>0x115</size>
         <input_file_ref idref="fl-de"/>
      </object_component>
      <object_component id="oc-2eb">
         <name>.debug_info</name>
         <load_address>0xf5a3</load_address>
         <run_address>0xf5a3</run_address>
         <size>0x3a3</size>
         <input_file_ref idref="fl-df"/>
      </object_component>
      <object_component id="oc-3c5">
         <name>.debug_info</name>
         <load_address>0xf946</load_address>
         <run_address>0xf946</run_address>
         <size>0xc8</size>
      </object_component>
      <object_component id="oc-2ad">
         <name>.debug_line</name>
         <load_address>0x0</load_address>
         <run_address>0x0</run_address>
         <size>0x32</size>
         <input_file_ref idref="fl-2"/>
      </object_component>
      <object_component id="oc-2ab">
         <name>.debug_line</name>
         <load_address>0x32</load_address>
         <run_address>0x32</run_address>
         <size>0x32</size>
         <input_file_ref idref="fl-2"/>
      </object_component>
      <object_component id="oc-2af">
         <name>.debug_line</name>
         <load_address>0x64</load_address>
         <run_address>0x64</run_address>
         <size>0x32</size>
         <input_file_ref idref="fl-2"/>
      </object_component>
      <object_component id="oc-2b1">
         <name>.debug_line</name>
         <load_address>0x96</load_address>
         <run_address>0x96</run_address>
         <size>0x32</size>
         <input_file_ref idref="fl-2"/>
      </object_component>
      <object_component id="oc-79">
         <name>.debug_line</name>
         <load_address>0xc8</load_address>
         <run_address>0xc8</run_address>
         <size>0x4d1</size>
         <input_file_ref idref="fl-2"/>
      </object_component>
      <object_component id="oc-15a">
         <name>.debug_line</name>
         <load_address>0x599</load_address>
         <run_address>0x599</run_address>
         <size>0x6f</size>
         <input_file_ref idref="fl-2"/>
      </object_component>
      <object_component id="oc-3f">
         <name>.debug_line</name>
         <load_address>0x608</load_address>
         <run_address>0x608</run_address>
         <size>0x20</size>
         <input_file_ref idref="fl-2"/>
      </object_component>
      <object_component id="oc-25a">
         <name>.debug_line</name>
         <load_address>0x628</load_address>
         <run_address>0x628</run_address>
         <size>0x73</size>
         <input_file_ref idref="fl-2"/>
      </object_component>
      <object_component id="oc-15f">
         <name>.debug_line</name>
         <load_address>0x69b</load_address>
         <run_address>0x69b</run_address>
         <size>0x70</size>
         <input_file_ref idref="fl-2"/>
      </object_component>
      <object_component id="oc-19e">
         <name>.debug_line</name>
         <load_address>0x70b</load_address>
         <run_address>0x70b</run_address>
         <size>0x32</size>
         <input_file_ref idref="fl-2"/>
      </object_component>
      <object_component id="oc-1a9">
         <name>.debug_line</name>
         <load_address>0x73d</load_address>
         <run_address>0x73d</run_address>
         <size>0x1ca</size>
         <input_file_ref idref="fl-3"/>
      </object_component>
      <object_component id="oc-256">
         <name>.debug_line</name>
         <load_address>0x907</load_address>
         <run_address>0x907</run_address>
         <size>0x2f</size>
         <input_file_ref idref="fl-3"/>
      </object_component>
      <object_component id="oc-2b3">
         <name>.debug_line</name>
         <load_address>0x936</load_address>
         <run_address>0x936</run_address>
         <size>0x2f</size>
         <input_file_ref idref="fl-3"/>
      </object_component>
      <object_component id="oc-2c7">
         <name>.debug_line</name>
         <load_address>0x965</load_address>
         <run_address>0x965</run_address>
         <size>0x2f</size>
         <input_file_ref idref="fl-3"/>
      </object_component>
      <object_component id="oc-2b5">
         <name>.debug_line</name>
         <load_address>0x994</load_address>
         <run_address>0x994</run_address>
         <size>0x2f</size>
         <input_file_ref idref="fl-3"/>
      </object_component>
      <object_component id="oc-1d8">
         <name>.debug_line</name>
         <load_address>0x9c3</load_address>
         <run_address>0x9c3</run_address>
         <size>0x2f</size>
         <input_file_ref idref="fl-3"/>
      </object_component>
      <object_component id="oc-2b7">
         <name>.debug_line</name>
         <load_address>0x9f2</load_address>
         <run_address>0x9f2</run_address>
         <size>0x2f</size>
         <input_file_ref idref="fl-3"/>
      </object_component>
      <object_component id="oc-1f7">
         <name>.debug_line</name>
         <load_address>0xa21</load_address>
         <run_address>0xa21</run_address>
         <size>0x2f</size>
         <input_file_ref idref="fl-3"/>
      </object_component>
      <object_component id="oc-2b9">
         <name>.debug_line</name>
         <load_address>0xa50</load_address>
         <run_address>0xa50</run_address>
         <size>0x2f</size>
         <input_file_ref idref="fl-3"/>
      </object_component>
      <object_component id="oc-254">
         <name>.debug_line</name>
         <load_address>0xa7f</load_address>
         <run_address>0xa7f</run_address>
         <size>0x2f</size>
         <input_file_ref idref="fl-3"/>
      </object_component>
      <object_component id="oc-2bb">
         <name>.debug_line</name>
         <load_address>0xaae</load_address>
         <run_address>0xaae</run_address>
         <size>0x2f</size>
         <input_file_ref idref="fl-3"/>
      </object_component>
      <object_component id="oc-2c9">
         <name>.debug_line</name>
         <load_address>0xadd</load_address>
         <run_address>0xadd</run_address>
         <size>0x2f</size>
         <input_file_ref idref="fl-3"/>
      </object_component>
      <object_component id="oc-2bd">
         <name>.debug_line</name>
         <load_address>0xb0c</load_address>
         <run_address>0xb0c</run_address>
         <size>0x2f</size>
         <input_file_ref idref="fl-3"/>
      </object_component>
      <object_component id="oc-2cb">
         <name>.debug_line</name>
         <load_address>0xb3b</load_address>
         <run_address>0xb3b</run_address>
         <size>0x2f</size>
         <input_file_ref idref="fl-3"/>
      </object_component>
      <object_component id="oc-2bf">
         <name>.debug_line</name>
         <load_address>0xb6a</load_address>
         <run_address>0xb6a</run_address>
         <size>0x2f</size>
         <input_file_ref idref="fl-3"/>
      </object_component>
      <object_component id="oc-2cd">
         <name>.debug_line</name>
         <load_address>0xb99</load_address>
         <run_address>0xb99</run_address>
         <size>0x2f</size>
         <input_file_ref idref="fl-3"/>
      </object_component>
      <object_component id="oc-2c1">
         <name>.debug_line</name>
         <load_address>0xbc8</load_address>
         <run_address>0xbc8</run_address>
         <size>0x2f</size>
         <input_file_ref idref="fl-3"/>
      </object_component>
      <object_component id="oc-2cf">
         <name>.debug_line</name>
         <load_address>0xbf7</load_address>
         <run_address>0xbf7</run_address>
         <size>0x2f</size>
         <input_file_ref idref="fl-3"/>
      </object_component>
      <object_component id="oc-2c3">
         <name>.debug_line</name>
         <load_address>0xc26</load_address>
         <run_address>0xc26</run_address>
         <size>0x2f</size>
         <input_file_ref idref="fl-3"/>
      </object_component>
      <object_component id="oc-2d1">
         <name>.debug_line</name>
         <load_address>0xc55</load_address>
         <run_address>0xc55</run_address>
         <size>0x2f</size>
         <input_file_ref idref="fl-3"/>
      </object_component>
      <object_component id="oc-2c5">
         <name>.debug_line</name>
[...]
               <size>0xbc</size>
               <logical_group_ref idref="lg-a"/>
            </allocated_space>
            <available_space>
               <start_address>0x200005ec</start_address>
               <size>0x7a14</size>
            </available_space>
         </usage_details>
      </memory_area>
   </placement_map>
   <cptbl_list>
      <cptbl>
         <name>__TI_cinit_table</name>
         <cprec>
            <name>.data</name>
            <load_address>0x2cf0</load_address>
            <load_size>0x6e</load_size>
            <run_address>0x20000530</run_address>
            <run_size>0xbc</run_size>
            <compression>lzss</compression>
         </cprec>
         <cprec>
            <name>.bss</name>
            <load_address>0x2d70</load_address>
            <load_size>0x8</load_size>
            <run_address>0x20000000</run_address>
            <run_size>0x32c</run_size>
            <compression>zero_init</compression>
         </cprec>
      </cptbl>
   </cptbl_list>
   <handler_table>
      <handler_table_name>__TI_handler_table</handler_table_name>
      <handler>
         <index>0x0</index>
         <name>__TI_decompress_lzss</name>
      </handler>
      <handler>
         <index>0x1</index>
         <name>__TI_decompress_none</name>
      </handler>
      <handler>
         <index>0x2</index>
         <name>__TI_zero_init</name>
      </handler>
   </handler_table>
   <symbol_table>
      <symbol id="sm-1">
         <name>__STACK_TOP</name>
         <value>0x20000530</value>
      </symbol>
      <symbol id="sm-2">
         <name>__start___llvm_prf_cnts</name>
         <value>0x20000000</value>
      </symbol>
      <symbol id="sm-3">
         <name>__stop___llvm_prf_cnts</name>
         <value>0x20000000</value>
      </symbol>
      <symbol id="sm-4">
         <name>__TI_CINIT_Base</name>
         <value>0x2d78</value>
      </symbol>
      <symbol id="sm-5">
         <name>__TI_CINIT_Limit</name>
         <value>0x2d88</value>
      </symbol>
      <symbol id="sm-6">
         <name>__TI_Handler_Table_Base</name>
         <value>0x2d60</value>
      </symbol>
      <symbol id="sm-7">
         <name>__TI_Handler_Table_Limit</name>
         <value>0x2d6c</value>
      </symbol>
      <symbol id="sm-8">
         <name>binit</name>
         <value>0xffffffff</value>
      </symbol>
      <symbol id="sm-9">
         <name>__binit__</name>
         <value>0xffffffff</value>
      </symbol>
      <symbol id="sm-a">
         <name>__STACK_SIZE</name>
         <value>0x200</value>
      </symbol>
      <symbol id="sm-b">
         <name>__STACK_END</name>
         <value>0x20000530</value>
      </symbol>
      <symbol id="sm-c">
         <name>__c_args__</name>
         <value>0xffffffff</value>
      </symbol>
      <symbol id="sm-d">
         <name>__TI_pprof_out_hndl</name>
         <value>0xffffffff</value>
      </symbol>
      <symbol id="sm-e">
         <name>__TI_prof_data_start</name>
         <value>0xffffffff</value>
      </symbol>
      <symbol id="sm-f">
         <name>__TI_prof_data_size</name>
         <value>0xffffffff</value>
      </symbol>
      <symbol id="sm-e6">
         <name>Screen</name>
         <value>0x20000000</value>
      </symbol>
      <symbol id="sm-e7">
         <name>Nokia5110_DrawImage</name>
         <value>0xbbb</value>
         <object_component_ref idref="oc-74"/>
      </symbol>
      <symbol id="sm-e8">
         <name>Nokia5110_SetCursor</name>
         <value>0x665</value>
         <object_component_ref idref="oc-74"/>
      </symbol>
      <symbol id="sm-e9">
         <name>Nokia5110_ClearBuffer</name>
         <value>0x911</value>
         <object_component_ref idref="oc-74"/>
      </symbol>
      <symbol id="sm-ea">
         <name>Nokia5110_PrintBMP</name>
         <value>0x72d</value>
         <object_component_ref idref="oc-74"/>
      </symbol>
      <symbol id="sm-eb">
         <name>Nokia5110_img_16</name>
         <value>0xb21</value>
         <object_component_ref idref="oc-74"/>
      </symbol>
      <symbol id="sm-ec">
         <name>Nokia5110_SetPxl</name>
         <value>0x977</value>
         <object_component_ref idref="oc-74"/>
      </symbol>
      <symbol id="sm-ed">
         <name>Nokia5110_DisplayBuffer</name>
         <value>0x93b</value>
         <object_component_ref idref="oc-74"/>
      </symbol>
      <symbol id="sm-ee">
         <name>Nokia5110_PrintBMP2</name>
         <value>0x99d</value>
         <object_component_ref idref="oc-74"/>
      </symbol>
      <symbol id="sm-ef">
         <name>Nokia5110_Init</name>
         <value>0x2db</value>
         <object_component_ref idref="oc-74"/>
      </symbol>
      <symbol id="sm-f0">
         <name>Nokia5110_DrawFullImage</name>
         <value>0x6e5</value>
         <object_component_ref idref="oc-74"/>
      </symbol>
      <symbol id="sm-f1">
         <name>Nokia5110_OutString</name>
         <value>0x435</value>
         <object_component_ref idref="oc-74"/>
      </symbol>
      <symbol id="sm-f2">
         <name>Nokia5110_DrawImage_status</name>
         <value>0xc05</value>
         <object_component_ref idref="oc-74"/>
      </symbol>
      <symbol id="sm-f3">
         <name>Nokia5110_img</name>
         <value>0xa81</value>
         <object_component_ref idref="oc-74"/>
      </symbol>
      <symbol id="sm-f4">
         <name>Nokia5110_SetPxl_status</name>
         <value>0xa55</value>
         <object_component_ref idref="oc-74"/>
      </symbol>
      <symbol id="sm-f5">
         <name>Nokia5110_OutUDec</name>
         <value>0x461</value>
         <object_component_ref idref="oc-74"/>
      </symbol>
      <symbol id="sm-f6">
         <name>Nokia5110_OutChar</name>
         <value>0x3f5</value>
         <object_component_ref idref="oc-74"/>
      </symbol>
      <symbol id="sm-f7">
         <name>Nokia5110_ClrPxl</name>
         <value>0x945</value>
         <object_component_ref idref="oc-74"/>
      </symbol>
      <symbol id="sm-f8">
         <name>Nokia5110_Clear</name>
         <value>0x6b5</value>
         <object_component_ref idref="oc-74"/>
      </symbol>
      <symbol id="sm-f9">
         <name>Masks</name>
         <value>0x2cc2</value>
         <object_component_ref idref="oc-194"/>
      </symbol>
      <symbol id="sm-24d">
         <name>first_t</name>
         <value>0x20000324</value>
      </symbol>
      <symbol id="sm-24e">
         <name>temperature2</name>
         <value>0x20000328</value>
      </symbol>
      <symbol id="sm-24f">
         <name>aux</name>
         <value>0x20000320</value>
      </symbol>
      <symbol id="sm-250">
         <name>option</name>
         <value>0x20000540</value>
         <object_component_ref idref="oc-83"/>
      </symbol>
      <symbol id="sm-251">
         <name>dia_semana</name>
         <value>0x20000544</value>
         <object_component_ref idref="oc-83"/>
      </symbol>
      <symbol id="sm-252">
         <name>auxiliar</name>
         <value>0x20000530</value>
         <object_component_ref idref="oc-83"/>
      </symbol>
      <symbol id="sm-253">
         <name>hora</name>
         <value>0x20000550</value>
         <object_component_ref idref="oc-83"/>
      </symbol>
      <symbol id="sm-254">
         <name>dia_mes</name>
         <value>0x20000548</value>
         <object_component_ref idref="oc-83"/>
      </symbol>
      <symbol id="sm-255">
         <name>i</name>
         <value>0x20000558</value>
         <object_component_ref idref="oc-83"/>
      </symbol>
      <symbol id="sm-256">
         <name>num_big</name>
         <value>0x20000560</value>
         <object_component_ref idref="oc-8f"/>
      </symbol>
      <symbol id="sm-257">
         <name>num_small</name>
         <value>0x20000588</value>
         <object_component_ref idref="oc-9f"/>
      </symbol>
      <symbol id="sm-258">
         <name>tempmin</name>
         <value>0x2000053c</value>
         <object_component_ref idref="oc-83"/>
      </symbol>
      <symbol id="sm-259">
         <name>minutos</name>
         <value>0x20000554</value>
         <object_component_ref idref="oc-83"/>
      </symbol>
      <symbol id="sm-25a">
         <name>main</name>
         <value>0x1145</value>
         <object_component_ref idref="oc-2d"/>
      </symbol>
      <symbol id="sm-25b">
         <name>tempmax</name>
         <value>0x20000538</value>
         <object_component_ref idref="oc-83"/>
      </symbol>
      <symbol id="sm-25c">
         <name>aux2</name>
         <value>0x20000534</value>
         <object_component_ref idref="oc-83"/>
      </symbol>
      <symbol id="sm-25d">
         <name>mes</name>
         <value>0x2000054c</value>
         <object_component_ref idref="oc-83"/>
      </symbol>
      <symbol id="sm-25e">
         <name>temperatura</name>
         <value>0xd41</value>
         <object_component_ref idref="oc-2d"/>
      </symbol>
      <symbol id="sm-25f">
         <name>media_temperatura</name>
         <value>0xe99</value>
         <object_component_ref idref="oc-2d"/>
      </symbol>
      <symbol id="sm-260">
         <name>first</name>
         <value>0x2000055c</value>
         <object_component_ref idref="oc-83"/>
      </symbol>
      <symbol id="sm-261">
         <name>tempo1</name>
         <value>0x23f4</value>
         <object_component_ref idref="oc-146"/>
      </symbol>
      <symbol id="sm-262">
         <name>Timer1IntHandler</name>
         <value>0x131d</value>
         <object_component_ref idref="oc-2d"/>
      </symbol>
      <symbol id="sm-27e">
         <name>ResetISR</name>
         <value>0x23c5</value>
         <object_component_ref idref="oc-27"/>
      </symbol>
      <symbol id="sm-27f">
         <name>g_pfnVectors</name>
         <value>0x0</value>
         <object_component_ref idref="oc-12"/>
      </symbol>
      <symbol id="sm-2ca">
         <name>ADCProcessorTrigger</name>
         <value>0x230b</value>
         <object_component_ref idref="oc-117"/>
      </symbol>
      <symbol id="sm-2cb">
         <name>ADCSequenceEnable</name>
         <value>0x2381</value>
         <object_component_ref idref="oc-105"/>
      </symbol>
      <symbol id="sm-2cc">
         <name>ADCSequenceConfigure</name>
         <value>0x204d</value>
         <object_component_ref idref="oc-f9"/>
      </symbol>
      <symbol id="sm-2cd">
         <name>ADCSequenceStepConfigure</name>
         <value>0x1dc7</value>
         <object_component_ref idref="oc-ff"/>
      </symbol>
      <symbol id="sm-2ce">
         <name>ADCIntClear</name>
         <value>0x23d1</value>
         <object_component_ref idref="oc-111"/>
      </symbol>
      <symbol id="sm-2cf">
         <name>ADCIntStatus</name>
         <value>0x2275</value>
         <object_component_ref idref="oc-11d"/>
      </symbol>
      <symbol id="sm-2d0">
         <name>ADCSequenceDataGet</name>
         <value>0x22d1</value>
         <object_component_ref idref="oc-123"/>
      </symbol>
      <symbol id="sm-305">
         <name>HibernateRTCSet</name>
         <value>0x22a5</value>
         <object_component_ref idref="oc-cf"/>
      </symbol>
      <symbol id="sm-306">
         <name>HibernateEnableExpClk</name>
         <value>0x2325</value>
         <object_component_ref idref="oc-c9"/>
      </symbol>
      <symbol id="sm-307">
         <name>HibernateRTCEnable</name>
         <value>0x2339</value>
         <object_component_ref idref="oc-d5"/>
      </symbol>
      <symbol id="sm-337">
         <name>IntEnable</name>
         <value>0x1f1d</value>
         <object_component_ref idref="oc-ed"/>
      </symbol>
      <symbol id="sm-338">
         <name>IntMasterEnable</name>
         <value>0x235f</value>
         <object_component_ref idref="oc-db"/>
      </symbol>
      <symbol id="sm-38a">
         <name>SysCtlClockSet</name>
         <value>0x1ba1</value>
         <object_component_ref idref="oc-b1"/>
      </symbol>
      <symbol id="sm-38b">
         <name>SysCtlDelay</name>
         <value>0x23e3</value>
         <object_component_ref idref="oc-1ff"/>
      </symbol>
      <symbol id="sm-38c">
         <name>SysCtlPeripheralEnable</name>
         <value>0x21d9</value>
         <object_component_ref idref="oc-ab"/>
      </symbol>
      <symbol id="sm-38d">
         <name>SysCtlClockGet</name>
         <value>0x1a91</value>
         <object_component_ref idref="oc-c3"/>
      </symbol>
      <symbol id="sm-3c1">
         <name>TimerLoadSet</name>
         <value>0x234d</value>
         <object_component_ref idref="oc-e7"/>
      </symbol>
      <symbol id="sm-3c2">
         <name>TimerEnable</name>
         <value>0x238f</value>
         <object_component_ref idref="oc-10b"/>
      </symbol>
      <symbol id="sm-3c3">
         <name>TimerIntEnable</name>
         <value>0x23db</value>
         <object_component_ref idref="oc-f3"/>
      </symbol>
      <symbol id="sm-3c4">
         <name>TimerConfigure</name>
         <value>0x1fed</value>
         <object_component_ref idref="oc-e1"/>
      </symbol>
      <symbol id="sm-3c5">
         <name>TimerIntClear</name>
         <value>0x23e9</value>
         <object_component_ref idref="oc-13d"/>
      </symbol>
      <symbol id="sm-3cf">
         <name>CPUcpsie</name>
         <value>0x23b9</value>
         <object_component_ref idref="oc-234"/>
      </symbol>
      <symbol id="sm-3e6">
         <name>__aeabi_dsub</name>
         <value>0x1671</value>
         <object_component_ref idref="oc-133"/>
      </symbol>
      <symbol id="sm-3e7">
         <name>__aeabi_dadd</name>
         <value>0x167b</value>
         <object_component_ref idref="oc-133"/>
      </symbol>
      <symbol id="sm-3fb">
         <name>__aeabi_ddiv</name>
         <value>0x1827</value>
         <object_component_ref idref="oc-12e"/>
      </symbol>
      <symbol id="sm-407">
         <name>__aeabi_d2f</name>
         <value>0x1e41</value>
         <object_component_ref idref="oc-138"/>
      </symbol>
      <symbol id="sm-412">
         <name>__aeabi_f2d</name>
         <value>0x21a1</value>
         <object_component_ref idref="oc-129"/>
      </symbol>
      <symbol id="sm-42d">
         <name>memcpy</name>
         <value>0x1c95</value>
         <object_component_ref idref="oc-41"/>
      </symbol>
      <symbol id="sm-42e">
         <name>__aeabi_memcpy</name>
         <value>0x1c95</value>
         <object_component_ref idref="oc-41"/>
      </symbol>
      <symbol id="sm-42f">
         <name>__aeabi_memcpy8</name>
         <value>0x1c95</value>
         <object_component_ref idref="oc-41"/>
      </symbol>
      <symbol id="sm-430">
         <name>__aeabi_memcpy4</name>
         <value>0x1c95</value>
         <object_component_ref idref="oc-41"/>
      </symbol>
      <symbol id="sm-449">
         <name>__TI_zero_init_nomemset</name>
         <value>0x22ef</value>
         <object_component_ref idref="oc-4d"/>
      </symbol>
      <symbol id="sm-460">
         <name>__TI_decompress_none</name>
         <value>0x23ab</value>
         <object_component_ref idref="oc-1b"/>
      </symbol>
      <symbol id="sm-483">
         <name>__TI_decompress_lzss</name>
         <value>0x1f85</value>
         <object_component_ref idref="oc-15"/>
      </symbol>
      <symbol id="sm-4b0">
         <name>__localtime32</name>
         <value>0x195d</value>
         <object_component_ref idref="oc-bd"/>
      </symbol>
      <symbol id="sm-4b1">
         <name>localtime</name>
         <value>0x195d</value>
         <object_component_ref idref="oc-bd"/>
      </symbol>
      <symbol id="sm-4e3">
         <name>mktime</name>
         <value>0x13d1</value>
         <object_component_ref idref="oc-213"/>
      </symbol>
      <symbol id="sm-4e4">
         <name>__mktime32</name>
         <value>0x13d1</value>
         <object_component_ref idref="oc-213"/>
      </symbol>
      <symbol id="sm-4f4">
         <name>_tz</name>
         <value>0x200005d4</value>
         <object_component_ref idref="oc-219"/>
      </symbol>
      <symbol id="sm-507">
         <name>__stack</name>
         <value>0x20000330</value>
         <object_component_ref idref="oc-24"/>
      </symbol>
      <symbol id="sm-508">
         <name>_c_int00_noargs</name>
         <value>0x2241</value>
         <object_component_ref idref="oc-5f"/>
      </symbol>
      <symbol id="sm-51b">
         <name>__time32</name>
         <value>0x239d</value>
         <object_component_ref idref="oc-b7"/>
      </symbol>
      <symbol id="sm-51c">
         <name>time</name>
         <value>0x239d</value>
         <object_component_ref idref="oc-b7"/>
      </symbol>
      <symbol id="sm-52b">
         <name>__aeabi_uidivmod</name>
         <value>0x2129</value>
         <object_component_ref idref="oc-20e"/>
      </symbol>
      <symbol id="sm-52c">
         <name>__aeabi_uidiv</name>
         <value>0x2129</value>
         <object_component_ref idref="oc-20e"/>
      </symbol>
      <symbol id="sm-53a">
         <name>__aeabi_ldivmod</name>
         <value>0x1eaf</value>
         <object_component_ref idref="oc-300"/>
      </symbol>
      <symbol id="sm-547">
         <name>__aeabi_uldivmod</name>
         <value>0x1d31</value>
         <object_component_ref idref="oc-35e"/>
      </symbol>
      <symbol id="sm-570">
         <name>__TI_auto_init_nobinit_nopinit</name>
         <value>0x20e5</value>
         <object_component_ref idref="oc-278"/>
      </symbol>
      <symbol id="sm-57a">
         <name>_system_pre_init</name>
         <value>0x23ed</value>
         <object_component_ref idref="oc-17c"/>
      </symbol>
      <symbol id="sm-586">
         <name>C$$EXIT</name>
         <value>0x23f1</value>
         <object_component_ref idref="oc-26c"/>
      </symbol>
      <symbol id="sm-587">
         <name>abort</name>
         <value>0x23f1</value>
         <object_component_ref idref="oc-26c"/>
      </symbol>
      <symbol id="sm-59c">
         <name>_nop</name>
         <value>0x22a3</value>
         <object_component_ref idref="oc-34c"/>
      </symbol>
      <symbol id="sm-59d">
         <name>_lock</name>
         <value>0x200005e4</value>
         <object_component_ref idref="oc-2e7"/>
      </symbol>
      <symbol id="sm-59e">
         <name>_unlock</name>
         <value>0x200005e8</value>
         <object_component_ref idref="oc-2e7"/>
      </symbol>
      <symbol id="sm-5b7">
         <name>HOSTtime</name>
         <value>0x209d</value>
         <object_component_ref idref="oc-201"/>
      </symbol>
      <symbol id="sm-5db">
         <name>__TI_readmsg</name>
         <value>0x220d</value>
         <object_component_ref idref="oc-2e1"/>
      </symbol>
      <symbol id="sm-5dc">
         <name>C$$IO$$</name>
         <value>0x2197</value>
         <object_component_ref idref="oc-2db"/>
      </symbol>
      <symbol id="sm-5dd">
         <name>__CIOBUF_</name>
         <value>0x200001f8</value>
         <object_component_ref idref="oc-346"/>
      </symbol>
      <symbol id="sm-5de">
         <name>__TI_writemsg</name>
         <value>0x2169</value>
         <object_component_ref idref="oc-2db"/>
      </symbol>
      <symbol id="sm-5e8">
         <name>__aeabi_idiv0</name>
         <value>0x2323</value>
         <object_component_ref idref="oc-2fa"/>
      </symbol>
      <symbol id="sm-5e9">
         <name>__aeabi_ldiv0</name>
         <value>0x2323</value>
         <object_component_ref idref="oc-2fa"/>
      </symbol>
      <symbol id="sm-5ef">
         <name>parmbuf</name>
         <value>0x20000318</value>
      </symbol>
      <symbol id="sm-5f1">
         <name>__TI_static_base__</name>
         <value>0x0</value>
      </symbol>
      <symbol id="sm-5f4">
         <name>__mpu_init</name>
         <value>0x0</value>
      </symbol>
      <symbol id="sm-5f5">
         <name>_system_post_cinit</name>
         <value>0x0</value>
      </symbol>
   </symbol_table>
   <title>Link successful</title>
</link_info>
