******************************************************************************
                  TI ARM Linker Unix v18.1.5                   
******************************************************************************
>> Linked Mon May  6 21:49:27 2019

OUTPUT FILE NAME:   <lab4.out>
ENTRY POINT SYMBOL: "_c_int00_noargs"  address: 00000a61


MEMORY CONFIGURATION

         name            origin    length      used     unused   attr    fill
----------------------  --------  ---------  --------  --------  ----  --------
  FLASH                 00000000   00040000  00000b36  0003f4ca  R  X
  SRAM                  20000000   00008000  000002a8  00007d58  RW X


SEGMENT ALLOCATION MAP

run origin  load origin   length   init length attrs members
----------  ----------- ---------- ----------- ----- -------
00000000    00000000    00000b3c   00000b3c    r-x
  00000000    00000000    0000026c   0000026c    r-- .intvecs
  0000026c    0000026c    0000084e   0000084e    r-x .text
  00000abc    00000abc    00000008   00000008    r-- .const
  00000ac8    00000ac8    00000074   00000074    r-- .cinit
20000000    20000000    000002a8   00000000    rw-
  20000000    20000000    00000200   00000000    rw- .stack
  20000200    20000200    000000a8   00000000    rw- .data


SECTION ALLOCATION MAP

 output                                  attributes/
section   page    origin      length       input sections
--------  ----  ----------  ----------   ----------------
.intvecs   0    00000000    0000026c     
                  00000000    0000026c     tm4c123gh6pm_startup_ccs.obj (.intvecs)

.text      0    0000026c    0000084e     
                  0000026c    000006ac     main.obj (.text)
                  00000918    0000009c     rtsv7M4_T_le_v4SPD16_eabi.lib : memcpy_t2.asm.obj (.text)
                  000009b4    00000068                                   : copy_decompress_lzss.c.obj (.text:decompress:lzss:__TI_decompress_lzss)
                  00000a1c    00000044                                   : autoinit.c.obj (.text:__TI_auto_init_nobinit_nopinit:__TI_auto_init_nobinit_nopinit)
                  00000a60    00000038                                   : boot_cortex_m.c.obj (.text:_c_int00_noargs:_c_int00_noargs)
                  00000a98    0000000e                                   : copy_decompress_none.c.obj (.text:decompress:none:__TI_decompress_none)
                  00000aa6    0000000c     tm4c123gh6pm_startup_ccs.obj (.text)
                  00000ab2    00000004     rtsv7M4_T_le_v4SPD16_eabi.lib : pre_init.c.obj (.text:_system_pre_init)
                  00000ab6    00000004                                   : exit.c.obj (.text:abort:abort)

.const     0    00000abc    00000008     
                  00000abc    00000008     main.obj (.const)

.cinit     0    00000ac8    00000074     
                  00000ac8    00000063     (.cinit..data.load) [load image, compression = lzss]
                  00000b2b    00000001     --HOLE-- [fill = 0]
                  00000b2c    00000008     (__TI_handler_table)
                  00000b34    00000008     (__TI_cinit_table)

.init_array 
*          0    00000000    00000000     UNINITIALIZED

.data      0    20000200    000000a8     UNINITIALIZED
                  20000200    00000058     main.obj (.data)
                  20000258    00000040     main.obj (.data:vector_numbers)
                  20000298    00000010     main.obj (.data:vector_digits)

.stack     0    20000000    00000200     UNINITIALIZED
                  20000000    00000004     rtsv7M4_T_le_v4SPD16_eabi.lib : boot_cortex_m.c.obj (.stack)
                  20000004    000001fc     --HOLE--

MODULE SUMMARY

       Module                         code   ro data   rw data
       ------                         ----   -------   -------
    ./
       main.obj                       1708   8         168    
       tm4c123gh6pm_startup_ccs.obj   12     620       0      
    +--+------------------------------+------+---------+---------+
       Total:                         1720   628       168    
                                                              
    /home/freitasufsc/ti/ccsv8/tools/compiler/ti-cgt-arm_18.1.5.LTS/lib/rtsv7M4_T_le_v4SPD16_eabi.lib
       memcpy_t2.asm.obj              156    0         0      
       copy_decompress_lzss.c.obj     104    0         0      
       autoinit.c.obj                 68     0         0      
       boot_cortex_m.c.obj            56     0         0      
       copy_decompress_none.c.obj     14     0         0      
       exit.c.obj                     4      0         0      
       pre_init.c.obj                 4      0         0      
    +--+------------------------------+------+---------+---------+
       Total:                         406    0         0      
                                                              
       Stack:                         0      0         512    
       Linker Generated:              0      115       0      
    +--+------------------------------+------+---------+---------+
       Grand Total:                   2126   743       680    


LINKER GENERATED COPY TABLES

__TI_cinit_table @ 00000b34 records: 1, size/record: 8, table size: 8
	.data: load addr=00000ac8, load size=00000063 bytes, run addr=20000200, run size=000000a8 bytes, compression=lzss


LINKER GENERATED HANDLER TABLE

__TI_handler_table @ 00000b2c records: 2, size/record: 4, table size: 8
	index: 0, handler: __TI_decompress_lzss
	index: 1, handler: __TI_decompress_none


GLOBAL SYMBOLS: SORTED ALPHABETICALLY BY Name 

address   name                          
-------   ----                          
00000ab7  C$$EXIT                       
00000369  GPIO_escrita                  
00000351  GPIO_leitura                  
00000aa7  ResetISR                      
00000627  Systick_debouncer             
20000200  __STACK_END                   
00000200  __STACK_SIZE                  
20000200  __STACK_TOP                   
00000b34  __TI_CINIT_Base               
00000b3c  __TI_CINIT_Limit              
00000b2c  __TI_Handler_Table_Base       
00000b34  __TI_Handler_Table_Limit      
00000a1d  __TI_auto_init_nobinit_nopinit
000009b5  __TI_decompress_lzss          
00000a99  __TI_decompress_none          
ffffffff  __TI_pprof_out_hndl           
ffffffff  __TI_prof_data_size           
ffffffff  __TI_prof_data_start          
00000000  __TI_static_base__            
00000919  __aeabi_memcpy                
00000919  __aeabi_memcpy4               
00000919  __aeabi_memcpy8               
ffffffff  __binit__                     
ffffffff  __c_args__                    
UNDEFED   __mpu_init                    
20000000  __stack                       
00000a61  _c_int00_noargs               
UNDEFED   _system_post_cinit            
00000ab3  _system_pre_init              
00000ab7  abort                         
ffffffff  binit                         
20000224  c                             
0000050b  configInt_GPIO                
000005fd  configPeriodoSystick          
00000313  configuraPino_entrada         
000002d5  configuraPino_saida           
0000074d  cronometro                    
2000022c  ctd                           
20000238  decimo_segundo                
0000026d  delay_system                  
000005eb  desabilitaIntSystick          
000005b5  desabilitaInt_GPIO            
000003db  digito                        
0000040b  digito_numeros_iguais         
0000043b  digito_ponto_intermitente     
000006a5  escreve_4_digitos             
2000023c  first                         
00000000  g_pfnVectors                  
20000248  h1                            
2000024c  h2                            
000005df  habilitaIntSystick            
0000058d  habilitaInt_GPIO              
000004ed  habilitaInterrupcao           
000005d3  habilitaSystick               
000002c1  habilita_clockGPIO            
000004e3  habilita_interrupcao_global   
20000234  i                             
20000220  j                             
20000228  l                             
0000060f  limpaInt_GPIO                 
00000423  limpa_digito                  
00000457  limpa_diplay                  
000003a3  lock_GPIO                     
20000250  m1                            
20000254  m2                            
00000853  main                          
00000919  memcpy                        
20000210  n1                            
20000214  n2                            
20000218  n3                            
2000021c  n4                            
000003b5  numero                        
20000230  pause                         
00000483  pontos_intermitentes          
000007d1  relogio                       
00000449  segmento_ponto_intermitente   
20000240  sw1                           
20000244  sw2                           
20000204  systick_cronometro            
2000020c  systick_debouncer_number      
20000208  systick_relogio               
00000ac0  timer_doopler                 
00000abc  timer_duvidoso_mili_80MHz     
00000493  toggle                        
0000063b  trataIntGPIOF                 
0000067f  trataSystick                  
20000200  um_minuto_catodo              
00000389  unlock_GPIO                   
20000298  vector_digits                 
20000258  vector_numbers                


GLOBAL SYMBOLS: SORTED BY Symbol Address 

address   name                          
-------   ----                          
00000000  __TI_static_base__            
00000000  g_pfnVectors                  
00000200  __STACK_SIZE                  
0000026d  delay_system                  
000002c1  habilita_clockGPIO            
000002d5  configuraPino_saida           
00000313  configuraPino_entrada         
00000351  GPIO_leitura                  
00000369  GPIO_escrita                  
00000389  unlock_GPIO                   
000003a3  lock_GPIO                     
000003b5  numero                        
000003db  digito                        
0000040b  digito_numeros_iguais         
00000423  limpa_digito                  
0000043b  digito_ponto_intermitente     
00000449  segmento_ponto_intermitente   
00000457  limpa_diplay                  
00000483  pontos_intermitentes          
00000493  toggle                        
000004e3  habilita_interrupcao_global   
000004ed  habilitaInterrupcao           
0000050b  configInt_GPIO                
0000058d  habilitaInt_GPIO              
000005b5  desabilitaInt_GPIO            
000005d3  habilitaSystick               
000005df  habilitaIntSystick            
000005eb  desabilitaIntSystick          
000005fd  configPeriodoSystick          
0000060f  limpaInt_GPIO                 
00000627  Systick_debouncer             
0000063b  trataIntGPIOF                 
0000067f  trataSystick                  
000006a5  escreve_4_digitos             
0000074d  cronometro                    
000007d1  relogio                       
00000853  main                          
00000919  __aeabi_memcpy                
00000919  __aeabi_memcpy4               
00000919  __aeabi_memcpy8               
00000919  memcpy                        
000009b5  __TI_decompress_lzss          
00000a1d  __TI_auto_init_nobinit_nopinit
00000a61  _c_int00_noargs               
00000a99  __TI_decompress_none          
00000aa7  ResetISR                      
00000ab3  _system_pre_init              
00000ab7  C$$EXIT                       
00000ab7  abort                         
00000abc  timer_duvidoso_mili_80MHz     
00000ac0  timer_doopler                 
00000b2c  __TI_Handler_Table_Base       
00000b34  __TI_CINIT_Base               
00000b34  __TI_Handler_Table_Limit      
00000b3c  __TI_CINIT_Limit              
20000000  __stack                       
20000200  __STACK_END                   
20000200  __STACK_TOP                   
20000200  um_minuto_catodo              
20000204  systick_cronometro            
20000208  systick_relogio               
2000020c  systick_debouncer_number      
20000210  n1                            
20000214  n2                            
20000218  n3                            
2000021c  n4                            
20000220  j                             
20000224  c                             
20000228  l                             
2000022c  ctd                           
20000230  pause                         
20000234  i                             
20000238  decimo_segundo                
2000023c  first                         
20000240  sw1                           
20000244  sw2                           
20000248  h1                            
2000024c  h2                            
20000250  m1                            
20000254  m2                            
20000258  vector_numbers                
20000298  vector_digits                 
ffffffff  __TI_pprof_out_hndl           
ffffffff  __TI_prof_data_size           
ffffffff  __TI_prof_data_start          
ffffffff  __binit__                     
ffffffff  __c_args__                    
ffffffff  binit                         
UNDEFED   __mpu_init                    
UNDEFED   _system_post_cinit            

[90 symbols]
