******************************************************************************
                  TI ARM Linker Unix v18.1.5                   
******************************************************************************
>> Linked Sat Jun 29 22:12:13 2019

OUTPUT FILE NAME:   <PWM_led.out>
ENTRY POINT SYMBOL: "_c_int00_noargs"  address: 000025c1


MEMORY CONFIGURATION

         name            origin    length      used     unused   attr    fill
----------------------  --------  ---------  --------  --------  ----  --------
  FLASH                 00000000   00040000  00002fb4  0003d04c  R  X
  SRAM                  20000000   00008000  000005f4  00007a0c  RW X


SEGMENT ALLOCATION MAP

run origin  load origin   length   init length attrs members
----------  ----------- ---------- ----------- ----- -------
00000000    00000000    00002fb8   00002fb8    r-x
  00000000    00000000    0000026c   0000026c    r-- .intvecs
  0000026c    0000026c    000025b6   000025b6    r-x .text
  00002824    00002824    000006b2   000006b2    r-- .const
  00002ed8    00002ed8    000000e0   000000e0    r-- .cinit
20000000    20000000    000005f4   00000000    rw-
  20000000    20000000    00000220   00000000    rw- .bss
  20000220    20000220    00000200   00000000    rw- .stack
  20000420    20000420    000001d4   00000000    rw- .data


SECTION ALLOCATION MAP

 output                                  attributes/
section   page    origin      length       input sections
--------  ----  ----------  ----------   ----------------
.intvecs   0    00000000    0000026c     
                  00000000    0000026c     tm4c1232h6pm_startup_ccs.obj (.intvecs)

.text      0    0000026c    000025b6     
                  0000026c    000011fc     main.obj (.text)
                  00001468    00000ad4     Nokia5110.obj (.text)
                  00001f3c    00000132     driverlib.lib : gpio.obj (.text:GPIOPadConfigSet)
                  0000206e    00000002     rtsv7M4_T_le_v4SPD16_eabi.lib : div0.asm.obj (.text)
                  00002070    00000110     driverlib.lib : sysctl.obj (.text:SysCtlClockGet)
                  00002180    000000f4                   : sysctl.obj (.text:SysCtlClockSet)
                  00002274    0000009c     rtsv7M4_T_le_v4SPD16_eabi.lib : memcpy_t2.asm.obj (.text)
                  00002310    0000007a     driverlib.lib : adc.obj (.text:ADCSequenceStepConfigure)
                  0000238a    00000002     --HOLE-- [fill = 0]
                  0000238c    00000068                   : interrupt.obj (.text:IntEnable)
                  000023f4    00000068     rtsv7M4_T_le_v4SPD16_eabi.lib : copy_decompress_lzss.c.obj (.text:decompress:lzss:__TI_decompress_lzss)
                  0000245c    00000050     driverlib.lib : adc.obj (.text:ADCSequenceConfigure)
                  000024ac    00000048                   : gpio.obj (.text:GPIOPinConfigure)
                  000024f4    00000046                   : uart.obj (.text:UARTConfigSetExpClk)
                  0000253a    00000002     --HOLE-- [fill = 0]
                  0000253c    00000044     rtsv7M4_T_le_v4SPD16_eabi.lib : autoinit.c.obj (.text:__TI_auto_init_nobinit_nopinit:__TI_auto_init_nobinit_nopinit)
                  00002580    00000040                                   : u_divt2.asm.obj (.text)
                  000025c0    00000038                                   : boot_cortex_m.c.obj (.text:_c_int00_noargs:_c_int00_noargs)
                  000025f8    00000034     driverlib.lib : sysctl.obj (.text:SysCtlPeripheralEnable)
                  0000262c    0000002a                   : gpio.obj (.text:GPIODirModeSet)
                  00002656    00000022                   : pwm.obj (.text:PWMGenConfigure)
                  00002678    00000020                   : uart.obj (.text:UARTDisable)
                  00002698    0000001e                   : adc.obj (.text:ADCSequenceDataGet)
                  000026b6    0000001e                   : pwm.obj (.text:PWMPulseWidthSet)
                  000026d4    00000018                   : adc.obj (.text:ADCProcessorTrigger)
                  000026ec    00000014                   : sysctl.obj (.text:SysCtlPWMClockSet)
                  00002700    00000014                   : uart.obj (.text:UARTEnable)
                  00002714    00000012                   : gpio.obj (.text:GPIOPinTypePWM)
                  00002726    00000012                   : gpio.obj (.text:GPIOPinTypeUART)
                  00002738    00000012                   : pwm.obj (.text:PWMOutputState)
                  0000274a    00000012     rtsv7M4_T_le_v4SPD16_eabi.lib : copy_zero_init.c.obj (.text:decompress:ZI:__TI_zero_init_nomemset:__TI_zero_init_nomemset)
                  0000275c    00000010     driverlib.lib : adc.obj (.text:ADCIntEnable)
                  0000276c    00000010                   : interrupt.obj (.text:IntMasterEnable)
                  0000277c    00000010                   : pwm.obj (.text:PWMGenPeriodSet)
                  0000278c    0000000e                   : adc.obj (.text:ADCIntDisable)
                  0000279a    0000000e                   : adc.obj (.text:ADCSequenceEnable)
                  000027a8    0000000e     rtsv7M4_T_le_v4SPD16_eabi.lib : copy_decompress_none.c.obj (.text:decompress:none:__TI_decompress_none)
                  000027b6    0000000c     driverlib.lib : cpu.obj (.text:CPUcpsie)
                  000027c2    0000000c                   : pwm.obj (.text:PWMGenEnable)
                  000027ce    0000000c     tm4c1232h6pm_startup_ccs.obj (.text)
                  000027da    0000000a     driverlib.lib : adc.obj (.text:ADCIntClear)
                  000027e4    0000000a                   : uart.obj (.text:UARTCharGet)
                  000027ee    0000000a                   : uart.obj (.text:UARTCharPut)
                  000027f8    0000000a                   : uart.obj (.text:UARTFIFOEnable)
                  00002802    00000008                   : uart.obj (.text:UARTIntEnable)
                  0000280a    00000006                   : sysctl.obj (.text:SysCtlDelay)
                  00002810    00000006                   : uart.obj (.text:UARTFIFOLevelSet)
                  00002816    00000004                   : uart.obj (.text:UARTIntClear)
                  0000281a    00000004     rtsv7M4_T_le_v4SPD16_eabi.lib : pre_init.c.obj (.text:_system_pre_init)
                  0000281e    00000004                                   : exit.c.obj (.text:abort:abort)

.const     0    00002824    000006b2     
                  00002824    000001f8     main.obj (.const:.string:termometro)
                  00002a1c    000001e0     Nokia5110.obj (.const:ASCII)
                  00002bfc    00000090     driverlib.lib : gpio.obj (.const:g_pui32GPIOBaseAddrs)
                  00002c8c    00000070     Nokia5110.obj (.const:.string:$P$T0$1)
                  00002cfc    00000070     driverlib.lib : interrupt.obj (.const)
                  00002d6c    0000006c                   : sysctl.obj (.const:g_pui32Xtals)
                  00002dd8    00000018     main.obj (.const:.string:cinco)
                  00002df0    00000018     main.obj (.const:.string:dois)
                  00002e08    00000018     main.obj (.const:.string:nove)
                  00002e20    00000018     main.obj (.const:.string:oito)
                  00002e38    00000018     main.obj (.const:.string:quatro)
                  00002e50    00000018     main.obj (.const:.string:seis)
                  00002e68    00000018     main.obj (.const:.string:sete)
                  00002e80    00000018     main.obj (.const:.string:tres)
                  00002e98    00000018     main.obj (.const:.string:um)
                  00002eb0    00000018     main.obj (.const:.string:zero)
                  00002ec8    00000008     Nokia5110.obj (.const:.string:Masks)
                  00002ed0    00000004     main.obj (.const:.string:menos_Bitmap)
                  00002ed4    00000002     main.obj (.const:.string:ponto)

.cinit     0    00002ed8    000000e0     
                  00002ed8    000000b5     (.cinit..data.load) [load image, compression = lzss]
                  00002f8d    00000003     --HOLE-- [fill = 0]
                  00002f90    0000000c     (__TI_handler_table)
                  00002f9c    00000004     --HOLE-- [fill = 0]
                  00002fa0    00000008     (.cinit..bss.load) [load image, compression = zero_init]
                  00002fa8    00000010     (__TI_cinit_table)

.init_array 
*          0    00000000    00000000     UNINITIALIZED

.bss       0    20000000    00000220     UNINITIALIZED
                  20000000    000001f8     (.common:Screen)
                  200001f8    00000020     (.common:ui32ADC0Value)
                  20000218    00000004     (.common:ui32TempAvg)
                  2000021c    00000004     (.common:ui32TempValueC)

.data      0    20000420    000001d4     UNINITIALIZED
                  20000420    0000008c     main.obj (.data)
                  200004ac    00000030     main.obj (.data:temperaturas_positivas_B)
                  200004dc    00000030     main.obj (.data:temperaturas_positivas_G)
                  2000050c    00000030     main.obj (.data:temperaturas_positivas_R)
                  2000053c    00000028     main.obj (.data:numeros_t)
                  20000564    00000024     main.obj (.data:B_temperatura)
                  20000588    00000024     main.obj (.data:G_temperatura)
                  200005ac    00000024     main.obj (.data:R_temperatura)
                  200005d0    0000000c     main.obj (.data:temperaturas_negativas_B)
                  200005dc    0000000c     main.obj (.data:temperaturas_negativas_G)
                  200005e8    0000000c     main.obj (.data:temperaturas_negativas_R)

.stack     0    20000220    00000200     UNINITIALIZED
                  20000220    00000004     rtsv7M4_T_le_v4SPD16_eabi.lib : boot_cortex_m.c.obj (.stack)
                  20000224    000001fc     --HOLE--

MODULE SUMMARY

       Module                         code   ro data   rw data
       ------                         ----   -------   -------
    ./
       main.obj                       4604   750       508    
       Nokia5110.obj                  2772   600       504    
       tm4c1232h6pm_startup_ccs.obj   12     620       0      
    +--+------------------------------+------+---------+---------+
       Total:                         7388   1970      1012   
                                                              
    /home/freitas/ti/TivaWare_C_Series-2.1.4.178/driverlib/ccs/Debug/driverlib.lib
       sysctl.obj                     594    108       0      
       gpio.obj                       456    144       0      
       adc.obj                        310    0         0      
       interrupt.obj                  120    112       0      
       uart.obj                       170    0         0      
       pwm.obj                        110    0         0      
       cpu.obj                        12     0         0      
    +--+------------------------------+------+---------+---------+
       Total:                         1772   364       0      
                                                              
    /opt/ti/ccsv8/tools/compiler/ti-cgt-arm_18.1.5.LTS/lib/rtsv7M4_T_le_v4SPD16_eabi.lib
       memcpy_t2.asm.obj              156    0         0      
       copy_decompress_lzss.c.obj     104    0         0      
       autoinit.c.obj                 68     0         0      
       u_divt2.asm.obj                64     0         0      
       boot_cortex_m.c.obj            56     0         0      
       copy_zero_init.c.obj           18     0         0      
       copy_decompress_none.c.obj     14     0         0      
       exit.c.obj                     4      0         0      
       pre_init.c.obj                 4      0         0      
       div0.asm.obj                   2      0         0      
    +--+------------------------------+------+---------+---------+
       Total:                         490    0         0      
                                                              
       Stack:                         0      0         512    
       Linker Generated:              0      217       0      
    +--+------------------------------+------+---------+---------+
       Grand Total:                   9650   2551      1524   


LINKER GENERATED COPY TABLES

__TI_cinit_table @ 00002fa8 records: 2, size/record: 8, table size: 16
	.data: load addr=00002ed8, load size=000000b5 bytes, run addr=20000420, run size=000001d4 bytes, compression=lzss
	.bss: load addr=00002fa0, load size=00000008 bytes, run addr=20000000, run size=00000220 bytes, compression=zero_init


LINKER GENERATED HANDLER TABLE

__TI_handler_table @ 00002f90 records: 3, size/record: 4, table size: 12
	index: 0, handler: __TI_decompress_lzss
	index: 1, handler: __TI_decompress_none
	index: 2, handler: __TI_zero_init


GLOBAL SYMBOLS: SORTED ALPHABETICALLY BY Name 

address   name                          
-------   ----                          
00001391  ADC0handler                   
000027db  ADCIntClear                   
0000278d  ADCIntDisable                 
0000275d  ADCIntEnable                  
000026d5  ADCProcessorTrigger           
0000245d  ADCSequenceConfigure          
00002699  ADCSequenceDataGet            
0000279b  ADCSequenceEnable             
00002311  ADCSequenceStepConfigure      
00000397  ADC_config                    
20000564  B_temperatura                 
0000281f  C$$EXIT                       
000027b7  CPUcpsie                      
20000424  Celta                         
0000262d  GPIODirModeSet                
00001f3d  GPIOPadConfigSet              
000024ad  GPIOPinConfigure              
00002715  GPIOPinTypePWM                
00002727  GPIOPinTypeUART               
20000588  G_temperatura                 
0000238d  IntEnable                     
0000276d  IntMasterEnable               
00002ec8  Masks                         
000018b1  Nokia5110_Clear               
00001b0d  Nokia5110_ClearBuffer         
00001b41  Nokia5110_ClrPxl              
00001b37  Nokia5110_DisplayBuffer       
000018e1  Nokia5110_DrawFullImage       
00001db7  Nokia5110_DrawImage           
00001e01  Nokia5110_DrawImage_status    
000014d7  Nokia5110_Init                
000015f1  Nokia5110_OutChar             
00001631  Nokia5110_OutString           
0000165d  Nokia5110_OutUDec             
00001929  Nokia5110_PrintBMP            
00001b99  Nokia5110_PrintBMP2           
00001861  Nokia5110_SetCursor           
00001b73  Nokia5110_SetPxl              
00001c51  Nokia5110_SetPxl_status       
00001c7d  Nokia5110_img                 
00001d1d  Nokia5110_img_16              
00002657  PWMGenConfigure               
000027c3  PWMGenEnable                  
0000277d  PWMGenPeriodSet               
00002739  PWMOutputState                
000026b7  PWMPulseWidthSet              
200005ac  R_temperatura                 
000027cf  ResetISR                      
20000000  Screen                        
00002071  SysCtlClockGet                
00002181  SysCtlClockSet                
0000280b  SysCtlDelay                   
000026ed  SysCtlPWMClockSet             
000025f9  SysCtlPeripheralEnable        
000013b5  Systickhandler                
2000047c  T1                            
20000480  T2                            
20000484  T3                            
00001351  UART0Handler                  
000027e5  UARTCharGet                   
000027ef  UARTCharPut                   
000024f5  UARTConfigSetExpClk           
00002679  UARTDisable                   
00002701  UARTEnable                    
000027f9  UARTFIFOEnable                
00002811  UARTFIFOLevelSet              
00002817  UARTIntClear                  
00002803  UARTIntEnable                 
20000420  __STACK_END                   
00000200  __STACK_SIZE                  
20000420  __STACK_TOP                   
00002fa8  __TI_CINIT_Base               
00002fb8  __TI_CINIT_Limit              
00002f90  __TI_Handler_Table_Base       
00002f9c  __TI_Handler_Table_Limit      
0000253d  __TI_auto_init_nobinit_nopinit
000023f5  __TI_decompress_lzss          
000027a9  __TI_decompress_none          
ffffffff  __TI_pprof_out_hndl           
ffffffff  __TI_prof_data_size           
ffffffff  __TI_prof_data_start          
00000000  __TI_static_base__            
0000274b  __TI_zero_init_nomemset       
0000206f  __aeabi_idiv0                 
0000206f  __aeabi_ldiv0                 
00002275  __aeabi_memcpy                
00002275  __aeabi_memcpy4               
00002275  __aeabi_memcpy8               
00002581  __aeabi_uidiv                 
00002581  __aeabi_uidivmod              
ffffffff  __binit__                     
ffffffff  __c_args__                    
UNDEFED   __mpu_init                    
20000220  __stack                       
000025c1  _c_int00_noargs               
UNDEFED   _system_post_cinit            
0000281b  _system_pre_init              
0000281f  abort                         
ffffffff  binit                         
00002dd8  cinco                         
20000448  ctd                           
2000044c  ctd2                          
2000049c  ctd_cores                     
20000468  ctd_relogio                   
20000488  ctd_tela1                     
20000474  ctd_tela3                     
20000470  ctd_trasicao                  
00002df0  dois                          
2000046c  ein_minute                    
00000d55  flow                          
00000000  g_pfnVectors                  
20000450  h1                            
20000454  h2                            
20000420  i                             
20000458  m1                            
2000045c  m2                            
00001189  main                          
00002275  memcpy                        
00002ed0  menos_Bitmap                  
20000428  n1                            
20000438  n1_t                          
2000042c  n2                            
2000043c  n2_t                          
20000430  n3                            
20000440  n3_t                          
20000434  n4                            
20000444  n4_t                          
00002e08  nove                          
2000053c  numeros_t                     
00002e20  oito                          
00002ed4  ponto                         
20000478  qual_tela                     
00002e38  quatro                        
00002e50  seis                          
0000026d  setTemperatura                
00002e68  sete                          
200004a4  sinal                         
20000464  systick_cronometro            
20000460  systick_relogio               
2000048c  temp_atual                    
200004a0  temp_aux                      
20000494  temp_max                      
20000490  temp_min                      
00000419  temp_simulation               
00000c31  temperatura_calc              
00000c6d  temperatura_calc_v2           
00000cad  temperatura_calc_v3           
200005d0  temperaturas_negativas_B      
200005dc  temperaturas_negativas_G      
200005e8  temperaturas_negativas_R      
200004ac  temperaturas_positivas_B      
200004dc  temperaturas_positivas_G      
2000050c  temperaturas_positivas_R      
00002824  termometro                    
00002e80  tres                          
20000498  uart_recebida                 
200001f8  ui32ADC0Value                 
20000218  ui32TempAvg                   
2000021c  ui32TempValueC                
00002e98  um                            
200004a8  up                            
0000097d  verifica_temp                 
00002eb0  zero                          


GLOBAL SYMBOLS: SORTED BY Symbol Address 

address   name                          
-------   ----                          
00000000  __TI_static_base__            
00000000  g_pfnVectors                  
00000200  __STACK_SIZE                  
0000026d  setTemperatura                
00000397  ADC_config                    
00000419  temp_simulation               
0000097d  verifica_temp                 
00000c31  temperatura_calc              
00000c6d  temperatura_calc_v2           
00000cad  temperatura_calc_v3           
00000d55  flow                          
00001189  main                          
00001351  UART0Handler                  
00001391  ADC0handler                   
000013b5  Systickhandler                
000014d7  Nokia5110_Init                
000015f1  Nokia5110_OutChar             
00001631  Nokia5110_OutString           
0000165d  Nokia5110_OutUDec             
00001861  Nokia5110_SetCursor           
000018b1  Nokia5110_Clear               
000018e1  Nokia5110_DrawFullImage       
00001929  Nokia5110_PrintBMP            
00001b0d  Nokia5110_ClearBuffer         
00001b37  Nokia5110_DisplayBuffer       
00001b41  Nokia5110_ClrPxl              
00001b73  Nokia5110_SetPxl              
00001b99  Nokia5110_PrintBMP2           
00001c51  Nokia5110_SetPxl_status       
00001c7d  Nokia5110_img                 
00001d1d  Nokia5110_img_16              
00001db7  Nokia5110_DrawImage           
00001e01  Nokia5110_DrawImage_status    
00001f3d  GPIOPadConfigSet              
0000206f  __aeabi_idiv0                 
0000206f  __aeabi_ldiv0                 
00002071  SysCtlClockGet                
00002181  SysCtlClockSet                
00002275  __aeabi_memcpy                
00002275  __aeabi_memcpy4               
00002275  __aeabi_memcpy8               
00002275  memcpy                        
00002311  ADCSequenceStepConfigure      
0000238d  IntEnable                     
000023f5  __TI_decompress_lzss          
0000245d  ADCSequenceConfigure          
000024ad  GPIOPinConfigure              
000024f5  UARTConfigSetExpClk           
0000253d  __TI_auto_init_nobinit_nopinit
00002581  __aeabi_uidiv                 
00002581  __aeabi_uidivmod              
000025c1  _c_int00_noargs               
000025f9  SysCtlPeripheralEnable        
0000262d  GPIODirModeSet                
00002657  PWMGenConfigure               
00002679  UARTDisable                   
00002699  ADCSequenceDataGet            
000026b7  PWMPulseWidthSet              
000026d5  ADCProcessorTrigger           
000026ed  SysCtlPWMClockSet             
00002701  UARTEnable                    
00002715  GPIOPinTypePWM                
00002727  GPIOPinTypeUART               
00002739  PWMOutputState                
0000274b  __TI_zero_init_nomemset       
0000275d  ADCIntEnable                  
0000276d  IntMasterEnable               
0000277d  PWMGenPeriodSet               
0000278d  ADCIntDisable                 
0000279b  ADCSequenceEnable             
000027a9  __TI_decompress_none          
000027b7  CPUcpsie                      
000027c3  PWMGenEnable                  
000027cf  ResetISR                      
000027db  ADCIntClear                   
000027e5  UARTCharGet                   
000027ef  UARTCharPut                   
000027f9  UARTFIFOEnable                
00002803  UARTIntEnable                 
0000280b  SysCtlDelay                   
00002811  UARTFIFOLevelSet              
00002817  UARTIntClear                  
0000281b  _system_pre_init              
0000281f  C$$EXIT                       
0000281f  abort                         
00002824  termometro                    
00002dd8  cinco                         
00002df0  dois                          
00002e08  nove                          
00002e20  oito                          
00002e38  quatro                        
00002e50  seis                          
00002e68  sete                          
00002e80  tres                          
00002e98  um                            
00002eb0  zero                          
00002ec8  Masks                         
00002ed0  menos_Bitmap                  
00002ed4  ponto                         
00002f90  __TI_Handler_Table_Base       
00002f9c  __TI_Handler_Table_Limit      
00002fa8  __TI_CINIT_Base               
00002fb8  __TI_CINIT_Limit              
20000000  Screen                        
200001f8  ui32ADC0Value                 
20000218  ui32TempAvg                   
2000021c  ui32TempValueC                
20000220  __stack                       
20000420  __STACK_END                   
20000420  __STACK_TOP                   
20000420  i                             
20000424  Celta                         
20000428  n1                            
2000042c  n2                            
20000430  n3                            
20000434  n4                            
20000438  n1_t                          
2000043c  n2_t                          
20000440  n3_t                          
20000444  n4_t                          
20000448  ctd                           
2000044c  ctd2                          
20000450  h1                            
20000454  h2                            
20000458  m1                            
2000045c  m2                            
20000460  systick_relogio               
20000464  systick_cronometro            
20000468  ctd_relogio                   
2000046c  ein_minute                    
20000470  ctd_trasicao                  
20000474  ctd_tela3                     
20000478  qual_tela                     
2000047c  T1                            
20000480  T2                            
20000484  T3                            
20000488  ctd_tela1                     
2000048c  temp_atual                    
20000490  temp_min                      
20000494  temp_max                      
20000498  uart_recebida                 
2000049c  ctd_cores                     
200004a0  temp_aux                      
200004a4  sinal                         
200004a8  up                            
200004ac  temperaturas_positivas_B      
200004dc  temperaturas_positivas_G      
2000050c  temperaturas_positivas_R      
2000053c  numeros_t                     
20000564  B_temperatura                 
20000588  G_temperatura                 
200005ac  R_temperatura                 
200005d0  temperaturas_negativas_B      
200005dc  temperaturas_negativas_G      
200005e8  temperaturas_negativas_R      
ffffffff  __TI_pprof_out_hndl           
ffffffff  __TI_prof_data_size           
ffffffff  __TI_prof_data_start          
ffffffff  __binit__                     
ffffffff  __c_args__                    
ffffffff  binit                         
UNDEFED   __mpu_init                    
UNDEFED   _system_post_cinit            

[163 symbols]
