******************************************************************************
                  TI ARM Linker Unix v18.1.4                   
******************************************************************************
>> Linked Mon Apr  8 21:39:21 2019

OUTPUT FILE NAME:   <lab2.out>
ENTRY POINT SYMBOL: "_c_int00_noinit_noargs"  address: 00000429


MEMORY CONFIGURATION

         name            origin    length      used     unused   attr    fill
----------------------  --------  ---------  --------  --------  ----  --------
  FLASH                 00000000   00040000  0000048c  0003fb74  R  X
  SRAM                  20000000   00008000  00000200  00007e00  RW X


SEGMENT ALLOCATION MAP

run origin  load origin   length   init length attrs members
----------  ----------- ---------- ----------- ----- -------
00000000    00000000    0000048c   0000048c    r-x
  00000000    00000000    0000026c   0000026c    r-- .intvecs
  0000026c    0000026c    00000200   00000200    r-x .text
  0000046c    0000046c    00000020   00000020    r-- .const
20000000    20000000    00000200   00000000    rw-
  20000000    20000000    00000200   00000000    rw- .stack


SECTION ALLOCATION MAP

 output                                  attributes/
section   page    origin      length       input sections
--------  ----  ----------  ----------   ----------------
.intvecs   0    00000000    0000026c     
                  00000000    0000026c     tm4c123gh6pm_startup_ccs.obj (.intvecs)

.text      0    0000026c    00000200     
                  0000026c    000001bc     main.obj (.text)
                  00000428    00000030     rtsv7M4_T_le_v4SPD16_eabi.lib : boot_cortex_m.c.obj (.text:_c_int00_noinit_noargs:_c_int00_noinit_noargs)
                  00000458    0000000c     tm4c123gh6pm_startup_ccs.obj (.text)
                  00000464    00000004     rtsv7M4_T_le_v4SPD16_eabi.lib : pre_init.c.obj (.text:_system_pre_init)
                  00000468    00000004                                   : exit.c.obj (.text:abort:abort)

.const     0    0000046c    00000020     
                  0000046c    00000020     main.obj (.const)

.cinit     0    00000000    00000000     UNINITIALIZED

.init_array 
*          0    00000000    00000000     UNINITIALIZED

.stack     0    20000000    00000200     UNINITIALIZED
                  20000000    00000004     rtsv7M4_T_le_v4SPD16_eabi.lib : boot_cortex_m.c.obj (.stack)
                  20000004    000001fc     --HOLE--

MODULE SUMMARY

       Module                         code   ro data   rw data
       ------                         ----   -------   -------
    ./
       tm4c123gh6pm_startup_ccs.obj   12     620       0      
       main.obj                       444    32        0      
    +--+------------------------------+------+---------+---------+
       Total:                         456    652       0      
                                                              
    /home/freitasufsc/ti/ccsv8/tools/compiler/ti-cgt-arm_18.1.4.LTS/lib/rtsv7M4_T_le_v4SPD16_eabi.lib
       boot_cortex_m.c.obj            48     0         0      
       exit.c.obj                     4      0         0      
       pre_init.c.obj                 4      0         0      
    +--+------------------------------+------+---------+---------+
       Total:                         56     0         0      
                                                              
       Stack:                         0      0         512    
    +--+------------------------------+------+---------+---------+
       Grand Total:                   512    652       512    


GLOBAL SYMBOLS: SORTED ALPHABETICALLY BY Name 

address   name                      
-------   ----                      
00000469  C$$EXIT                   
00000459  ResetISR                  
20000200  __STACK_END               
00000200  __STACK_SIZE              
20000200  __STACK_TOP               
ffffffff  __TI_pprof_out_hndl       
ffffffff  __TI_prof_data_size       
ffffffff  __TI_prof_data_start      
00000000  __TI_static_base__        
ffffffff  __binit__                 
ffffffff  __c_args__                
UNDEFED   __mpu_init                
20000000  __stack                   
00000429  _c_int00_noinit_noargs    
00000465  _system_pre_init          
00000469  abort                     
ffffffff  binit                     
0000026d  config_Clock              
00000355  delay_system              
00000000  g_pfnVectors              
000003a9  main                      
00000480  timer_duvidoso_micro_20MHz
00000478  timer_duvidoso_micro_4MHz 
00000488  timer_duvidoso_micro_50MHz
00000470  timer_duvidoso_micro_80MHz
0000047c  timer_duvidoso_mili_20MHz 
00000474  timer_duvidoso_mili_4MHz  
00000484  timer_duvidoso_mili_50MHz 
0000046c  timer_duvidoso_mili_80MHz 


GLOBAL SYMBOLS: SORTED BY Symbol Address 

address   name                      
-------   ----                      
00000000  __TI_static_base__        
00000000  g_pfnVectors              
00000200  __STACK_SIZE              
0000026d  config_Clock              
00000355  delay_system              
000003a9  main                      
00000429  _c_int00_noinit_noargs    
00000459  ResetISR                  
00000465  _system_pre_init          
00000469  C$$EXIT                   
00000469  abort                     
0000046c  timer_duvidoso_mili_80MHz 
00000470  timer_duvidoso_micro_80MHz
00000474  timer_duvidoso_mili_4MHz  
00000478  timer_duvidoso_micro_4MHz 
0000047c  timer_duvidoso_mili_20MHz 
00000480  timer_duvidoso_micro_20MHz
00000484  timer_duvidoso_mili_50MHz 
00000488  timer_duvidoso_micro_50MHz
20000000  __stack                   
20000200  __STACK_END               
20000200  __STACK_TOP               
ffffffff  __TI_pprof_out_hndl       
ffffffff  __TI_prof_data_size       
ffffffff  __TI_prof_data_start      
ffffffff  __binit__                 
ffffffff  __c_args__                
ffffffff  binit                     
UNDEFED   __mpu_init                

[29 symbols]
