******************************************************************************
                  TI ARM Linker Unix v18.1.5                   
******************************************************************************
>> Linked Tue May 28 00:23:55 2019

OUTPUT FILE NAME:   <prova1.out>
ENTRY POINT SYMBOL: "_c_int00_noargs"  address: 00000df1


MEMORY CONFIGURATION

         name            origin    length      used     unused   attr    fill
----------------------  --------  ---------  --------  --------  ----  --------
  FLASH                 00000000   00040000  0000103e  0003efc2  R  X
  SRAM                  20000000   00008000  000002d8  00007d28  RW X


SEGMENT ALLOCATION MAP

run origin  load origin   length   init length attrs members
----------  ----------- ---------- ----------- ----- -------
00000000    00000000    00001040   00001040    r-x
  00000000    00000000    0000026c   0000026c    r-- .intvecs
  0000026c    0000026c    00000cba   00000cba    r-x .text
  00000f28    00000f28    00000078   00000078    r-- .const
  00000fa0    00000fa0    000000a0   000000a0    r-- .cinit
20000000    20000000    000002d8   00000000    rw-
  20000000    20000000    00000200   00000000    rw- .stack
  20000200    20000200    000000c4   00000000    rw- .data
  200002c4    200002c4    00000014   00000000    rw- .bss


SECTION ALLOCATION MAP

 output                                  attributes/
section   page    origin      length       input sections
--------  ----  ----------  ----------   ----------------
.intvecs   0    00000000    0000026c     
                  00000000    0000026c     tm4c123gh6pm_startup_ccs.obj (.intvecs)

.text      0    0000026c    00000cba     
                  0000026c    00000848     main.obj (.text)
                  00000ab4    00000132     driverlib.lib : gpio.obj (.text:GPIOPadConfigSet)
                  00000be6    0000009c     rtsv7M4_T_le_v4SPD16_eabi.lib : memcpy_t2.asm.obj (.text)
                  00000c82    00000002     --HOLE-- [fill = 0]
                  00000c84    00000068     driverlib.lib : interrupt.obj (.text:IntEnable)
                  00000cec    00000068     rtsv7M4_T_le_v4SPD16_eabi.lib : copy_decompress_lzss.c.obj (.text:decompress:lzss:__TI_decompress_lzss)
                  00000d54    00000056     driverlib.lib : gpio.obj (.text:GPIOIntTypeSet)
                  00000daa    00000002     --HOLE-- [fill = 0]
                  00000dac    00000044     rtsv7M4_T_le_v4SPD16_eabi.lib : autoinit.c.obj (.text:__TI_auto_init_nobinit_nopinit:__TI_auto_init_nobinit_nopinit)
                  00000df0    00000038                                   : boot_cortex_m.c.obj (.text:_c_int00_noargs:_c_int00_noargs)
                  00000e28    00000034     driverlib.lib : sysctl.obj (.text:SysCtlPeripheralEnable)
                  00000e5c    0000002a                   : gpio.obj (.text:GPIODirModeSet)
                  00000e86    00000018                   : gpio.obj (.text:GPIOPinTypeGPIOOutput)
                  00000e9e    00000012                   : gpio.obj (.text:GPIOPinTypeGPIOInput)
                  00000eb0    00000012     rtsv7M4_T_le_v4SPD16_eabi.lib : copy_zero_init.c.obj (.text:decompress:ZI:__TI_zero_init_nomemset:__TI_zero_init_nomemset)
                  00000ec2    00000010     driverlib.lib : interrupt.obj (.text:IntMasterEnable)
                  00000ed2    0000000e                   : gpio.obj (.text:GPIOIntDisable)
                  00000ee0    0000000e     rtsv7M4_T_le_v4SPD16_eabi.lib : copy_decompress_none.c.obj (.text:decompress:none:__TI_decompress_none)
                  00000eee    0000000c     driverlib.lib : cpu.obj (.text:CPUcpsie)
                  00000efa    0000000c                   : gpio.obj (.text:GPIOIntEnable)
                  00000f06    0000000c     tm4c123gh6pm_startup_ccs.obj (.text)
                  00000f12    00000006     driverlib.lib : gpio.obj (.text:GPIOPinRead)
                  00000f18    00000006                   : gpio.obj (.text:GPIOPinWrite)
                  00000f1e    00000004     rtsv7M4_T_le_v4SPD16_eabi.lib : pre_init.c.obj (.text:_system_pre_init)
                  00000f22    00000004                                   : exit.c.obj (.text:abort:abort)

.const     0    00000f28    00000078     
                  00000f28    00000070     driverlib.lib : interrupt.obj (.const)
                  00000f98    00000008     main.obj (.const)

.cinit     0    00000fa0    000000a0     
                  00000fa0    00000079     (.cinit..data.load) [load image, compression = lzss]
                  00001019    00000003     --HOLE-- [fill = 0]
                  0000101c    0000000c     (__TI_handler_table)
                  00001028    00000008     (.cinit..bss.load) [load image, compression = zero_init]
                  00001030    00000010     (__TI_cinit_table)

.init_array 
*          0    00000000    00000000     UNINITIALIZED

.data      0    20000200    000000c4     UNINITIALIZED
                  20000200    00000058     main.obj (.data)
                  20000258    00000048     main.obj (.data:vector_numbers)
                  200002a0    00000014     main.obj (.data:vector_matrix)
                  200002b4    00000010     main.obj (.data:vector_digits)

.bss       0    200002c4    00000014     UNINITIALIZED
                  200002c4    00000004     (.common:n1_t)
                  200002c8    00000004     (.common:n2_t)
                  200002cc    00000004     (.common:n3_t)
                  200002d0    00000004     (.common:n4_t)
                  200002d4    00000004     (.common:number_grande)

.stack     0    20000000    00000200     UNINITIALIZED
                  20000000    00000004     rtsv7M4_T_le_v4SPD16_eabi.lib : boot_cortex_m.c.obj (.stack)
                  20000004    000001fc     --HOLE--

MODULE SUMMARY

       Module                         code   ro data   rw data
       ------                         ----   -------   -------
    ./
       main.obj                       2120   8         216    
       tm4c123gh6pm_startup_ccs.obj   12     620       0      
    +--+------------------------------+------+---------+---------+
       Total:                         2132   628       216    
                                                              
    /home/freitasufsc/ti/TivaWare_C_Series-2.1.4.178/driverlib/ccs/Debug/driverlib.lib
       gpio.obj                       514    0         0      
       interrupt.obj                  120    112       0      
       sysctl.obj                     52     0         0      
       cpu.obj                        12     0         0      
    +--+------------------------------+------+---------+---------+
       Total:                         698    112       0      
                                                              
    /home/freitasufsc/ti/ccsv8/tools/compiler/ti-cgt-arm_18.1.5.LTS/lib/rtsv7M4_T_le_v4SPD16_eabi.lib
       memcpy_t2.asm.obj              156    0         0      
       copy_decompress_lzss.c.obj     104    0         0      
       autoinit.c.obj                 68     0         0      
       boot_cortex_m.c.obj            56     0         0      
       copy_zero_init.c.obj           18     0         0      
       copy_decompress_none.c.obj     14     0         0      
       exit.c.obj                     4      0         0      
       pre_init.c.obj                 4      0         0      
    +--+------------------------------+------+---------+---------+
       Total:                         424    0         0      
                                                              
       Stack:                         0      0         512    
       Linker Generated:              0      157       0      
    +--+------------------------------+------+---------+---------+
       Grand Total:                   3254   897       728    


LINKER GENERATED COPY TABLES

__TI_cinit_table @ 00001030 records: 2, size/record: 8, table size: 16
	.data: load addr=00000fa0, load size=00000079 bytes, run addr=20000200, run size=000000c4 bytes, compression=lzss
	.bss: load addr=00001028, load size=00000008 bytes, run addr=200002c4, run size=00000014 bytes, compression=zero_init


LINKER GENERATED HANDLER TABLE

__TI_handler_table @ 0000101c records: 3, size/record: 4, table size: 12
	index: 0, handler: __TI_decompress_lzss
	index: 1, handler: __TI_decompress_none
	index: 2, handler: __TI_zero_init


GLOBAL SYMBOLS: SORTED ALPHABETICALLY BY Name 

address   name                          
-------   ----                          
00000f23  C$$EXIT                       
00000eef  CPUcpsie                      
00000e5d  GPIODirModeSet                
00000ed3  GPIOIntDisable                
00000efb  GPIOIntEnable                 
00000d55  GPIOIntTypeSet                
00000ab5  GPIOPadConfigSet              
00000f13  GPIOPinRead                   
00000e9f  GPIOPinTypeGPIOInput          
00000e87  GPIOPinTypeGPIOOutput         
00000f19  GPIOPinWrite                  
00000c85  IntEnable                     
00000ec3  IntMasterEnable               
00000f07  ResetISR                      
00000e29  SysCtlPeripheralEnable        
000003f3  Systick_debouncer             
20000200  __STACK_END                   
00000200  __STACK_SIZE                  
20000200  __STACK_TOP                   
00001030  __TI_CINIT_Base               
00001040  __TI_CINIT_Limit              
0000101c  __TI_Handler_Table_Base       
00001028  __TI_Handler_Table_Limit      
00000dad  __TI_auto_init_nobinit_nopinit
00000ced  __TI_decompress_lzss          
00000ee1  __TI_decompress_none          
ffffffff  __TI_pprof_out_hndl           
ffffffff  __TI_prof_data_size           
ffffffff  __TI_prof_data_start          
00000000  __TI_static_base__            
00000eb1  __TI_zero_init_nomemset       
00000be7  __aeabi_memcpy                
00000be7  __aeabi_memcpy4               
00000be7  __aeabi_memcpy8               
ffffffff  __binit__                     
ffffffff  __c_args__                    
UNDEFED   __mpu_init                    
20000000  __stack                       
00000df1  _c_int00_noargs               
UNDEFED   _system_post_cinit            
00000f1f  _system_pre_init              
00000f23  abort                         
ffffffff  binit                         
20000224  c                             
000003c9  configPeriodoSystick          
000005b1  conversao_decimal_hexa        
000004c9  conversao_hexa_decimal        
2000022c  ctd                           
20000238  decimo_segundo                
0000026d  delay_system                  
000003bd  desabilitaIntSystick          
00000313  digito                        
000004a9  erro                          
00000407  escreve_4_digitos             
2000023c  first                         
00000000  g_pfnVectors                  
20000248  h1                            
2000024c  h2                            
000003b1  habilitaIntSystick            
00000387  habilitaInterrupcao           
000003a5  habilitaSystick               
20000234  i                             
20000220  j                             
20000228  l                             
000003db  limpaInt_GPIO                 
00000343  limpa_digito                  
0000035b  limpa_diplay                  
000002db  lock_GPIO                     
20000250  m1                            
20000254  m2                            
00000961  main                          
00000be7  memcpy                        
20000210  n1                            
200002c4  n1_t                          
20000214  n2                            
200002c8  n2_t                          
20000218  n3                            
200002cc  n3_t                          
2000021c  n4                            
200002d0  n4_t                          
200002d4  number_grande                 
000002ed  numero                        
000004b9  over                          
20000230  pause                         
20000240  sw1                           
20000244  sw2                           
20000204  systick_cronometro            
2000020c  systick_debouncer_number      
20000208  systick_relogio               
00000f9c  timer_doopler                 
00000f98  timer_duvidoso_mili_80MHz     
0000068d  trataIntGPIOF                 
00000903  trataSystick                  
20000200  um_minuto_catodo              
000002c1  unlock_GPIO                   
200002b4  vector_digits                 
200002a0  vector_matrix                 
20000258  vector_numbers                


GLOBAL SYMBOLS: SORTED BY Symbol Address 

address   name                          
-------   ----                          
00000000  __TI_static_base__            
00000000  g_pfnVectors                  
00000200  __STACK_SIZE                  
0000026d  delay_system                  
000002c1  unlock_GPIO                   
000002db  lock_GPIO                     
000002ed  numero                        
00000313  digito                        
00000343  limpa_digito                  
0000035b  limpa_diplay                  
00000387  habilitaInterrupcao           
000003a5  habilitaSystick               
000003b1  habilitaIntSystick            
000003bd  desabilitaIntSystick          
000003c9  configPeriodoSystick          
000003db  limpaInt_GPIO                 
000003f3  Systick_debouncer             
00000407  escreve_4_digitos             
000004a9  erro                          
000004b9  over                          
000004c9  conversao_hexa_decimal        
000005b1  conversao_decimal_hexa        
0000068d  trataIntGPIOF                 
00000903  trataSystick                  
00000961  main                          
00000ab5  GPIOPadConfigSet              
00000be7  __aeabi_memcpy                
00000be7  __aeabi_memcpy4               
00000be7  __aeabi_memcpy8               
00000be7  memcpy                        
00000c85  IntEnable                     
00000ced  __TI_decompress_lzss          
00000d55  GPIOIntTypeSet                
00000dad  __TI_auto_init_nobinit_nopinit
00000df1  _c_int00_noargs               
00000e29  SysCtlPeripheralEnable        
00000e5d  GPIODirModeSet                
00000e87  GPIOPinTypeGPIOOutput         
00000e9f  GPIOPinTypeGPIOInput          
00000eb1  __TI_zero_init_nomemset       
00000ec3  IntMasterEnable               
00000ed3  GPIOIntDisable                
00000ee1  __TI_decompress_none          
00000eef  CPUcpsie                      
00000efb  GPIOIntEnable                 
00000f07  ResetISR                      
00000f13  GPIOPinRead                   
00000f19  GPIOPinWrite                  
00000f1f  _system_pre_init              
00000f23  C$$EXIT                       
00000f23  abort                         
00000f98  timer_duvidoso_mili_80MHz     
00000f9c  timer_doopler                 
0000101c  __TI_Handler_Table_Base       
00001028  __TI_Handler_Table_Limit      
00001030  __TI_CINIT_Base               
00001040  __TI_CINIT_Limit              
20000000  __stack                       
20000200  __STACK_END                   
20000200  __STACK_TOP                   
20000200  um_minuto_catodo              
20000204  systick_cronometro            
20000208  systick_relogio               
2000020c  systick_debouncer_number      
20000210  n1                            
20000214  n2                            
20000218  n3                            
2000021c  n4                            
20000220  j                             
20000224  c                             
20000228  l                             
2000022c  ctd                           
20000230  pause                         
20000234  i                             
20000238  decimo_segundo                
2000023c  first                         
20000240  sw1                           
20000244  sw2                           
20000248  h1                            
2000024c  h2                            
20000250  m1                            
20000254  m2                            
20000258  vector_numbers                
200002a0  vector_matrix                 
200002b4  vector_digits                 
200002c4  n1_t                          
200002c8  n2_t                          
200002cc  n3_t                          
200002d0  n4_t                          
200002d4  number_grande                 
ffffffff  __TI_pprof_out_hndl           
ffffffff  __TI_prof_data_size           
ffffffff  __TI_prof_data_start          
ffffffff  __binit__                     
ffffffff  __c_args__                    
ffffffff  binit                         
UNDEFED   __mpu_init                    
UNDEFED   _system_post_cinit            

[98 symbols]
