******************************************************************************
                  TI ARM Linker Unix v18.1.5                   
******************************************************************************
>> Linked Mon Jun 24 13:17:28 2019

OUTPUT FILE NAME:   <Termometro_display.out>
ENTRY POINT SYMBOL: "_c_int00_noargs"  address: 0000215d


MEMORY CONFIGURATION

         name            origin    length      used     unused   attr    fill
----------------------  --------  ---------  --------  --------  ----  --------
  FLASH                 00000000   00040000  00002954  0003d6ac  R  X
  SRAM                  20000000   00008000  000004c0  00007b40  RW X


SEGMENT ALLOCATION MAP

run origin  load origin   length   init length attrs members
----------  ----------- ---------- ----------- ----- -------
00000000    00000000    00002958   00002958    r-x
  00000000    00000000    0000026c   0000026c    r-- .intvecs
  0000026c    0000026c    000020b4   000020b4    r-x .text
  00002320    00002320    000005b4   000005b4    r-- .const
  000028d8    000028d8    00000080   00000080    r-- .cinit
20000000    20000000    000004c0   00000000    rw-
  20000000    20000000    00000220   00000000    rw- .bss
  20000220    20000220    00000200   00000000    rw- .stack
  20000420    20000420    000000a0   00000000    rw- .data


SECTION ALLOCATION MAP

 output                                  attributes/
section   page    origin      length       input sections
--------  ----  ----------  ----------   ----------------
.intvecs   0    00000000    0000026c     
                  00000000    0000026c     tm4c1232h6pm_startup_ccs.obj (.intvecs)

.text      0    0000026c    000020b4     
                  0000026c    00000e60     main.obj (.text)
                  000010cc    00000ad4     Nokia5110.obj (.text)
                  00001ba0    00000132     driverlib.lib : gpio.obj (.text:GPIOPadConfigSet)
                  00001cd2    00000002     rtsv7M4_T_le_v4SPD16_eabi.lib : div0.asm.obj (.text)
                  00001cd4    000000f4     driverlib.lib : sysctl.obj (.text:SysCtlClockSet)
                  00001dc8    0000009c     rtsv7M4_T_le_v4SPD16_eabi.lib : memcpy_t2.asm.obj (.text)
                  00001e64    0000007a     driverlib.lib : adc.obj (.text:ADCSequenceStepConfigure)
                  00001ede    00000002     --HOLE-- [fill = 0]
                  00001ee0    00000068                   : interrupt.obj (.text:IntEnable)
                  00001f48    00000068     rtsv7M4_T_le_v4SPD16_eabi.lib : copy_decompress_lzss.c.obj (.text:decompress:lzss:__TI_decompress_lzss)
                  00001fb0    00000060     driverlib.lib : timer.obj (.text:TimerConfigure)
                  00002010    0000005e     rtsv7M4_T_le_v4SPD16_eabi.lib : i_divt2.asm.obj (.text)
                  0000206e    00000002     --HOLE-- [fill = 0]
                  00002070    00000058     driverlib.lib : timer.obj (.text:TimerControlTrigger)
                  000020c8    00000050                   : adc.obj (.text:ADCSequenceConfigure)
                  00002118    00000044     rtsv7M4_T_le_v4SPD16_eabi.lib : autoinit.c.obj (.text:__TI_auto_init_nobinit_nopinit:__TI_auto_init_nobinit_nopinit)
                  0000215c    00000038                                   : boot_cortex_m.c.obj (.text:_c_int00_noargs:_c_int00_noargs)
                  00002194    00000034     driverlib.lib : sysctl.obj (.text:SysCtlPeripheralEnable)
                  000021c8    0000002a                   : gpio.obj (.text:GPIODirModeSet)
                  000021f2    0000001e                   : adc.obj (.text:ADCSequenceDataGet)
                  00002210    00000018                   : adc.obj (.text:ADCProcessorTrigger)
                  00002228    00000018                   : gpio.obj (.text:GPIOPinTypeGPIOOutput)
                  00002240    00000014                   : systick.obj (.text:SysTickEnable)
                  00002254    00000014                   : systick.obj (.text:SysTickIntEnable)
                  00002268    00000012                   : timer.obj (.text:TimerLoadSet)
                  0000227a    00000012     rtsv7M4_T_le_v4SPD16_eabi.lib : copy_zero_init.c.obj (.text:decompress:ZI:__TI_zero_init_nomemset:__TI_zero_init_nomemset)
                  0000228c    00000010     driverlib.lib : adc.obj (.text:ADCIntEnable)
                  0000229c    00000010                   : interrupt.obj (.text:IntMasterEnable)
                  000022ac    00000010                   : systick.obj (.text:SysTickPeriodSet)
                  000022bc    0000000e                   : adc.obj (.text:ADCIntDisable)
                  000022ca    0000000e                   : adc.obj (.text:ADCSequenceEnable)
                  000022d8    0000000e     rtsv7M4_T_le_v4SPD16_eabi.lib : copy_decompress_none.c.obj (.text:decompress:none:__TI_decompress_none)
                  000022e6    0000000c     driverlib.lib : cpu.obj (.text:CPUcpsie)
                  000022f2    0000000c     tm4c1232h6pm_startup_ccs.obj (.text)
                  000022fe    0000000a     driverlib.lib : adc.obj (.text:ADCIntClear)
                  00002308    00000006                   : gpio.obj (.text:GPIOPinWrite)
                  0000230e    00000006                   : sysctl.obj (.text:SysCtlDelay)
                  00002314    00000004                   : timer.obj (.text:TimerIntClear)
                  00002318    00000004     rtsv7M4_T_le_v4SPD16_eabi.lib : pre_init.c.obj (.text:_system_pre_init)
                  0000231c    00000004                                   : exit.c.obj (.text:abort:abort)

.const     0    00002320    000005b4     
                  00002320    000001f8     main.obj (.const:.string:termometro)
                  00002518    000001e0     Nokia5110.obj (.const:ASCII)
                  000026f8    00000070     Nokia5110.obj (.const:.string:$P$T0$1)
                  00002768    00000070     driverlib.lib : interrupt.obj (.const)
                  000027d8    00000018     main.obj (.const:.string:cinco)
                  000027f0    00000018     main.obj (.const:.string:dois)
                  00002808    00000018     main.obj (.const:.string:nove)
                  00002820    00000018     main.obj (.const:.string:oito)
                  00002838    00000018     main.obj (.const:.string:quatro)
                  00002850    00000018     main.obj (.const:.string:seis)
                  00002868    00000018     main.obj (.const:.string:sete)
                  00002880    00000018     main.obj (.const:.string:tres)
                  00002898    00000018     main.obj (.const:.string:um)
                  000028b0    00000018     main.obj (.const:.string:zero)
                  000028c8    00000008     Nokia5110.obj (.const:.string:Masks)
                  000028d0    00000002     main.obj (.const:.string:dois_pontos)
                  000028d2    00000002     main.obj (.const:.string:ponto)

.cinit     0    000028d8    00000080     
                  000028d8    00000057     (.cinit..data.load) [load image, compression = lzss]
                  0000292f    00000001     --HOLE-- [fill = 0]
                  00002930    0000000c     (__TI_handler_table)
                  0000293c    00000004     --HOLE-- [fill = 0]
                  00002940    00000008     (.cinit..bss.load) [load image, compression = zero_init]
                  00002948    00000010     (__TI_cinit_table)

.init_array 
*          0    00000000    00000000     UNINITIALIZED

.bss       0    20000000    00000220     UNINITIALIZED
                  20000000    000001f8     (.common:Screen)
                  200001f8    00000020     (.common:ui32ADC0Value)
                  20000218    00000004     (.common:ui32TempAvg)
                  2000021c    00000004     (.common:ui32TempValueC)

.data      0    20000420    000000a0     UNINITIALIZED
                  20000420    00000078     main.obj (.data)
                  20000498    00000028     main.obj (.data:numeros_t)

.stack     0    20000220    00000200     UNINITIALIZED
                  20000220    00000004     rtsv7M4_T_le_v4SPD16_eabi.lib : boot_cortex_m.c.obj (.stack)
                  20000224    000001fc     --HOLE--

MODULE SUMMARY

       Module                         code   ro data   rw data
       ------                         ----   -------   -------
    ./
       main.obj                       3680   748       200    
       Nokia5110.obj                  2772   600       504    
       tm4c1232h6pm_startup_ccs.obj   12     620       0      
    +--+------------------------------+------+---------+---------+
       Total:                         6464   1968      704    
                                                              
    /home/freitas/ti/TivaWare_C_Series-2.1.4.178/driverlib/ccs/Debug/driverlib.lib
       gpio.obj                       378    0         0      
       adc.obj                        310    0         0      
       sysctl.obj                     302    0         0      
       interrupt.obj                  120    112       0      
       timer.obj                      206    0         0      
       systick.obj                    56     0         0      
       cpu.obj                        12     0         0      
    +--+------------------------------+------+---------+---------+
       Total:                         1384   112       0      
                                                              
    /opt/ti/ccsv8/tools/compiler/ti-cgt-arm_18.1.5.LTS/lib/rtsv7M4_T_le_v4SPD16_eabi.lib
       memcpy_t2.asm.obj              156    0         0      
       copy_decompress_lzss.c.obj     104    0         0      
       i_divt2.asm.obj                94     0         0      
       autoinit.c.obj                 68     0         0      
       boot_cortex_m.c.obj            56     0         0      
       copy_zero_init.c.obj           18     0         0      
       copy_decompress_none.c.obj     14     0         0      
       exit.c.obj                     4      0         0      
       pre_init.c.obj                 4      0         0      
       div0.asm.obj                   2      0         0      
    +--+------------------------------+------+---------+---------+
       Total:                         520    0         0      
                                                              
       Stack:                         0      0         512    
       Linker Generated:              0      123       0      
    +--+------------------------------+------+---------+---------+
       Grand Total:                   8368   2203      1216   


LINKER GENERATED COPY TABLES

__TI_cinit_table @ 00002948 records: 2, size/record: 8, table size: 16
	.data: load addr=000028d8, load size=00000057 bytes, run addr=20000420, run size=000000a0 bytes, compression=lzss
	.bss: load addr=00002940, load size=00000008 bytes, run addr=20000000, run size=00000220 bytes, compression=zero_init


LINKER GENERATED HANDLER TABLE

__TI_handler_table @ 00002930 records: 3, size/record: 4, table size: 12
	index: 0, handler: __TI_decompress_lzss
	index: 1, handler: __TI_decompress_none
	index: 2, handler: __TI_zero_init


GLOBAL SYMBOLS: SORTED ALPHABETICALLY BY Name 

address   name                          
-------   ----                          
00000ed5  ADC0handler                   
000022ff  ADCIntClear                   
000022bd  ADCIntDisable                 
0000228d  ADCIntEnable                  
00002211  ADCProcessorTrigger           
000020c9  ADCSequenceConfigure          
000021f3  ADCSequenceDataGet            
000022cb  ADCSequenceEnable             
00001e65  ADCSequenceStepConfigure      
00000ac5  ADC_config                    
0000231d  C$$EXIT                       
000022e7  CPUcpsie                      
20000424  Celta                         
00000dc9  Clock_B_F                     
000021c9  GPIODirModeSet                
00001ba1  GPIOPadConfigSet              
00002229  GPIOPinTypeGPIOOutput         
00002309  GPIOPinWrite                  
00001ee1  IntEnable                     
0000229d  IntMasterEnable               
00000971  LedAzul                       
00000959  LedVerde                      
00000941  LedVermelho                   
000028c8  Masks                         
00001515  Nokia5110_Clear               
00001771  Nokia5110_ClearBuffer         
000017a5  Nokia5110_ClrPxl              
0000179b  Nokia5110_DisplayBuffer       
00001545  Nokia5110_DrawFullImage       
00001a1b  Nokia5110_DrawImage           
00001a65  Nokia5110_DrawImage_status    
0000113b  Nokia5110_Init                
00001255  Nokia5110_OutChar             
00001295  Nokia5110_OutString           
000012c1  Nokia5110_OutUDec             
0000158d  Nokia5110_PrintBMP            
000017fd  Nokia5110_PrintBMP2           
000014c5  Nokia5110_SetCursor           
000017d7  Nokia5110_SetPxl              
000018b5  Nokia5110_SetPxl_status       
000018e1  Nokia5110_img                 
00001981  Nokia5110_img_16              
000022f3  ResetISR                      
20000000  Screen                        
00001cd5  SysCtlClockSet                
0000230f  SysCtlDelay                   
00002195  SysCtlPeripheralEnable        
00002241  SysTickEnable                 
00002255  SysTickIntEnable              
000022ad  SysTickPeriodSet              
00000f21  Systickhandler                
2000047c  T1                            
20000480  T2                            
20000484  T3                            
0000101f  Timer0IntHandler              
00001fb1  TimerConfigure                
00002071  TimerControlTrigger           
00002315  TimerIntClear                 
00002269  TimerLoadSet                  
20000420  __STACK_END                   
00000200  __STACK_SIZE                  
20000420  __STACK_TOP                   
00002948  __TI_CINIT_Base               
00002958  __TI_CINIT_Limit              
00002930  __TI_Handler_Table_Base       
0000293c  __TI_Handler_Table_Limit      
00002119  __TI_auto_init_nobinit_nopinit
00001f49  __TI_decompress_lzss          
000022d9  __TI_decompress_none          
ffffffff  __TI_pprof_out_hndl           
ffffffff  __TI_prof_data_size           
ffffffff  __TI_prof_data_start          
00000000  __TI_static_base__            
0000227b  __TI_zero_init_nomemset       
00002011  __aeabi_idiv                  
00001cd3  __aeabi_idiv0                 
00002011  __aeabi_idivmod               
00001cd3  __aeabi_ldiv0                 
00001dc9  __aeabi_memcpy                
00001dc9  __aeabi_memcpy4               
00001dc9  __aeabi_memcpy8               
ffffffff  __binit__                     
ffffffff  __c_args__                    
UNDEFED   __mpu_init                    
20000220  __stack                       
0000215d  _c_int00_noargs               
UNDEFED   _system_post_cinit            
00002319  _system_pre_init              
0000231d  abort                         
000006e1  atual_temp_display            
ffffffff  binit                         
000027d8  cinco                         
00000d97  config_Timer                  
20000448  ctd                           
2000044c  ctd2                          
20000468  ctd_relogio                   
20000488  ctd_tela1                     
20000474  ctd_tela3                     
20000470  ctd_trasicao                  
00000919  define_hoarario               
000027f0  dois                          
000028d0  dois_pontos                   
2000046c  ein_minute                    
00000000  g_pfnVectors                  
20000450  h1                            
20000454  h2                            
20000420  i                             
20000458  m1                            
2000045c  m2                            
00000e09  main                          
0000026d  max_temp_display              
00001dc9  memcpy                        
00000499  min_temp_display              
20000428  n1                            
20000438  n1_t                          
2000042c  n2                            
2000043c  n2_t                          
20000430  n3                            
20000440  n3_t                          
20000434  n4                            
20000444  n4_t                          
00002808  nove                          
20000498  numeros_t                     
00002820  oito                          
00000db7  pinos_Led_RGB                 
000028d2  ponto                         
20000478  qual_tela                     
00002838  quatro                        
00000cfb  relogio                       
00002850  seis                          
00000995  setTemperatura                
00002868  sete                          
20000464  systick_cronometro            
20000460  systick_relogio               
2000048c  temp_atual                    
20000494  temp_max                      
20000490  temp_min                      
00000b3d  temperatura_calc              
00002320  termometro                    
00002880  tres                          
200001f8  ui32ADC0Value                 
20000218  ui32TempAvg                   
2000021c  ui32TempValueC                
00002898  um                            
00000c75  verifica_horario              
00000b99  verifica_temp                 
000028b0  zero                          


GLOBAL SYMBOLS: SORTED BY Symbol Address 

address   name                          
-------   ----                          
00000000  __TI_static_base__            
00000000  g_pfnVectors                  
00000200  __STACK_SIZE                  
0000026d  max_temp_display              
00000499  min_temp_display              
000006e1  atual_temp_display            
00000919  define_hoarario               
00000941  LedVermelho                   
00000959  LedVerde                      
00000971  LedAzul                       
00000995  setTemperatura                
00000ac5  ADC_config                    
00000b3d  temperatura_calc              
00000b99  verifica_temp                 
00000c75  verifica_horario              
00000cfb  relogio                       
00000d97  config_Timer                  
00000db7  pinos_Led_RGB                 
00000dc9  Clock_B_F                     
00000e09  main                          
00000ed5  ADC0handler                   
00000f21  Systickhandler                
0000101f  Timer0IntHandler              
0000113b  Nokia5110_Init                
00001255  Nokia5110_OutChar             
00001295  Nokia5110_OutString           
000012c1  Nokia5110_OutUDec             
000014c5  Nokia5110_SetCursor           
00001515  Nokia5110_Clear               
00001545  Nokia5110_DrawFullImage       
0000158d  Nokia5110_PrintBMP            
00001771  Nokia5110_ClearBuffer         
0000179b  Nokia5110_DisplayBuffer       
000017a5  Nokia5110_ClrPxl              
000017d7  Nokia5110_SetPxl              
000017fd  Nokia5110_PrintBMP2           
000018b5  Nokia5110_SetPxl_status       
000018e1  Nokia5110_img                 
00001981  Nokia5110_img_16              
00001a1b  Nokia5110_DrawImage           
00001a65  Nokia5110_DrawImage_status    
00001ba1  GPIOPadConfigSet              
00001cd3  __aeabi_idiv0                 
00001cd3  __aeabi_ldiv0                 
00001cd5  SysCtlClockSet                
00001dc9  __aeabi_memcpy                
00001dc9  __aeabi_memcpy4               
00001dc9  __aeabi_memcpy8               
00001dc9  memcpy                        
00001e65  ADCSequenceStepConfigure      
00001ee1  IntEnable                     
00001f49  __TI_decompress_lzss          
00001fb1  TimerConfigure                
00002011  __aeabi_idiv                  
00002011  __aeabi_idivmod               
00002071  TimerControlTrigger           
000020c9  ADCSequenceConfigure          
00002119  __TI_auto_init_nobinit_nopinit
0000215d  _c_int00_noargs               
00002195  SysCtlPeripheralEnable        
000021c9  GPIODirModeSet                
000021f3  ADCSequenceDataGet            
00002211  ADCProcessorTrigger           
00002229  GPIOPinTypeGPIOOutput         
00002241  SysTickEnable                 
00002255  SysTickIntEnable              
00002269  TimerLoadSet                  
0000227b  __TI_zero_init_nomemset       
0000228d  ADCIntEnable                  
0000229d  IntMasterEnable               
000022ad  SysTickPeriodSet              
000022bd  ADCIntDisable                 
000022cb  ADCSequenceEnable             
000022d9  __TI_decompress_none          
000022e7  CPUcpsie                      
000022f3  ResetISR                      
000022ff  ADCIntClear                   
00002309  GPIOPinWrite                  
0000230f  SysCtlDelay                   
00002315  TimerIntClear                 
00002319  _system_pre_init              
0000231d  C$$EXIT                       
0000231d  abort                         
00002320  termometro                    
000027d8  cinco                         
000027f0  dois                          
00002808  nove                          
00002820  oito                          
00002838  quatro                        
00002850  seis                          
00002868  sete                          
00002880  tres                          
00002898  um                            
000028b0  zero                          
000028c8  Masks                         
000028d0  dois_pontos                   
000028d2  ponto                         
00002930  __TI_Handler_Table_Base       
0000293c  __TI_Handler_Table_Limit      
00002948  __TI_CINIT_Base               
00002958  __TI_CINIT_Limit              
20000000  Screen                        
200001f8  ui32ADC0Value                 
20000218  ui32TempAvg                   
2000021c  ui32TempValueC                
20000220  __stack                       
20000420  __STACK_END                   
20000420  __STACK_TOP                   
20000420  i                             
20000424  Celta                         
20000428  n1                            
2000042c  n2                            
20000430  n3                            
20000434  n4                            
20000438  n1_t                          
2000043c  n2_t                          
20000440  n3_t                          
20000444  n4_t                          
20000448  ctd                           
2000044c  ctd2                          
20000450  h1                            
20000454  h2                            
20000458  m1                            
2000045c  m2                            
20000460  systick_relogio               
20000464  systick_cronometro            
20000468  ctd_relogio                   
2000046c  ein_minute                    
20000470  ctd_trasicao                  
20000474  ctd_tela3                     
20000478  qual_tela                     
2000047c  T1                            
20000480  T2                            
20000484  T3                            
20000488  ctd_tela1                     
2000048c  temp_atual                    
20000490  temp_min                      
20000494  temp_max                      
20000498  numeros_t                     
ffffffff  __TI_pprof_out_hndl           
ffffffff  __TI_prof_data_size           
ffffffff  __TI_prof_data_start          
ffffffff  __binit__                     
ffffffff  __c_args__                    
ffffffff  binit                         
UNDEFED   __mpu_init                    
UNDEFED   _system_post_cinit            

[147 symbols]
