******************************************************************************
                  TI ARM Linker PC v20.2.5                     
******************************************************************************
>> Linked Sat Jul 23 22:58:29 2022

OUTPUT FILE NAME:   <ProjetoFinal1.out>
ENTRY POINT SYMBOL: "_c_int00_noargs"  address: 00002021


MEMORY CONFIGURATION

         name            origin    length      used     unused   attr    fill
----------------------  --------  ---------  --------  --------  ----  --------
  FLASH                 00000000   00040000  00002cb3  0003d34d  R  X
  SRAM                  20000000   00008000  0000069c  00007964  RW X


SEGMENT ALLOCATION MAP

run origin  load origin   length   init length attrs members
----------  ----------- ---------- ----------- ----- -------
00000000    00000000    00002cb8   00002cb8    r-x
  00000000    00000000    0000026c   0000026c    r-- .intvecs
  0000026c    0000026c    00001ec4   00001ec4    r-x .text
  00002130    00002130    00000b2b   00000b2b    r-- .const
  00002c60    00002c60    00000058   00000058    r-- .cinit
20000000    20000000    000006a0   00000000    rw-
  20000000    20000000    0000026c   00000000    rw- .vtable
  20000270    20000270    00000200   00000000    rw- .stack
  20000470    20000470    000001f8   00000000    rw- .bss
  20000668    20000668    00000038   00000000    rw- .data


SECTION ALLOCATION MAP

 output                                  attributes/
section   page    origin      length       input sections
--------  ----  ----------  ----------   ----------------
.intvecs   0    00000000    0000026c     
                  00000000    0000026c     tm4c123gh6pm_startup_ccs.obj (.intvecs)

.text      0    0000026c    00001ec4     
                  0000026c    00000b9c     main.obj (.text)
                  00000e08    00000b8c     Nokia5110.obj (.text)
                  00001994    00000132     driverlib.lib : gpio.obj (.text:GPIOPadConfigSet)
                  00001ac6    00000002                   : interrupt.obj (.text:_IntDefaultHandler)
                  00001ac8    00000110                   : sysctl.obj (.text:SysCtlClockGet)
                  00001bd8    000000f4                   : sysctl.obj (.text:SysCtlClockSet)
                  00001ccc    0000009c     rtsv7M4_T_le_v4SPD16_eabi.lib : memcpy_t2.asm.obj (.text)
                  00001d68    0000007a                                   : memset_t2.asm.obj (.text)
                  00001de2    00000002                                   : _lock.c.obj (.text:_nop)
                  00001de4    00000068     driverlib.lib : interrupt.obj (.text:IntDisable)
                  00001e4c    00000068                   : interrupt.obj (.text:IntEnable)
                  00001eb4    00000068     rtsv7M4_T_le_v4SPD16_eabi.lib : copy_decompress_lzss.c.obj (.text:decompress:lzss:__TI_decompress_lzss)
                  00001f1c    00000056     driverlib.lib : gpio.obj (.text:GPIOIntTypeSet)
                  00001f72    00000002     --HOLE-- [fill = 0]
                  00001f74    00000044     rtsv7M4_T_le_v4SPD16_eabi.lib : autoinit.c.obj (.text:__TI_auto_init_nobinit_nopinit:__TI_auto_init_nobinit_nopinit)
                  00001fb8    00000034     driverlib.lib : interrupt.obj (.text:IntRegister)
                  00001fec    00000034                   : sysctl.obj (.text:SysCtlPeripheralEnable)
                  00002020    00000034     rtsv7M4_T_le_v4SPD16_eabi.lib : boot_cortex_m.c.obj (.text:_c_int00_noargs:_c_int00_noargs)
                  00002054    00000034                                   : rand.c.obj (.text:rand)
                  00002088    0000002a     driverlib.lib : gpio.obj (.text:GPIODirModeSet)
                  000020b2    00000002     --HOLE-- [fill = 0]
                  000020b4    00000014                   : interrupt.obj (.text:IntUnregister)
                  000020c8    00000010                   : interrupt.obj (.text:IntMasterEnable)
                  000020d8    0000000e     rtsv7M4_T_le_v4SPD16_eabi.lib : copy_decompress_none.c.obj (.text:decompress:none:__TI_decompress_none)
                  000020e6    0000000c     driverlib.lib : cpu.obj (.text:CPUcpsie)
                  000020f2    0000000c                   : gpio.obj (.text:GPIOIntEnable)
                  000020fe    0000000c     rtsv7M4_T_le_v4SPD16_eabi.lib : copy_zero_init.c.obj (.text:decompress:ZI:__TI_zero_init)
                  0000210a    0000000c     tm4c123gh6pm_startup_ccs.obj (.text)
                  00002116    00000006     driverlib.lib : gpio.obj (.text:GPIOIntClear)
                  0000211c    00000006                   : gpio.obj (.text:GPIOPinRead)
                  00002122    00000006                   : sysctl.obj (.text:SysCtlDelay)
                  00002128    00000004     rtsv7M4_T_le_v4SPD16_eabi.lib : pre_init.c.obj (.text:_system_pre_init)
                  0000212c    00000004                                   : exit.c.obj (.text:abort:abort)

.const     0    00002130    00000b2b     
                  00002130    000001f8     main.obj (.const:.string:gameoverbitmap)
                  00002328    000001f8     main.obj (.const:.string:instrucoes)
                  00002520    000001f8     main.obj (.const:.string:maze)
                  00002718    000001e0     Nokia5110.obj (.const:ASCII)
                  000028f8    00000070     Nokia5110.obj (.const:.string:$P$T0$1)
                  00002968    00000070     driverlib.lib : interrupt.obj (.const)
                  000029d8    0000006c                   : sysctl.obj (.const:g_pui32Xtals)
                  00002a44    00000060     main.obj (.const:g_ppui32TimerIntMap)
                  00002aa4    0000005d     main.obj (.const:.string:elefante)
                  00002b01    0000005d     main.obj (.const:.string:elefpulando)
                  00002b5e    00000054     main.obj (.const:.string:chao)
                  00002bb2    00000002     --HOLE-- [fill = 0]
                  00002bb4    00000040     main.obj (.const:g_ppui32TimerIntMapSnowflake)
                  00002bf4    0000003e     main.obj (.const:.string:elefante_rebaixado)
                  00002c32    00000014     main.obj (.const:.string:ratinho)
                  00002c46    0000000a     main.obj (.const:.string:flecha)
                  00002c50    00000008     Nokia5110.obj (.const:.string:Masks)
                  00002c58    00000003     main.obj (.const:.string:seta_direita)

.cinit     0    00002c60    00000058     
                  00002c60    0000001d     (.cinit..data.load) [load image, compression = lzss]
                  00002c7d    00000003     --HOLE-- [fill = 0]
                  00002c80    0000000c     (__TI_handler_table)
                  00002c8c    00000004     --HOLE-- [fill = 0]
                  00002c90    00000008     (.cinit..bss.load) [load image, compression = zero_init]
                  00002c98    00000008     (.cinit..vtable.load) [load image, compression = zero_init]
                  00002ca0    00000018     (__TI_cinit_table)

.init_array 
*          0    00000000    00000000     UNINITIALIZED

.vtable    0    20000000    0000026c     UNINITIALIZED
                  20000000    0000026c     driverlib.lib : interrupt.obj (.vtable)

.bss       0    20000470    000001f8     UNINITIALIZED
                  20000470    000001f8     (.common:Screen)

.data      0    20000668    00000038     UNINITIALIZED
                  20000668    0000002c     main.obj (.data)
                  20000694    00000008     rtsv7M4_T_le_v4SPD16_eabi.lib : _lock.c.obj (.data:$O1$$)
                  2000069c    00000004                                   : rand.c.obj (.data)

.stack     0    20000270    00000200     UNINITIALIZED
                  20000270    00000004     rtsv7M4_T_le_v4SPD16_eabi.lib : boot_cortex_m.c.obj (.stack)
                  20000274    000001fc     --HOLE--

__llvm_prf_cnts 
*          0    20000000    00000000     UNINITIALIZED

MODULE SUMMARY

       Module                         code   ro data   rw data
       ------                         ----   -------   -------
    .\
       main.obj                       2972   2037      44     
       Nokia5110.obj                  2956   600       504    
       tm4c123gh6pm_startup_ccs.obj   12     620       0      
    +--+------------------------------+------+---------+---------+
       Total:                         5940   3257      548    
                                                              
    C:/ti/ccs1120/TivaWare_C_Series-2.1.4.178/driverlib/ccs/Debug/driverlib.lib
       interrupt.obj                  298    112       620    
       sysctl.obj                     574    108       0      
       gpio.obj                       458    0         0      
       cpu.obj                        12     0         0      
    +--+------------------------------+------+---------+---------+
       Total:                         1342   220       620    
                                                              
    C:\ti\ccs1120\ccs\tools\compiler\ti-cgt-arm_20.2.5.LTS\lib\rtsv7M4_T_le_v4SPD16_eabi.lib
       memcpy_t2.asm.obj              156    0         0      
       memset_t2.asm.obj              122    0         0      
       copy_decompress_lzss.c.obj     104    0         0      
       autoinit.c.obj                 68     0         0      
       rand.c.obj                     52     0         4      
       boot_cortex_m.c.obj            52     0         0      
       copy_decompress_none.c.obj     14     0         0      
       copy_zero_init.c.obj           12     0         0      
       _lock.c.obj                    2      0         8      
       exit.c.obj                     4      0         0      
       pre_init.c.obj                 4      0         0      
    +--+------------------------------+------+---------+---------+
       Total:                         590    0         12     
                                                              
       Stack:                         0      0         512    
       Linker Generated:              0      81        0      
    +--+------------------------------+------+---------+---------+
       Grand Total:                   7872   3558      1692   


LINKER GENERATED COPY TABLES

__TI_cinit_table @ 00002ca0 records: 3, size/record: 8, table size: 24
	.data: load addr=00002c60, load size=0000001d bytes, run addr=20000668, run size=00000038 bytes, compression=lzss
	.bss: load addr=00002c90, load size=00000008 bytes, run addr=20000470, run size=000001f8 bytes, compression=zero_init
	.vtable: load addr=00002c98, load size=00000008 bytes, run addr=20000000, run size=0000026c bytes, compression=zero_init


LINKER GENERATED HANDLER TABLE

__TI_handler_table @ 00002c80 records: 3, size/record: 4, table size: 12
	index: 0, handler: __TI_zero_init
	index: 1, handler: __TI_decompress_lzss
	index: 2, handler: __TI_decompress_none


GLOBAL SYMBOLS: SORTED ALPHABETICALLY BY Name 

address   name                          
-------   ----                          
0000212d  C$$EXIT                       
000020e7  CPUcpsie                      
00002089  GPIODirModeSet                
00002117  GPIOIntClear                  
000020f3  GPIOIntEnable                 
00001f1d  GPIOIntTypeSet                
00001995  GPIOPadConfigSet              
0000211d  GPIOPinRead                   
00001de5  IntDisable                    
00001e4d  IntEnable                     
000020c9  IntMasterEnable               
00000c59  IntPortalF                    
00001fb9  IntRegister                   
000020b5  IntUnregister                 
00002c50  Masks                         
00001251  Nokia5110_Clear               
000018d9  Nokia5110_ClearBitmap         
000014ad  Nokia5110_ClearBuffer         
00001963  Nokia5110_ClearPixel          
000014e1  Nokia5110_ClrPxl              
000014d7  Nokia5110_DisplayBuffer       
00001281  Nokia5110_DrawFullImage       
00001757  Nokia5110_DrawImage           
000017a1  Nokia5110_DrawImage_status    
00000e77  Nokia5110_Init                
00000f91  Nokia5110_OutChar             
00000fd1  Nokia5110_OutString           
00000ffd  Nokia5110_OutUDec             
000012c9  Nokia5110_PrintBMP            
00001539  Nokia5110_PrintBMP2           
00001201  Nokia5110_SetCursor           
00001513  Nokia5110_SetPxl              
000015f1  Nokia5110_SetPxl_status       
0000161d  Nokia5110_img                 
000016bd  Nokia5110_img_16              
0000210b  ResetISR                      
20000470  Screen                        
00001ac9  SysCtlClockGet                
00001bd9  SysCtlClockSet                
00002123  SysCtlDelay                   
00001fed  SysCtlPeripheralEnable        
00000993  Timer0IntHandler              
00000b1d  Timer1IntHandler              
0000082d  TimerADCEventGet              
0000081b  TimerADCEventSet              
00000551  TimerClockSourceGet           
00000527  TimerClockSourceSet           
0000031b  TimerConfigure                
0000043b  TimerControlEvent             
00000397  TimerControlLevel             
00000465  TimerControlStall             
000003cd  TimerControlTrigger           
0000049b  TimerControlWaitOnTrigger     
0000084d  TimerDMAEventGet              
0000083b  TimerDMAEventSet              
000002fd  TimerDisable                  
000002df  TimerEnable                   
000007f7  TimerIntClear                 
000007c1  TimerIntDisable               
000007a9  TimerIntEnable                
00000763  TimerIntRegister              
000007d9  TimerIntStatus                
0000078b  TimerIntUnregister            
0000061b  TimerLoadGet                  
00000651  TimerLoadGet64                
000005f1  TimerLoadSet                  
00000637  TimerLoadSet64                
000006fb  TimerMatchGet                 
00000731  TimerMatchGet64               
000006d1  TimerMatchSet                 
00000717  TimerMatchSet64               
0000058b  TimerPrescaleGet              
000005d5  TimerPrescaleMatchGet         
000005a7  TimerPrescaleMatchSet         
00000561  TimerPrescaleSet              
00000511  TimerRTCDisable               
000004fb  TimerRTCEnable                
00000809  TimerSynchronize              
0000085b  TimerUpdateMode               
00000683  TimerValueGet                 
0000069f  TimerValueGet64               
20000470  __STACK_END                   
00000200  __STACK_SIZE                  
20000470  __STACK_TOP                   
00002ca0  __TI_CINIT_Base               
00002cb8  __TI_CINIT_Limit              
00002c80  __TI_Handler_Table_Base       
00002c8c  __TI_Handler_Table_Limit      
00001f75  __TI_auto_init_nobinit_nopinit
00001eb5  __TI_decompress_lzss          
000020d9  __TI_decompress_none          
ffffffff  __TI_pprof_out_hndl           
ffffffff  __TI_prof_data_size           
ffffffff  __TI_prof_data_start          
00000000  __TI_static_base__            
000020ff  __TI_zero_init                
00001d69  __aeabi_memclr                
00001d69  __aeabi_memclr4               
00001d69  __aeabi_memclr8               
00001ccd  __aeabi_memcpy                
00001ccd  __aeabi_memcpy4               
00001ccd  __aeabi_memcpy8               
00001d6b  __aeabi_memset                
00001d6b  __aeabi_memset4               
00001d6b  __aeabi_memset8               
ffffffff  __binit__                     
ffffffff  __c_args__                    
UNDEFED   __mpu_init                    
20000270  __stack                       
20000000  __start___llvm_prf_cnts       
20000000  __stop___llvm_prf_cnts        
00002021  _c_int00_noargs               
20000694  _lock                         
00001de3  _nop                          
UNDEFED   _system_post_cinit            
00002129  _system_pre_init              
20000698  _unlock                       
0000212d  abort                         
ffffffff  binit                         
00002b5e  chao                          
00002aa4  elefante                      
00002bf4  elefante_rebaixado            
00002b01  elefpulando                   
000009bf  escolhe_inimigo               
00002c46  flecha                        
20000000  g_pfnRAMVectors               
00000000  g_pfnVectors                  
00002130  gameoverbitmap                
20000684  ingame                        
00000b09  inimigo                       
00002328  instrucoes                    
00000b2d  instruct                      
00000d35  main                          
00002520  maze                          
00001ccd  memcpy                        
00001d71  memset                        
20000668  perdeu                        
20000670  pontuacao                     
00000b71  print_abaixado                
00000b41  print_andando                 
000009ab  print_gameover                
000009dd  print_inimigo1                
00000a73  print_inimigo2                
00000c25  print_menu_inicial2           
00000911  print_pontuacao               
00000bbd  print_pulando                 
00002055  rand                          
00002c32  ratinho                       
2000066c  select                        
00000bf9  setaDireita                   
00002c58  seta_direita                  
000008af  start                         
00000967  timer_configure               
20000674  x                             
20000678  y                             


GLOBAL SYMBOLS: SORTED BY Symbol Address 

address   name                          
-------   ----                          
00000000  __TI_static_base__            
00000000  g_pfnVectors                  
00000200  __STACK_SIZE                  
000002df  TimerEnable                   
000002fd  TimerDisable                  
0000031b  TimerConfigure                
00000397  TimerControlLevel             
000003cd  TimerControlTrigger           
0000043b  TimerControlEvent             
00000465  TimerControlStall             
0000049b  TimerControlWaitOnTrigger     
000004fb  TimerRTCEnable                
00000511  TimerRTCDisable               
00000527  TimerClockSourceSet           
00000551  TimerClockSourceGet           
00000561  TimerPrescaleSet              
0000058b  TimerPrescaleGet              
000005a7  TimerPrescaleMatchSet         
000005d5  TimerPrescaleMatchGet         
000005f1  TimerLoadSet                  
0000061b  TimerLoadGet                  
00000637  TimerLoadSet64                
00000651  TimerLoadGet64                
00000683  TimerValueGet                 
0000069f  TimerValueGet64               
000006d1  TimerMatchSet                 
000006fb  TimerMatchGet                 
00000717  TimerMatchSet64               
00000731  TimerMatchGet64               
00000763  TimerIntRegister              
0000078b  TimerIntUnregister            
000007a9  TimerIntEnable                
000007c1  TimerIntDisable               
000007d9  TimerIntStatus                
000007f7  TimerIntClear                 
00000809  TimerSynchronize              
0000081b  TimerADCEventSet              
0000082d  TimerADCEventGet              
0000083b  TimerDMAEventSet              
0000084d  TimerDMAEventGet              
0000085b  TimerUpdateMode               
000008af  start                         
00000911  print_pontuacao               
00000967  timer_configure               
00000993  Timer0IntHandler              
000009ab  print_gameover                
000009bf  escolhe_inimigo               
000009dd  print_inimigo1                
00000a73  print_inimigo2                
00000b09  inimigo                       
00000b1d  Timer1IntHandler              
00000b2d  instruct                      
00000b41  print_andando                 
00000b71  print_abaixado                
00000bbd  print_pulando                 
00000bf9  setaDireita                   
00000c25  print_menu_inicial2           
00000c59  IntPortalF                    
00000d35  main                          
00000e77  Nokia5110_Init                
00000f91  Nokia5110_OutChar             
00000fd1  Nokia5110_OutString           
00000ffd  Nokia5110_OutUDec             
00001201  Nokia5110_SetCursor           
00001251  Nokia5110_Clear               
00001281  Nokia5110_DrawFullImage       
000012c9  Nokia5110_PrintBMP            
000014ad  Nokia5110_ClearBuffer         
000014d7  Nokia5110_DisplayBuffer       
000014e1  Nokia5110_ClrPxl              
00001513  Nokia5110_SetPxl              
00001539  Nokia5110_PrintBMP2           
000015f1  Nokia5110_SetPxl_status       
0000161d  Nokia5110_img                 
000016bd  Nokia5110_img_16              
00001757  Nokia5110_DrawImage           
000017a1  Nokia5110_DrawImage_status    
000018d9  Nokia5110_ClearBitmap         
00001963  Nokia5110_ClearPixel          
00001995  GPIOPadConfigSet              
00001ac9  SysCtlClockGet                
00001bd9  SysCtlClockSet                
00001ccd  __aeabi_memcpy                
00001ccd  __aeabi_memcpy4               
00001ccd  __aeabi_memcpy8               
00001ccd  memcpy                        
00001d69  __aeabi_memclr                
00001d69  __aeabi_memclr4               
00001d69  __aeabi_memclr8               
00001d6b  __aeabi_memset                
00001d6b  __aeabi_memset4               
00001d6b  __aeabi_memset8               
00001d71  memset                        
00001de3  _nop                          
00001de5  IntDisable                    
00001e4d  IntEnable                     
00001eb5  __TI_decompress_lzss          
00001f1d  GPIOIntTypeSet                
00001f75  __TI_auto_init_nobinit_nopinit
00001fb9  IntRegister                   
00001fed  SysCtlPeripheralEnable        
00002021  _c_int00_noargs               
00002055  rand                          
00002089  GPIODirModeSet                
000020b5  IntUnregister                 
000020c9  IntMasterEnable               
000020d9  __TI_decompress_none          
000020e7  CPUcpsie                      
000020f3  GPIOIntEnable                 
000020ff  __TI_zero_init                
0000210b  ResetISR                      
00002117  GPIOIntClear                  
0000211d  GPIOPinRead                   
00002123  SysCtlDelay                   
00002129  _system_pre_init              
0000212d  C$$EXIT                       
0000212d  abort                         
00002130  gameoverbitmap                
00002328  instrucoes                    
00002520  maze                          
00002aa4  elefante                      
00002b01  elefpulando                   
00002b5e  chao                          
00002bf4  elefante_rebaixado            
00002c32  ratinho                       
00002c46  flecha                        
00002c50  Masks                         
00002c58  seta_direita                  
00002c80  __TI_Handler_Table_Base       
00002c8c  __TI_Handler_Table_Limit      
00002ca0  __TI_CINIT_Base               
00002cb8  __TI_CINIT_Limit              
20000000  __start___llvm_prf_cnts       
20000000  __stop___llvm_prf_cnts        
20000000  g_pfnRAMVectors               
20000270  __stack                       
20000470  Screen                        
20000470  __STACK_END                   
20000470  __STACK_TOP                   
20000668  perdeu                        
2000066c  select                        
20000670  pontuacao                     
20000674  x                             
20000678  y                             
20000684  ingame                        
20000694  _lock                         
20000698  _unlock                       
ffffffff  __TI_pprof_out_hndl           
ffffffff  __TI_prof_data_size           
ffffffff  __TI_prof_data_start          
ffffffff  __binit__                     
ffffffff  __c_args__                    
ffffffff  binit                         
UNDEFED   __mpu_init                    
UNDEFED   _system_post_cinit            

[155 symbols]
