******************************************************************************
                  TI ARM Linker Unix v18.1.5                   
******************************************************************************
>> Linked Mon May  6 23:01:44 2019

OUTPUT FILE NAME:   <lab5.out>
ENTRY POINT SYMBOL: "_c_int00_noargs"  address: 00000c0d


MEMORY CONFIGURATION

         name            origin    length      used     unused   attr    fill
----------------------  --------  ---------  --------  --------  ----  --------
  FLASH                 00000000   00040000  00000cde  0003f322  R  X
  SRAM                  20000000   00008000  000002a0  00007d60  RW X


SEGMENT ALLOCATION MAP

run origin  load origin   length   init length attrs members
----------  ----------- ---------- ----------- ----- -------
00000000    00000000    00000ce0   00000ce0    r-x
  00000000    00000000    0000026c   0000026c    r-- .intvecs
  0000026c    0000026c    000009fa   000009fa    r-x .text
  00000c68    00000c68    00000008   00000008    r-- .const
  00000c70    00000c70    00000070   00000070    r-- .cinit
20000000    20000000    000002a0   00000000    rw-
  20000000    20000000    00000200   00000000    rw- .stack
  20000200    20000200    000000a0   00000000    rw- .data


SECTION ALLOCATION MAP

 output                                  attributes/
section   page    origin      length       input sections
--------  ----  ----------  ----------   ----------------
.intvecs   0    00000000    0000026c     
                  00000000    0000026c     tm4c123gh6pm_startup_ccs.obj (.intvecs)

.text      0    0000026c    000009fa     
                  0000026c    00000858     main.obj (.text)
                  00000ac4    0000009c     rtsv7M4_T_le_v4SPD16_eabi.lib : memcpy_t2.asm.obj (.text)
                  00000b60    00000068                                   : copy_decompress_lzss.c.obj (.text:decompress:lzss:__TI_decompress_lzss)
                  00000bc8    00000044                                   : autoinit.c.obj (.text:__TI_auto_init_nobinit_nopinit:__TI_auto_init_nobinit_nopinit)
                  00000c0c    00000038                                   : boot_cortex_m.c.obj (.text:_c_int00_noargs:_c_int00_noargs)
                  00000c44    0000000e                                   : copy_decompress_none.c.obj (.text:decompress:none:__TI_decompress_none)
                  00000c52    0000000c     tm4c123gh6pm_startup_ccs.obj (.text)
                  00000c5e    00000004     rtsv7M4_T_le_v4SPD16_eabi.lib : pre_init.c.obj (.text:_system_pre_init)
                  00000c62    00000004                                   : exit.c.obj (.text:abort:abort)

.const     0    00000c68    00000008     
                  00000c68    00000008     main.obj (.const)

.cinit     0    00000c70    00000070     
                  00000c70    00000060     (.cinit..data.load) [load image, compression = lzss]
                  00000cd0    00000008     (__TI_handler_table)
                  00000cd8    00000008     (__TI_cinit_table)

.init_array 
*          0    00000000    00000000     UNINITIALIZED

.data      0    20000200    000000a0     UNINITIALIZED
                  20000200    00000050     main.obj (.data)
                  20000250    00000040     main.obj (.data:vector_numbers)
                  20000290    00000010     main.obj (.data:vector_digits)

.stack     0    20000000    00000200     UNINITIALIZED
                  20000000    00000004     rtsv7M4_T_le_v4SPD16_eabi.lib : boot_cortex_m.c.obj (.stack)
                  20000004    000001fc     --HOLE--

MODULE SUMMARY

       Module                         code   ro data   rw data
       ------                         ----   -------   -------
    ./
       main.obj                       2136   8         160    
       tm4c123gh6pm_startup_ccs.obj   12     620       0      
    +--+------------------------------+------+---------+---------+
       Total:                         2148   628       160    
                                                              
    /home/freitasufsc/ti/ccsv8/tools/compiler/ti-cgt-arm_18.1.5.LTS/lib/rtsv7M4_T_le_v4SPD16_eabi.lib
       memcpy_t2.asm.obj              156    0         0      
       copy_decompress_lzss.c.obj     104    0         0      
       autoinit.c.obj                 68     0         0      
       boot_cortex_m.c.obj            56     0         0      
       copy_decompress_none.c.obj     14     0         0      
       exit.c.obj                     4      0         0      
       pre_init.c.obj                 4      0         0      
    +--+------------------------------+------+---------+---------+
       Total:                         406    0         0      
                                                              
       Stack:                         0      0         512    
       Linker Generated:              0      112       0      
    +--+------------------------------+------+---------+---------+
       Grand Total:                   2554   740       672    


LINKER GENERATED COPY TABLES

__TI_cinit_table @ 00000cd8 records: 1, size/record: 8, table size: 8
	.data: load addr=00000c70, load size=00000060 bytes, run addr=20000200, run size=000000a0 bytes, compression=lzss


LINKER GENERATED HANDLER TABLE

__TI_handler_table @ 00000cd0 records: 2, size/record: 4, table size: 8
	index: 0, handler: __TI_decompress_lzss
	index: 1, handler: __TI_decompress_none


GLOBAL SYMBOLS: SORTED ALPHABETICALLY BY Name 

address   name                          
-------   ----                          
00000c63  C$$EXIT                       
00000369  GPIO_escrita                  
00000351  GPIO_leitura                  
00000c53  ResetISR                      
20000200  __STACK_END                   
00000200  __STACK_SIZE                  
20000200  __STACK_TOP                   
00000cd8  __TI_CINIT_Base               
00000ce0  __TI_CINIT_Limit              
00000cd0  __TI_Handler_Table_Base       
00000cd8  __TI_Handler_Table_Limit      
00000bc9  __TI_auto_init_nobinit_nopinit
00000b61  __TI_decompress_lzss          
00000c45  __TI_decompress_none          
ffffffff  __TI_pprof_out_hndl           
ffffffff  __TI_prof_data_size           
ffffffff  __TI_prof_data_start          
00000000  __TI_static_base__            
00000ac5  __aeabi_memcpy                
00000ac5  __aeabi_memcpy4               
00000ac5  __aeabi_memcpy8               
ffffffff  __binit__                     
ffffffff  __c_args__                    
UNDEFED   __mpu_init                    
20000000  __stack                       
00000c0d  _c_int00_noargs               
UNDEFED   _system_post_cinit            
00000c5f  _system_pre_init              
00000c63  abort                         
ffffffff  binit                         
20000220  c                             
0000050b  configInt_GPIO                
000005fd  configPeriodoSystick          
00000691  configuraPeriodoTimer         
00000313  configuraPino_entrada         
000002d5  configuraPino_saida           
0000064f  configuraTimer                
00000931  cronometro                    
2000023c  ctd                           
00000755  debouncer_timer0              
00000783  debouncer_timer1              
20000230  decimo_segundo                
0000026d  delay_system                  
000005eb  desabilitaIntSystick          
000006e1  desabilitaIntTimer            
000005b5  desabilitaInt_GPIO            
00000737  desabilitaTimer               
0000063b  desabilita_periferico_timer   
000003db  digito                        
0000040b  digito_numeros_iguais         
0000043b  digito_ponto_intermitente     
00000885  escreve_4_digitos             
20000234  first                         
00000000  g_pfnVectors                  
20000240  h1                            
20000244  h2                            
000005df  habilitaIntSystick            
000006bb  habilitaIntTimer              
0000058d  habilitaInt_GPIO              
000004ed  habilitaInterrupcao           
000005d3  habilitaSystick               
00000719  habilitaTimer                 
000002c1  habilita_clockGPIO            
000004e3  habilita_interrupcao_global   
00000627  habilita_periferico_timer     
2000022c  i                             
2000021c  j                             
20000224  l                             
00000701  limpaIntTimer                 
0000060f  limpaInt_GPIO                 
00000423  limpa_digito                  
00000457  limpa_diplay                  
000003a3  lock_GPIO                     
20000248  m1                            
2000024c  m2                            
000009c3  main                          
00000ac5  memcpy                        
2000020c  n1                            
20000210  n2                            
20000214  n3                            
20000218  n4                            
000003b5  numero                        
20000228  pause                         
00000483  pontos_intermitentes          
000009ab  relogio                       
00000449  segmento_ponto_intermitente   
20000238  sw2                           
20000204  systick_cronometro            
20000208  systick_relogio               
00000c6c  timer_doopler                 
00000c68  timer_duvidoso_mili_80MHz     
00000493  toggle                        
000007bd  trataIntGPIOF                 
00000835  trataSystick                  
00000845  trataTimer_0                  
00000861  trataTimer_1                  
20000200  um_minuto_catodo              
00000389  unlock_GPIO                   
20000290  vector_digits                 
20000250  vector_numbers                


GLOBAL SYMBOLS: SORTED BY Symbol Address 

address   name                          
-------   ----                          
00000000  __TI_static_base__            
00000000  g_pfnVectors                  
00000200  __STACK_SIZE                  
0000026d  delay_system                  
000002c1  habilita_clockGPIO            
000002d5  configuraPino_saida           
00000313  configuraPino_entrada         
00000351  GPIO_leitura                  
00000369  GPIO_escrita                  
00000389  unlock_GPIO                   
000003a3  lock_GPIO                     
000003b5  numero                        
000003db  digito                        
0000040b  digito_numeros_iguais         
00000423  limpa_digito                  
0000043b  digito_ponto_intermitente     
00000449  segmento_ponto_intermitente   
00000457  limpa_diplay                  
00000483  pontos_intermitentes          
00000493  toggle                        
000004e3  habilita_interrupcao_global   
000004ed  habilitaInterrupcao           
0000050b  configInt_GPIO                
0000058d  habilitaInt_GPIO              
000005b5  desabilitaInt_GPIO            
000005d3  habilitaSystick               
000005df  habilitaIntSystick            
000005eb  desabilitaIntSystick          
000005fd  configPeriodoSystick          
0000060f  limpaInt_GPIO                 
00000627  habilita_periferico_timer     
0000063b  desabilita_periferico_timer   
0000064f  configuraTimer                
00000691  configuraPeriodoTimer         
000006bb  habilitaIntTimer              
000006e1  desabilitaIntTimer            
00000701  limpaIntTimer                 
00000719  habilitaTimer                 
00000737  desabilitaTimer               
00000755  debouncer_timer0              
00000783  debouncer_timer1              
000007bd  trataIntGPIOF                 
00000835  trataSystick                  
00000845  trataTimer_0                  
00000861  trataTimer_1                  
00000885  escreve_4_digitos             
00000931  cronometro                    
000009ab  relogio                       
000009c3  main                          
00000ac5  __aeabi_memcpy                
00000ac5  __aeabi_memcpy4               
00000ac5  __aeabi_memcpy8               
00000ac5  memcpy                        
00000b61  __TI_decompress_lzss          
00000bc9  __TI_auto_init_nobinit_nopinit
00000c0d  _c_int00_noargs               
00000c45  __TI_decompress_none          
00000c53  ResetISR                      
00000c5f  _system_pre_init              
00000c63  C$$EXIT                       
00000c63  abort                         
00000c68  timer_duvidoso_mili_80MHz     
00000c6c  timer_doopler                 
00000cd0  __TI_Handler_Table_Base       
00000cd8  __TI_CINIT_Base               
00000cd8  __TI_Handler_Table_Limit      
00000ce0  __TI_CINIT_Limit              
20000000  __stack                       
20000200  __STACK_END                   
20000200  __STACK_TOP                   
20000200  um_minuto_catodo              
20000204  systick_cronometro            
20000208  systick_relogio               
2000020c  n1                            
20000210  n2                            
20000214  n3                            
20000218  n4                            
2000021c  j                             
20000220  c                             
20000224  l                             
20000228  pause                         
2000022c  i                             
20000230  decimo_segundo                
20000234  first                         
20000238  sw2                           
2000023c  ctd                           
20000240  h1                            
20000244  h2                            
20000248  m1                            
2000024c  m2                            
20000250  vector_numbers                
20000290  vector_digits                 
ffffffff  __TI_pprof_out_hndl           
ffffffff  __TI_prof_data_size           
ffffffff  __TI_prof_data_start          
ffffffff  __binit__                     
ffffffff  __c_args__                    
ffffffff  binit                         
UNDEFED   __mpu_init                    
UNDEFED   _system_post_cinit            

[100 symbols]
